pybullet build time: Sep 19 2026 08:27:33
✅ 既存の重み(ev3way_w1.npy, ev3way_w2.npy)をActorのwarm startとして読み込みました(v9の最終重みを引き継ぎ、log_std/Criticは新規初期化)
開始時点(warm start)の評価: best_reward = 1232.3
  iter   1/2000: rollout平均ep報酬=  -376.4 (エピソード数  4) policy_loss=-0.0545 value_loss=1961.491 entropy=-0.155 (この反復   2.1秒, 累計   0.0分)
  iter   2/2000: rollout平均ep報酬= -1446.8 (エピソード数 10) policy_loss=+0.0205 value_loss=10212.468 entropy=-0.151 (この反復   2.0秒, 累計   0.1分)
  iter   3/2000: rollout平均ep報酬= -1726.2 (エピソード数 12) policy_loss=+0.0391 value_loss=32829.801 entropy=-0.152 (この反復   2.0秒, 累計   0.1分)
  iter   4/2000: rollout平均ep報酬= -1680.1 (エピソード数  8) policy_loss=+0.0855 value_loss=11904.983 entropy=-0.152 (この反復   2.0秒, 累計   0.1分)
  iter   5/2000: rollout平均ep報酬= -1056.5 (エピソード数  6) policy_loss=-0.0935 value_loss=3161.975 entropy=-0.154 (この反復   2.0秒, 累計   0.2分)
    → 決定的方策の評価: best_reward候補 = 999.5 (これまでのベスト = 1232.3)
  iter   6/2000: rollout平均ep報酬= -2229.1 (エピソード数  5) policy_loss=+0.0263 value_loss=8547.829 entropy=-0.152 (この反復   1.9秒, 累計   0.3分)
  iter   7/2000: rollout平均ep報酬=  -121.4 (エピソード数  4) policy_loss=+0.0370 value_loss= 668.454 entropy=-0.170 (この反復   2.0秒, 累計   0.3分)
  iter   8/2000: rollout平均ep報酬=  -311.6 (エピソード数  5) policy_loss=+0.0111 value_loss=2778.250 entropy=-0.181 (この反復   2.0秒, 累計   0.3分)
  iter   9/2000: rollout平均ep報酬= -4683.6 (エピソード数  4) policy_loss=+0.0209 value_loss=13047.160 entropy=-0.181 (この反復   2.0秒, 累計   0.4分)
  iter  10/2000: rollout平均ep報酬= -1396.7 (エピソード数  6) policy_loss=-0.0696 value_loss=5066.685 entropy=-0.182 (この反復   2.0秒, 累計   0.4分)
    → 決定的方策の評価: best_reward候補 = 970.7 (これまでのベスト = 1232.3)
  [checkpoint] これまでのベスト重みを ev3way_w1.npy/ev3way_w2.npy に中間保存しました
  iter  11/2000: rollout平均ep報酬=  -723.1 (エピソード数  6) policy_loss=-0.0508 value_loss=1508.459 entropy=-0.186 (この反復   2.0秒, 累計   0.5分)
  iter  12/2000: rollout平均ep報酬= -2664.3 (エピソード数  4) policy_loss=-0.0649 value_loss=3212.652 entropy=-0.189 (この反復   2.0秒, 累計   0.5分)
  iter  13/2000: rollout平均ep報酬= -4259.4 (エピソード数  4) policy_loss=+0.0609 value_loss=11777.233 entropy=-0.190 (この反復   2.0秒, 累計   0.5分)
  iter  14/2000: rollout平均ep報酬= -1229.9 (エピソード数  4) policy_loss=-0.0660 value_loss=2504.776 entropy=-0.194 (この反復   2.0秒, 累計   0.6分)
  iter  15/2000: rollout平均ep報酬= -1230.4 (エピソード数  5) policy_loss=-0.0818 value_loss=1976.862 entropy=-0.198 (この反復   2.0秒, 累計   0.6分)
    → 決定的方策の評価: best_reward候補 = 956.9 (これまでのベスト = 1232.3)
  iter  16/2000: rollout平均ep報酬=   -33.5 (エピソード数  4) policy_loss=-0.0565 value_loss=  93.903 entropy=-0.278 (この反復   1.9秒, 累計   0.7分)
  iter  17/2000: rollout平均ep報酬=  -835.6 (エピソード数  4) policy_loss=+0.0503 value_loss= 934.728 entropy=-0.293 (この反復   2.2秒, 累計   0.7分)
  iter  18/2000: rollout平均ep報酬= -2140.8 (エピソード数  4) policy_loss=-0.0293 value_loss=7400.329 entropy=-0.293 (この反復   2.4秒, 累計   0.8分)
  iter  19/2000: rollout平均ep報酬= -1718.1 (エピソード数  4) policy_loss=+0.0545 value_loss=3040.353 entropy=-0.299 (この反復   1.8秒, 累計   0.8分)
  iter  20/2000: rollout平均ep報酬=   -98.2 (エピソード数  4) policy_loss=-0.0472 value_loss= 171.328 entropy=-0.353 (この反復   2.1秒, 累計   0.8分)
    → 決定的方策の評価: best_reward候補 = 1014.8 (これまでのベスト = 1232.3)
  [checkpoint] これまでのベスト重みを ev3way_w1.npy/ev3way_w2.npy に中間保存しました
  iter  21/2000: rollout平均ep報酬=  -255.6 (エピソード数  4) policy_loss=+0.0094 value_loss= 439.146 entropy=-0.376 (この反復   2.0秒, 累計   0.9分)
  iter  22/2000: rollout平均ep報酬=  -286.9 (エピソード数  5) policy_loss=-0.0387 value_loss= 810.304 entropy=-0.387 (この反復   2.4秒, 累計   0.9分)
  iter  23/2000: rollout平均ep報酬=   511.1 (エピソード数  4) policy_loss=-0.0362 value_loss=  24.339 entropy=-0.401 (この反復   3.7秒, 累計   1.0分)
  iter  24/2000: rollout平均ep報酬=   146.9 (エピソード数  4) policy_loss=+0.0161 value_loss= 150.174 entropy=-0.418 (この反復   2.7秒, 累計   1.0分)
  iter  25/2000: rollout平均ep報酬=   579.9 (エピソード数  4) policy_loss=+0.0685 value_loss=  55.113 entropy=-0.456 (この反復   2.3秒, 累計   1.1分)
    → 決定的方策の評価: best_reward候補 = 958.8 (これまでのベスト = 1232.3)
  iter  26/2000: rollout平均ep報酬=   777.2 (エピソード数  4) policy_loss=+0.0704 value_loss=  28.718 entropy=-0.480 (この反復   2.4秒, 累計   1.2分)
  iter  27/2000: rollout平均ep報酬=    87.4 (エピソード数  4) policy_loss=-0.0054 value_loss= 148.811 entropy=-0.523 (この反復   2.1秒, 累計   1.2分)
  iter  28/2000: rollout平均ep報酬=  -719.3 (エピソード数  4) policy_loss=-0.0056 value_loss= 471.941 entropy=-0.539 (この反復   2.0秒, 累計   1.2分)
  iter  29/2000: rollout平均ep報酬= -1146.2 (エピソード数  4) policy_loss=+0.0123 value_loss=2230.821 entropy=-0.543 (この反復   2.0秒, 累計   1.3分)
  iter  30/2000: rollout平均ep報酬=  -236.3 (エピソード数  4) policy_loss=-0.0017 value_loss= 348.175 entropy=-0.562 (この反復   2.0秒, 累計   1.3分)
    → 決定的方策の評価: best_reward候補 = 958.8 (これまでのベスト = 1232.3)
  [checkpoint] これまでのベスト重みを ev3way_w1.npy/ev3way_w2.npy に中間保存しました
  iter  31/2000: rollout平均ep報酬=    93.5 (エピソード数  4) policy_loss=+0.0440 value_loss= 171.531 entropy=-0.571 (この反復   2.0秒, 累計   1.4分)
  iter  32/2000: rollout平均ep報酬=  -601.4 (エピソード数  4) policy_loss=+0.0458 value_loss= 587.163 entropy=-0.579 (この反復   2.1秒, 累計   1.4分)
  iter  33/2000: rollout平均ep報酬=   367.2 (エピソード数  4) policy_loss=+0.0027 value_loss= 123.468 entropy=-0.625 (この反復   2.0秒, 累計   1.5分)
  iter  34/2000: rollout平均ep報酬=   -26.7 (エピソード数  4) policy_loss=-0.0580 value_loss= 699.010 entropy=-0.635 (この反復   2.0秒, 累計   1.5分)
  iter  35/2000: rollout平均ep報酬=   216.3 (エピソード数  4) policy_loss=-0.0417 value_loss= 193.536 entropy=-0.638 (この反復   2.1秒, 累計   1.5分)
    → 決定的方策の評価: best_reward候補 = 940.8 (これまでのベスト = 1232.3)
  iter  36/2000: rollout平均ep報酬=   469.9 (エピソード数  4) policy_loss=-0.0510 value_loss= 111.637 entropy=-0.637 (この反復   2.2秒, 累計   1.6分)
  iter  37/2000: rollout平均ep報酬=   177.3 (エピソード数  4) policy_loss=-0.0296 value_loss= 280.430 entropy=-0.652 (この反復   2.1秒, 累計   1.6分)
  iter  38/2000: rollout平均ep報酬=   418.1 (エピソード数  4) policy_loss=-0.0016 value_loss= 215.908 entropy=-0.666 (この反復   2.1秒, 累計   1.7分)
  iter  39/2000: rollout平均ep報酬=   998.3 (エピソード数  4) policy_loss=+0.0263 value_loss=  43.607 entropy=-0.677 (この反復   2.2秒, 累計   1.7分)
  iter  40/2000: rollout平均ep報酬=  -452.4 (エピソード数  4) policy_loss=+0.0108 value_loss=2716.844 entropy=-0.679 (この反復   2.1秒, 累計   1.7分)
    → 決定的方策の評価: best_reward候補 = 940.3 (これまでのベスト = 1232.3)
  [checkpoint] これまでのベスト重みを ev3way_w1.npy/ev3way_w2.npy に中間保存しました
  iter  41/2000: rollout平均ep報酬=  -160.2 (エピソード数  4) policy_loss=-0.0567 value_loss= 397.185 entropy=-0.673 (この反復   2.1秒, 累計   1.8分)
  iter  42/2000: rollout平均ep報酬=   465.6 (エピソード数  4) policy_loss=+0.0421 value_loss= 265.199 entropy=-0.674 (この反復   2.2秒, 累計   1.9分)
  iter  43/2000: rollout平均ep報酬=   856.4 (エピソード数  4) policy_loss=-0.0341 value_loss=  37.459 entropy=-0.700 (この反復   2.1秒, 累計   1.9分)
  iter  44/2000: rollout平均ep報酬=   466.8 (エピソード数  4) policy_loss=+0.0014 value_loss=  43.967 entropy=-0.730 (この反復   2.0秒, 累計   1.9分)
  iter  45/2000: rollout平均ep報酬=   573.2 (エピソード数  4) policy_loss=-0.0123 value_loss=  66.738 entropy=-0.762 (この反復   2.1秒, 累計   2.0分)
    → 決定的方策の評価: best_reward候補 = 547.2 (これまでのベスト = 1232.3)
  iter  46/2000: rollout平均ep報酬=   395.0 (エピソード数  4) policy_loss=-0.0507 value_loss=  92.687 entropy=-0.771 (この反復   2.0秒, 累計   2.0分)
  iter  47/2000: rollout平均ep報酬=   573.4 (エピソード数  4) policy_loss=+0.0847 value_loss=  81.236 entropy=-0.798 (この反復   2.0秒, 累計   2.1分)
  iter  48/2000: rollout平均ep報酬=   450.4 (エピソード数  4) policy_loss=+0.0425 value_loss= 587.526 entropy=-0.799 (この反復   2.1秒, 累計   2.1分)
  iter  49/2000: rollout平均ep報酬=  -461.8 (エピソード数  4) policy_loss=-0.0012 value_loss= 367.094 entropy=-0.804 (この反復   2.1秒, 累計   2.2分)
  iter  50/2000: rollout平均ep報酬=  -656.7 (エピソード数  4) policy_loss=-0.0280 value_loss= 607.890 entropy=-0.808 (この反復   2.1秒, 累計   2.2分)
    → 決定的方策の評価: best_reward候補 = 921.7 (これまでのベスト = 1232.3)
  [checkpoint] これまでのベスト重みを ev3way_w1.npy/ev3way_w2.npy に中間保存しました
  iter  51/2000: rollout平均ep報酬=   178.3 (エピソード数  4) policy_loss=+0.0547 value_loss= 437.079 entropy=-0.811 (この反復   2.0秒, 累計   2.3分)
  iter  52/2000: rollout平均ep報酬=  -529.4 (エピソード数  5) policy_loss=+0.0692 value_loss= 906.906 entropy=-0.816 (この反復   2.1秒, 累計   2.3分)
  iter  53/2000: rollout平均ep報酬=   252.5 (エピソード数  4) policy_loss=+0.0642 value_loss= 135.928 entropy=-0.831 (この反復   2.0秒, 累計   2.3分)
  iter  54/2000: rollout平均ep報酬=   373.1 (エピソード数  4) policy_loss=+0.0118 value_loss=  88.246 entropy=-0.841 (この反復   2.2秒, 累計   2.4分)
  iter  55/2000: rollout平均ep報酬=    88.1 (エピソード数  5) policy_loss=+0.0283 value_loss= 923.567 entropy=-0.842 (この反復   2.2秒, 累計   2.4分)
    → 決定的方策の評価: best_reward候補 = 969.9 (これまでのベスト = 1232.3)
  iter  56/2000: rollout平均ep報酬=   837.2 (エピソード数  4) policy_loss=+0.0139 value_loss=  18.172 entropy=-0.880 (この反復   2.0秒, 累計   2.5分)
  iter  57/2000: rollout平均ep報酬=   186.3 (エピソード数  4) policy_loss=+0.0351 value_loss= 478.292 entropy=-0.892 (この反復   2.0秒, 累計   2.5分)
  iter  58/2000: rollout平均ep報酬=   872.9 (エピソード数  4) policy_loss=-0.0631 value_loss=  37.037 entropy=-0.908 (この反復   2.1秒, 累計   2.6分)
  iter  59/2000: rollout平均ep報酬=   370.9 (エピソード数  4) policy_loss=+0.0328 value_loss= 192.379 entropy=-0.913 (この反復   2.1秒, 累計   2.6分)
  iter  60/2000: rollout平均ep報酬=  -114.8 (エピソード数  4) policy_loss=-0.0252 value_loss= 256.469 entropy=-0.916 (この反復   2.2秒, 累計   2.6分)
    → 決定的方策の評価: best_reward候補 = 884.9 (これまでのベスト = 1232.3)
  [checkpoint] これまでのベスト重みを ev3way_w1.npy/ev3way_w2.npy に中間保存しました
  iter  61/2000: rollout平均ep報酬=   381.3 (エピソード数  4) policy_loss=+0.1008 value_loss= 279.909 entropy=-0.925 (この反復   2.1秒, 累計   2.7分)
  iter  62/2000: rollout平均ep報酬=  -218.5 (エピソード数  5) policy_loss=+0.0139 value_loss= 558.234 entropy=-0.923 (この反復   2.1秒, 累計   2.7分)
  iter  63/2000: rollout平均ep報酬=   836.4 (エピソード数  4) policy_loss=-0.0943 value_loss=  25.344 entropy=-0.954 (この反復   2.1秒, 累計   2.8分)
  iter  64/2000: rollout平均ep報酬=   262.0 (エピソード数  4) policy_loss=-0.0562 value_loss=  75.263 entropy=-0.981 (この反復   2.2秒, 累計   2.8分)
  iter  65/2000: rollout平均ep報酬=  1033.0 (エピソード数  4) policy_loss=-0.0127 value_loss=  17.486 entropy=-1.015 (この反復   2.1秒, 累計   2.9分)
    → 決定的方策の評価: best_reward候補 = 934.9 (これまでのベスト = 1232.3)
  iter  66/2000: rollout平均ep報酬=   376.5 (エピソード数  4) policy_loss=-0.0129 value_loss= 134.464 entropy=-1.053 (この反復   2.2秒, 累計   2.9分)
  iter  67/2000: rollout平均ep報酬=   886.1 (エピソード数  4) policy_loss=-0.0182 value_loss= 114.743 entropy=-1.055 (この反復   2.2秒, 累計   3.0分)
  iter  68/2000: rollout平均ep報酬=   784.2 (エピソード数  4) policy_loss=+0.0060 value_loss= 221.804 entropy=-1.064 (この反復   2.3秒, 累計   3.0分)
  iter  69/2000: rollout平均ep報酬=   582.9 (エピソード数  4) policy_loss=-0.0172 value_loss= 135.981 entropy=-1.073 (この反復   2.1秒, 累計   3.1分)
  iter  70/2000: rollout平均ep報酬=   847.7 (エピソード数  4) policy_loss=+0.0576 value_loss=  14.982 entropy=-1.127 (この反復   2.1秒, 累計   3.1分)
    → 決定的方策の評価: best_reward候補 = 608.2 (これまでのベスト = 1232.3)
  [checkpoint] これまでのベスト重みを ev3way_w1.npy/ev3way_w2.npy に中間保存しました
  iter  71/2000: rollout平均ep報酬=   712.5 (エピソード数  4) policy_loss=-0.0028 value_loss=  64.728 entropy=-1.155 (この反復   2.1秒, 累計   3.2分)
  iter  72/2000: rollout平均ep報酬=   976.4 (エピソード数  4) policy_loss=-0.0002 value_loss=  25.177 entropy=-1.180 (この反復   2.2秒, 累計   3.2分)
  iter  73/2000: rollout平均ep報酬=   429.6 (エピソード数  4) policy_loss=-0.0118 value_loss= 135.707 entropy=-1.188 (この反復   2.1秒, 累計   3.2分)
  iter  74/2000: rollout平均ep報酬=   549.3 (エピソード数  4) policy_loss=-0.0340 value_loss=  87.610 entropy=-1.207 (この反復   2.2秒, 累計   3.3分)
  iter  75/2000: rollout平均ep報酬=   260.2 (エピソード数  4) policy_loss=+0.0929 value_loss= 390.406 entropy=-1.206 (この反復   2.1秒, 累計   3.3分)
    → 決定的方策の評価: best_reward候補 = 159.6 (これまでのベスト = 1232.3)
  iter  76/2000: rollout平均ep報酬=   186.0 (エピソード数  5) policy_loss=-0.0035 value_loss= 268.339 entropy=-1.206 (この反復   2.2秒, 累計   3.4分)
  iter  77/2000: rollout平均ep報酬=   862.1 (エピソード数  4) policy_loss=+0.0435 value_loss=  18.007 entropy=-1.269 (この反復   2.1秒, 累計   3.4分)
  iter  78/2000: rollout平均ep報酬=  -145.6 (エピソード数  5) policy_loss=+0.0112 value_loss= 290.372 entropy=-1.279 (この反復   2.1秒, 累計   3.4分)
  iter  79/2000: rollout平均ep報酬=   641.2 (エピソード数  4) policy_loss=-0.0135 value_loss=  56.052 entropy=-1.283 (この反復   2.2秒, 累計   3.5分)
  iter  80/2000: rollout平均ep報酬=   776.3 (エピソード数  4) policy_loss=+0.0384 value_loss=  45.653 entropy=-1.291 (この反復   2.2秒, 累計   3.5分)
    → 決定的方策の評価: best_reward候補 = -78.9 (これまでのベスト = 1232.3)
  [checkpoint] これまでのベスト重みを ev3way_w1.npy/ev3way_w2.npy に中間保存しました
  iter  81/2000: rollout平均ep報酬=   362.2 (エピソード数  5) policy_loss=-0.0615 value_loss= 184.673 entropy=-1.289 (この反復   2.1秒, 累計   3.6分)
  iter  82/2000: rollout平均ep報酬=   453.4 (エピソード数  4) policy_loss=-0.0764 value_loss=  85.679 entropy=-1.298 (この反復   2.1秒, 累計   3.6分)
  iter  83/2000: rollout平均ep報酬=   347.7 (エピソード数  5) policy_loss=+0.0152 value_loss= 217.348 entropy=-1.298 (この反復   2.2秒, 累計   3.6分)
  iter  84/2000: rollout平均ep報酬=  1076.1 (エピソード数  4) policy_loss=-0.0731 value_loss=   8.151 entropy=-1.331 (この反復   2.1秒, 累計   3.7分)
  iter  85/2000: rollout平均ep報酬=   962.4 (エピソード数  4) policy_loss=-0.0097 value_loss=  13.785 entropy=-1.377 (この反復   2.2秒, 累計   3.7分)
    → 決定的方策の評価: best_reward候補 = -94.5 (これまでのベスト = 1232.3)
  iter  86/2000: rollout平均ep報酬=  1071.0 (エピソード数  4) policy_loss=-0.0330 value_loss=  17.735 entropy=-1.403 (この反復   2.2秒, 累計   3.7分)
  iter  87/2000: rollout平均ep報酬=   174.7 (エピソード数  5) policy_loss=+0.0980 value_loss= 323.033 entropy=-1.406 (この反復   2.2秒, 累計   3.8分)
  iter  88/2000: rollout平均ep報酬=   107.9 (エピソード数  5) policy_loss=+0.0456 value_loss= 547.597 entropy=-1.406 (この反復   2.2秒, 累計   3.8分)
  iter  89/2000: rollout平均ep報酬=   400.1 (エピソード数  5) policy_loss=+0.1010 value_loss= 259.064 entropy=-1.410 (この反復   2.1秒, 累計   3.9分)
  iter  90/2000: rollout平均ep報酬=   584.1 (エピソード数  4) policy_loss=+0.0563 value_loss= 155.924 entropy=-1.421 (この反復   2.1秒, 累計   3.9分)
    → 決定的方策の評価: best_reward候補 = -13.7 (これまでのベスト = 1232.3)
  [checkpoint] これまでのベスト重みを ev3way_w1.npy/ev3way_w2.npy に中間保存しました
  iter  91/2000: rollout平均ep報酬=   238.1 (エピソード数  4) policy_loss=-0.0666 value_loss= 130.069 entropy=-1.427 (この反復   2.2秒, 累計   3.9分)
  iter  92/2000: rollout平均ep報酬=   856.8 (エピソード数  4) policy_loss=-0.0179 value_loss=  33.941 entropy=-1.468 (この反復   2.1秒, 累計   4.0分)
  iter  93/2000: rollout平均ep報酬=   265.6 (エピソード数  4) policy_loss=+0.0945 value_loss= 147.843 entropy=-1.480 (この反復   2.2秒, 累計   4.0分)
  iter  94/2000: rollout平均ep報酬=   789.3 (エピソード数  4) policy_loss=+0.0215 value_loss=  57.681 entropy=-1.485 (この反復   2.3秒, 累計   4.0分)
  iter  95/2000: rollout平均ep報酬=   961.3 (エピソード数  4) policy_loss=+0.1011 value_loss=  51.247 entropy=-1.490 (この反復   2.2秒, 累計   4.1分)
    → 決定的方策の評価: best_reward候補 = 80.9 (これまでのベスト = 1232.3)
  iter  96/2000: rollout平均ep報酬=   897.3 (エピソード数  4) policy_loss=-0.0857 value_loss=  25.430 entropy=-1.537 (この反復   2.0秒, 累計   4.1分)
  iter  97/2000: rollout平均ep報酬=   505.0 (エピソード数  5) policy_loss=-0.0313 value_loss=  71.644 entropy=-1.543 (この反復   2.2秒, 累計   4.2分)
  iter  98/2000: rollout平均ep報酬=    97.8 (エピソード数  6) policy_loss=-0.0487 value_loss= 285.565 entropy=-1.539 (この反復   2.2秒, 累計   4.2分)
  iter  99/2000: rollout平均ep報酬=   346.9 (エピソード数  5) policy_loss=-0.0995 value_loss=  89.877 entropy=-1.539 (この反復   2.2秒, 累計   4.2分)
  iter 100/2000: rollout平均ep報酬=   382.2 (エピソード数  5) policy_loss=+0.0128 value_loss= 177.540 entropy=-1.540 (この反復   2.1秒, 累計   4.3分)
    → 決定的方策の評価: best_reward候補 = -94.8 (これまでのベスト = 1232.3)
  [checkpoint] これまでのベスト重みを ev3way_w1.npy/ev3way_w2.npy に中間保存しました
  iter 101/2000: rollout平均ep報酬=   633.6 (エピソード数  5) policy_loss=-0.0128 value_loss=  89.861 entropy=-1.552 (この反復   2.1秒, 累計   4.3分)
  iter 102/2000: rollout平均ep報酬=   313.1 (エピソード数  6) policy_loss=+0.0265 value_loss= 264.800 entropy=-1.550 (この反復   2.2秒, 累計   4.4分)
  iter 103/2000: rollout平均ep報酬=   543.7 (エピソード数  4) policy_loss=+0.0522 value_loss= 212.797 entropy=-1.557 (この反復   2.2秒, 累計   4.4分)
  iter 104/2000: rollout平均ep報酬=   391.5 (エピソード数  5) policy_loss=+0.0845 value_loss= 215.597 entropy=-1.557 (この反復   2.1秒, 累計   4.4分)
  iter 105/2000: rollout平均ep報酬=    15.5 (エピソード数  8) policy_loss=+0.0223 value_loss= 327.669 entropy=-1.557 (この反復   2.1秒, 累計   4.5分)
    → 決定的方策の評価: best_reward候補 = -96.0 (これまでのベスト = 1232.3)
  iter 106/2000: rollout平均ep報酬=   524.2 (エピソード数  4) policy_loss=-0.0208 value_loss=  85.921 entropy=-1.567 (この反復   2.1秒, 累計   4.5分)
  iter 107/2000: rollout平均ep報酬=   221.1 (エピソード数  5) policy_loss=+0.0288 value_loss= 228.525 entropy=-1.571 (この反復   2.1秒, 累計   4.5分)
  iter 108/2000: rollout平均ep報酬=   959.3 (エピソード数  4) policy_loss=-0.0185 value_loss=  34.348 entropy=-1.609 (この反復   2.1秒, 累計   4.6分)
  iter 109/2000: rollout平均ep報酬=   287.6 (エピソード数  6) policy_loss=+0.0205 value_loss= 230.091 entropy=-1.611 (この反復   2.3秒, 累計   4.6分)
  iter 110/2000: rollout平均ep報酬=   869.8 (エピソード数  4) policy_loss=+0.0779 value_loss= 106.142 entropy=-1.606 (この反復   2.3秒, 累計   4.6分)
    → 決定的方策の評価: best_reward候補 = -178.9 (これまでのベスト = 1232.3)
  [checkpoint] これまでのベスト重みを ev3way_w1.npy/ev3way_w2.npy に中間保存しました
  iter 111/2000: rollout平均ep報酬=   648.4 (エピソード数  4) policy_loss=+0.0193 value_loss= 107.114 entropy=-1.604 (この反復   2.2秒, 累計   4.7分)
  iter 112/2000: rollout平均ep報酬=   356.8 (エピソード数  7) policy_loss=+0.1222 value_loss= 182.612 entropy=-1.607 (この反復   2.3秒, 累計   4.7分)
  iter 113/2000: rollout平均ep報酬=   774.2 (エピソード数  4) policy_loss=+0.0144 value_loss=  61.183 entropy=-1.613 (この反復   2.2秒, 累計   4.8分)
  iter 114/2000: rollout平均ep報酬=   448.0 (エピソード数  4) policy_loss=-0.0262 value_loss= 222.955 entropy=-1.620 (この反復   2.2秒, 累計   4.8分)
  iter 115/2000: rollout平均ep報酬=   -14.2 (エピソード数  9) policy_loss=+0.0088 value_loss= 409.641 entropy=-1.623 (この反復   2.1秒, 累計   4.8分)
    → 決定的方策の評価: best_reward候補 = -96.7 (これまでのベスト = 1232.3)
  iter 116/2000: rollout平均ep報酬=   276.9 (エピソード数  6) policy_loss=-0.0499 value_loss= 266.480 entropy=-1.628 (この反復   2.2秒, 累計   4.9分)
  iter 117/2000: rollout平均ep報酬=   514.2 (エピソード数  4) policy_loss=-0.0705 value_loss= 138.037 entropy=-1.633 (この反復   2.1秒, 累計   4.9分)
  iter 118/2000: rollout平均ep報酬=   419.3 (エピソード数  5) policy_loss=+0.0173 value_loss= 100.505 entropy=-1.642 (この反復   2.2秒, 累計   4.9分)
  iter 119/2000: rollout平均ep報酬=    21.6 (エピソード数  8) policy_loss=-0.0119 value_loss= 279.426 entropy=-1.645 (この反復   2.2秒, 累計   5.0分)
  iter 120/2000: rollout平均ep報酬=   213.9 (エピソード数  5) policy_loss=-0.0409 value_loss= 273.659 entropy=-1.644 (この反復   2.2秒, 累計   5.0分)
    → 決定的方策の評価: best_reward候補 = -95.3 (これまでのベスト = 1232.3)
  [checkpoint] これまでのベスト重みを ev3way_w1.npy/ev3way_w2.npy に中間保存しました
  iter 121/2000: rollout平均ep報酬=   151.6 (エピソード数  7) policy_loss=+0.1050 value_loss= 387.023 entropy=-1.653 (この反復   2.3秒, 累計   5.1分)
  iter 122/2000: rollout平均ep報酬=   130.4 (エピソード数  6) policy_loss=-0.0208 value_loss= 266.657 entropy=-1.660 (この反復   2.2秒, 累計   5.1分)
  iter 123/2000: rollout平均ep報酬=   484.8 (エピソード数  5) policy_loss=+0.0133 value_loss= 222.699 entropy=-1.672 (この反復   2.1秒, 累計   5.1分)
  iter 124/2000: rollout平均ep報酬=   307.8 (エピソード数  6) policy_loss=-0.0100 value_loss= 146.520 entropy=-1.674 (この反復   2.2秒, 累計   5.2分)
  iter 125/2000: rollout平均ep報酬=   695.1 (エピソード数  4) policy_loss=-0.0130 value_loss= 198.841 entropy=-1.694 (この反復   2.2秒, 累計   5.2分)
    → 決定的方策の評価: best_reward候補 = -97.0 (これまでのベスト = 1232.3)
  iter 126/2000: rollout平均ep報酬=   396.0 (エピソード数  6) policy_loss=+0.0632 value_loss= 113.368 entropy=-1.702 (この反復   2.3秒, 累計   5.2分)
  iter 127/2000: rollout平均ep報酬=   457.1 (エピソード数  5) policy_loss=+0.0171 value_loss= 134.945 entropy=-1.715 (この反復   2.2秒, 累計   5.3分)
  iter 128/2000: rollout平均ep報酬=   591.3 (エピソード数  5) policy_loss=-0.0151 value_loss= 105.572 entropy=-1.721 (この反復   2.2秒, 累計   5.3分)
  iter 129/2000: rollout平均ep報酬=  1021.0 (エピソード数  4) policy_loss=-0.0678 value_loss=  28.680 entropy=-1.764 (この反復   2.3秒, 累計   5.3分)
  iter 130/2000: rollout平均ep報酬=   448.8 (エピソード数  4) policy_loss=+0.0327 value_loss= 119.314 entropy=-1.769 (この反復   2.3秒, 累計   5.4分)
    → 決定的方策の評価: best_reward候補 = -94.9 (これまでのベスト = 1232.3)
  [checkpoint] これまでのベスト重みを ev3way_w1.npy/ev3way_w2.npy に中間保存しました
  iter 131/2000: rollout平均ep報酬=   740.0 (エピソード数  5) policy_loss=+0.0093 value_loss= 120.554 entropy=-1.774 (この反復   2.4秒, 累計   5.4分)
  iter 132/2000: rollout平均ep報酬=   529.4 (エピソード数  6) policy_loss=+0.0799 value_loss=  89.504 entropy=-1.792 (この反復   2.3秒, 累計   5.5分)
  iter 133/2000: rollout平均ep報酬=   599.7 (エピソード数  5) policy_loss=+0.0007 value_loss=  83.140 entropy=-1.774 (この反復   2.4秒, 累計   5.5分)
  iter 134/2000: rollout平均ep報酬=  1055.7 (エピソード数  4) policy_loss=-0.0212 value_loss=  30.174 entropy=-1.811 (この反復   2.3秒, 累計   5.5分)
  iter 135/2000: rollout平均ep報酬=   637.6 (エピソード数  4) policy_loss=-0.0617 value_loss=  47.256 entropy=-1.832 (この反復   2.2秒, 累計   5.6分)
    → 決定的方策の評価: best_reward候補 = -92.1 (これまでのベスト = 1232.3)
  iter 136/2000: rollout平均ep報酬=   117.2 (エピソード数  8) policy_loss=-0.0304 value_loss= 251.330 entropy=-1.838 (この反復   2.1秒, 累計   5.6分)
  iter 137/2000: rollout平均ep報酬=    84.4 (エピソード数  7) policy_loss=-0.0113 value_loss= 261.738 entropy=-1.837 (この反復   2.2秒, 累計   5.7分)
  iter 138/2000: rollout平均ep報酬=   553.1 (エピソード数  6) policy_loss=-0.0387 value_loss=  41.181 entropy=-1.842 (この反復   2.3秒, 累計   5.7分)
  iter 139/2000: rollout平均ep報酬=   428.2 (エピソード数  6) policy_loss=-0.0268 value_loss= 163.904 entropy=-1.849 (この反復   2.2秒, 累計   5.7分)
  iter 140/2000: rollout平均ep報酬=  1148.2 (エピソード数  4) policy_loss=+0.0433 value_loss=  47.588 entropy=-1.843 (この反復   2.4秒, 累計   5.8分)
    → 決定的方策の評価: best_reward候補 = -92.5 (これまでのベスト = 1232.3)
  [checkpoint] これまでのベスト重みを ev3way_w1.npy/ev3way_w2.npy に中間保存しました
  iter 141/2000: rollout平均ep報酬=   430.8 (エピソード数  6) policy_loss=-0.0083 value_loss= 171.341 entropy=-1.843 (この反復   2.2秒, 累計   5.8分)
  iter 142/2000: rollout平均ep報酬=   529.3 (エピソード数  5) policy_loss=+0.1110 value_loss= 243.806 entropy=-1.844 (この反復   2.2秒, 累計   5.8分)
  iter 143/2000: rollout平均ep報酬=   254.2 (エピソード数  6) policy_loss=-0.0158 value_loss= 231.026 entropy=-1.854 (この反復   2.1秒, 累計   5.9分)
  iter 144/2000: rollout平均ep報酬=   407.8 (エピソード数  6) policy_loss=-0.0625 value_loss= 204.252 entropy=-1.852 (この反復   2.4秒, 累計   5.9分)
  iter 145/2000: rollout平均ep報酬=   390.1 (エピソード数  6) policy_loss=-0.0294 value_loss= 151.391 entropy=-1.859 (この反復   2.3秒, 累計   6.0分)
    → 決定的方策の評価: best_reward候補 = -95.8 (これまでのベスト = 1232.3)
  iter 146/2000: rollout平均ep報酬=   588.0 (エピソード数  6) policy_loss=+0.0220 value_loss=  89.118 entropy=-1.872 (この反復   2.2秒, 累計   6.0分)
  iter 147/2000: rollout平均ep報酬=   631.3 (エピソード数  5) policy_loss=-0.0976 value_loss=  88.602 entropy=-1.883 (この反復   2.3秒, 累計   6.0分)
  iter 148/2000: rollout平均ep報酬=   918.4 (エピソード数  4) policy_loss=+0.0634 value_loss= 100.563 entropy=-1.897 (この反復   2.4秒, 累計   6.1分)
  iter 149/2000: rollout平均ep報酬=   734.4 (エピソード数  5) policy_loss=+0.0115 value_loss=  92.948 entropy=-1.912 (この反復   2.3秒, 累計   6.1分)
  iter 150/2000: rollout平均ep報酬=   997.9 (エピソード数  4) policy_loss=+0.0417 value_loss=  30.987 entropy=-1.960 (この反復   2.3秒, 累計   6.2分)
    → 決定的方策の評価: best_reward候補 = -109.0 (これまでのベスト = 1232.3)
  [checkpoint] これまでのベスト重みを ev3way_w1.npy/ev3way_w2.npy に中間保存しました
  iter 151/2000: rollout平均ep報酬=  1086.9 (エピソード数  4) policy_loss=-0.0052 value_loss=  35.248 entropy=-1.998 (この反復   2.5秒, 累計   6.2分)
  iter 152/2000: rollout平均ep報酬=   900.5 (エピソード数  4) policy_loss=-0.0320 value_loss=  19.651 entropy=-2.018 (この反復   2.3秒, 累計   6.2分)
  iter 153/2000: rollout平均ep報酬=  1079.3 (エピソード数  4) policy_loss=-0.0094 value_loss=  26.196 entropy=-2.028 (この反復   2.3秒, 累計   6.3分)
  iter 154/2000: rollout平均ep報酬=   906.9 (エピソード数  4) policy_loss=+0.0278 value_loss=  21.543 entropy=-2.043 (この反復   2.3秒, 累計   6.3分)
  iter 155/2000: rollout平均ep報酬=   473.3 (エピソード数  6) policy_loss=-0.0836 value_loss=  72.204 entropy=-2.047 (この反復   2.3秒, 累計   6.3分)
    → 決定的方策の評価: best_reward候補 = -142.1 (これまでのベスト = 1232.3)
  iter 156/2000: rollout平均ep報酬=   647.0 (エピソード数  5) policy_loss=-0.0012 value_loss= 112.337 entropy=-2.050 (この反復   2.2秒, 累計   6.4分)
  iter 157/2000: rollout平均ep報酬=   954.0 (エピソード数  4) policy_loss=-0.0479 value_loss=  19.500 entropy=-2.048 (この反復   2.4秒, 累計   6.4分)
  iter 158/2000: rollout平均ep報酬=  1172.9 (エピソード数  4) policy_loss=+0.0055 value_loss=  15.838 entropy=-2.048 (この反復   2.3秒, 累計   6.5分)
  iter 159/2000: rollout平均ep報酬=   518.7 (エピソード数  5) policy_loss=+0.0270 value_loss= 145.047 entropy=-2.048 (この反復   2.3秒, 累計   6.5分)
  iter 160/2000: rollout平均ep報酬=  1192.2 (エピソード数  4) policy_loss=+0.0605 value_loss=  10.328 entropy=-2.076 (この反復   2.4秒, 累計   6.5分)
    → 決定的方策の評価: best_reward候補 = -108.4 (これまでのベスト = 1232.3)
  [checkpoint] これまでのベスト重みを ev3way_w1.npy/ev3way_w2.npy に中間保存しました
  iter 161/2000: rollout平均ep報酬=   493.0 (エピソード数  6) policy_loss=-0.0432 value_loss=  88.375 entropy=-2.079 (この反復   2.3秒, 累計   6.6分)
  iter 162/2000: rollout平均ep報酬=   278.0 (エピソード数  5) policy_loss=-0.0514 value_loss= 160.829 entropy=-2.077 (この反復   2.4秒, 累計   6.6分)
  iter 163/2000: rollout平均ep報酬=   700.6 (エピソード数  5) policy_loss=-0.0851 value_loss=  97.488 entropy=-2.085 (この反復   2.2秒, 累計   6.7分)
  iter 164/2000: rollout平均ep報酬=  1313.3 (エピソード数  4) policy_loss=-0.0237 value_loss=   3.144 entropy=-2.112 (この反復   2.4秒, 累計   6.7分)
  iter 165/2000: rollout平均ep報酬=  1179.8 (エピソード数  4) policy_loss=-0.0118 value_loss=  20.116 entropy=-2.128 (この反復   2.3秒, 累計   6.7分)
    → 決定的方策の評価: best_reward候補 = -151.0 (これまでのベスト = 1232.3)
  iter 166/2000: rollout平均ep報酬=  1200.9 (エピソード数  4) policy_loss=+0.0054 value_loss=   5.976 entropy=-2.159 (この反復   2.3秒, 累計   6.8分)
  iter 167/2000: rollout平均ep報酬=   604.0 (エピソード数  6) policy_loss=-0.0026 value_loss=  78.241 entropy=-2.162 (この反復   2.6秒, 累計   6.8分)
  iter 168/2000: rollout平均ep報酬=   416.8 (エピソード数  7) policy_loss=+0.0601 value_loss= 114.167 entropy=-2.158 (この反復   2.4秒, 累計   6.9分)
  iter 169/2000: rollout平均ep報酬=   921.5 (エピソード数  4) policy_loss=-0.0289 value_loss=  22.017 entropy=-2.160 (この反復   2.4秒, 累計   6.9分)
  iter 170/2000: rollout平均ep報酬=  1298.2 (エピソード数  4) policy_loss=-0.0784 value_loss=   3.907 entropy=-2.193 (この反復   2.2秒, 累計   6.9分)
    → 決定的方策の評価: best_reward候補 = -107.9 (これまでのベスト = 1232.3)
  [checkpoint] これまでのベスト重みを ev3way_w1.npy/ev3way_w2.npy に中間保存しました
  iter 171/2000: rollout平均ep報酬=  1218.5 (エピソード数  4) policy_loss=+0.0023 value_loss=  26.315 entropy=-2.203 (この反復   2.4秒, 累計   7.0分)
  iter 172/2000: rollout平均ep報酬=   478.6 (エピソード数  5) policy_loss=-0.0133 value_loss= 182.159 entropy=-2.203 (この反復   2.3秒, 累計   7.0分)
  iter 173/2000: rollout平均ep報酬=   957.2 (エピソード数  4) policy_loss=+0.0083 value_loss=  25.767 entropy=-2.208 (この反復   2.3秒, 累計   7.1分)
  iter 174/2000: rollout平均ep報酬=   867.8 (エピソード数  4) policy_loss=-0.0911 value_loss=  33.291 entropy=-2.210 (この反復   2.4秒, 累計   7.1分)
  iter 175/2000: rollout平均ep報酬=  1357.2 (エピソード数  4) policy_loss=-0.0450 value_loss=   1.624 entropy=-2.245 (この反復   2.5秒, 累計   7.1分)
    → 決定的方策の評価: best_reward候補 = -93.8 (これまでのベスト = 1232.3)
  iter 176/2000: rollout平均ep報酬=  1194.3 (エピソード数  4) policy_loss=-0.0275 value_loss=   7.343 entropy=-2.274 (この反復   2.3秒, 累計   7.2分)
  iter 177/2000: rollout平均ep報酬=   189.4 (エピソード数  7) policy_loss=+0.0655 value_loss= 128.243 entropy=-2.276 (この反復   2.3秒, 累計   7.2分)
  iter 178/2000: rollout平均ep報酬=   332.9 (エピソード数  8) policy_loss=+0.0856 value_loss= 130.120 entropy=-2.274 (この反復   2.5秒, 累計   7.3分)
  iter 179/2000: rollout平均ep報酬=   162.1 (エピソード数  8) policy_loss=-0.0791 value_loss= 313.710 entropy=-2.274 (この反復   2.4秒, 累計   7.3分)
  iter 180/2000: rollout平均ep報酬=   370.8 (エピソード数  8) policy_loss=+0.0208 value_loss= 113.755 entropy=-2.273 (この反復   2.4秒, 累計   7.3分)
    → 決定的方策の評価: best_reward候補 = -92.8 (これまでのベスト = 1232.3)
  [checkpoint] これまでのベスト重みを ev3way_w1.npy/ev3way_w2.npy に中間保存しました
  iter 181/2000: rollout平均ep報酬=   312.2 (エピソード数  9) policy_loss=-0.0384 value_loss= 107.692 entropy=-2.274 (この反復   2.4秒, 累計   7.4分)
  iter 182/2000: rollout平均ep報酬=   342.8 (エピソード数  8) policy_loss=-0.0578 value_loss= 120.035 entropy=-2.272 (この反復   2.5秒, 累計   7.4分)
  iter 183/2000: rollout平均ep報酬=   229.5 (エピソード数  7) policy_loss=-0.0420 value_loss= 208.177 entropy=-2.273 (この反復   2.3秒, 累計   7.5分)
  iter 184/2000: rollout平均ep報酬=   632.7 (エピソード数  6) policy_loss=-0.0338 value_loss=  60.505 entropy=-2.274 (この反復   2.3秒, 累計   7.5分)
  iter 185/2000: rollout平均ep報酬=   740.3 (エピソード数  5) policy_loss=+0.0301 value_loss=  41.179 entropy=-2.271 (この反復   2.7秒, 累計   7.5分)
    → 決定的方策の評価: best_reward候補 = -92.2 (これまでのベスト = 1232.3)
  iter 186/2000: rollout平均ep報酬=   441.5 (エピソード数  6) policy_loss=-0.0382 value_loss= 198.982 entropy=-2.271 (この反復   2.3秒, 累計   7.6分)
  iter 187/2000: rollout平均ep報酬=   441.4 (エピソード数  8) policy_loss=+0.0332 value_loss= 145.329 entropy=-2.274 (この反復   2.4秒, 累計   7.6分)
  iter 188/2000: rollout平均ep報酬=   582.5 (エピソード数  6) policy_loss=-0.0494 value_loss=  55.100 entropy=-2.275 (この反復   2.5秒, 累計   7.7分)
  iter 189/2000: rollout平均ep報酬=   154.7 (エピソード数 10) policy_loss=+0.0006 value_loss= 193.922 entropy=-2.276 (この反復   2.3秒, 累計   7.7分)
  iter 190/2000: rollout平均ep報酬=   930.6 (エピソード数  4) policy_loss=-0.0029 value_loss=  38.415 entropy=-2.277 (この反復   2.4秒, 累計   7.7分)
    → 決定的方策の評価: best_reward候補 = -93.9 (これまでのベスト = 1232.3)
  [checkpoint] これまでのベスト重みを ev3way_w1.npy/ev3way_w2.npy に中間保存しました
  iter 191/2000: rollout平均ep報酬=   603.9 (エピソード数  5) policy_loss=-0.0093 value_loss=  98.187 entropy=-2.282 (この反復   2.3秒, 累計   7.8分)
  iter 192/2000: rollout平均ep報酬=  1002.5 (エピソード数  4) policy_loss=-0.0612 value_loss=  19.292 entropy=-2.286 (この反復   2.5秒, 累計   7.8分)
  iter 193/2000: rollout平均ep報酬=   788.8 (エピソード数  5) policy_loss=-0.0567 value_loss=  46.244 entropy=-2.288 (この反復   2.3秒, 累計   7.9分)
  iter 194/2000: rollout平均ep報酬=   888.4 (エピソード数  4) policy_loss=+0.0731 value_loss=  39.049 entropy=-2.290 (この反復   2.7秒, 累計   7.9分)
  iter 195/2000: rollout平均ep報酬=   611.9 (エピソード数  6) policy_loss=+0.0131 value_loss= 118.192 entropy=-2.286 (この反復   2.3秒, 累計   7.9分)
    → 決定的方策の評価: best_reward候補 = -91.4 (これまでのベスト = 1232.3)
  iter 196/2000: rollout平均ep報酬=  1186.0 (エピソード数  4) policy_loss=-0.0906 value_loss=  34.967 entropy=-2.300 (この反復   2.2秒, 累計   8.0分)
  iter 197/2000: rollout平均ep報酬=  1130.6 (エピソード数  4) policy_loss=+0.0096 value_loss=   9.526 entropy=-2.321 (この反復   2.3秒, 累計   8.0分)
  iter 198/2000: rollout平均ep報酬=   936.2 (エピソード数  4) policy_loss=-0.0827 value_loss=  22.127 entropy=-2.329 (この反復   2.4秒, 累計   8.1分)
  iter 199/2000: rollout平均ep報酬=  1333.5 (エピソード数  4) policy_loss=-0.0654 value_loss=   3.976 entropy=-2.428 (この反復   2.3秒, 累計   8.1分)
  iter 200/2000: rollout平均ep報酬=   249.0 (エピソード数  7) policy_loss=-0.0474 value_loss=  86.505 entropy=-2.432 (この反復   2.4秒, 累計   8.1分)
    → 決定的方策の評価: best_reward候補 = -92.9 (これまでのベスト = 1232.3)
  [checkpoint] これまでのベスト重みを ev3way_w1.npy/ev3way_w2.npy に中間保存しました
  iter 201/2000: rollout平均ep報酬=   557.0 (エピソード数  4) policy_loss=+0.0092 value_loss=  91.426 entropy=-2.433 (この反復   2.2秒, 累計   8.2分)
  iter 202/2000: rollout平均ep報酬=   388.9 (エピソード数  8) policy_loss=+0.0152 value_loss=  94.865 entropy=-2.435 (この反復   2.4秒, 累計   8.2分)
  iter 203/2000: rollout平均ep報酬=   946.1 (エピソード数  4) policy_loss=-0.0227 value_loss=  15.169 entropy=-2.434 (この反復   2.4秒, 累計   8.3分)
  iter 204/2000: rollout平均ep報酬=   701.0 (エピソード数  5) policy_loss=+0.0764 value_loss=  65.967 entropy=-2.437 (この反復   2.4秒, 累計   8.3分)
  iter 205/2000: rollout平均ep報酬=   991.9 (エピソード数  4) policy_loss=+0.0009 value_loss=  45.801 entropy=-2.435 (この反復   2.5秒, 累計   8.3分)
    → 決定的方策の評価: best_reward候補 = -96.8 (これまでのベスト = 1232.3)
  iter 206/2000: rollout平均ep報酬=   431.5 (エピソード数  6) policy_loss=+0.0757 value_loss= 133.901 entropy=-2.436 (この反復   2.3秒, 累計   8.4分)
  iter 207/2000: rollout平均ep報酬=  1003.9 (エピソード数  4) policy_loss=-0.0923 value_loss=  33.910 entropy=-2.437 (この反復   2.4秒, 累計   8.4分)
  iter 208/2000: rollout平均ep報酬=  1200.5 (エピソード数  4) policy_loss=+0.0013 value_loss=  10.140 entropy=-2.468 (この反復   2.3秒, 累計   8.5分)
  iter 209/2000: rollout平均ep報酬=   662.4 (エピソード数  5) policy_loss=-0.0106 value_loss= 101.433 entropy=-2.477 (この反復   2.3秒, 累計   8.5分)
  iter 210/2000: rollout平均ep報酬=  1080.1 (エピソード数  4) policy_loss=+0.0438 value_loss=  23.549 entropy=-2.483 (この反復   2.5秒, 累計   8.5分)
    → 決定的方策の評価: best_reward候補 = -95.8 (これまでのベスト = 1232.3)
  [checkpoint] これまでのベスト重みを ev3way_w1.npy/ev3way_w2.npy に中間保存しました
  iter 211/2000: rollout平均ep報酬=  1333.5 (エピソード数  4) policy_loss=+0.0704 value_loss=   4.274 entropy=-2.493 (この反復   2.7秒, 累計   8.6分)
  iter 212/2000: rollout平均ep報酬=  1203.5 (エピソード数  4) policy_loss=-0.0094 value_loss=  14.001 entropy=-2.476 (この反復   2.4秒, 累計   8.6分)
  iter 213/2000: rollout平均ep報酬=   674.9 (エピソード数  5) policy_loss=-0.0221 value_loss=  36.736 entropy=-2.476 (この反復   2.4秒, 累計   8.7分)
  iter 214/2000: rollout平均ep報酬=   569.6 (エピソード数  6) policy_loss=-0.0806 value_loss=  39.630 entropy=-2.478 (この反復   2.5秒, 累計   8.7分)
  iter 215/2000: rollout平均ep報酬=  1226.7 (エピソード数  4) policy_loss=+0.0794 value_loss=  11.418 entropy=-2.498 (この反復   2.4秒, 累計   8.8分)
    → 決定的方策の評価: best_reward候補 = -97.1 (これまでのベスト = 1232.3)
  iter 216/2000: rollout平均ep報酬=   624.2 (エピソード数  6) policy_loss=+0.0482 value_loss=  22.481 entropy=-2.495 (この反復   2.4秒, 累計   8.8分)
  iter 217/2000: rollout平均ep報酬=   755.5 (エピソード数  5) policy_loss=+0.0086 value_loss=  57.814 entropy=-2.490 (この反復   2.2秒, 累計   8.8分)
  iter 218/2000: rollout平均ep報酬=  1246.4 (エピソード数  4) policy_loss=-0.0681 value_loss=  12.924 entropy=-2.497 (この反復   2.6秒, 累計   8.9分)
  iter 219/2000: rollout平均ep報酬=   783.0 (エピソード数  5) policy_loss=+0.0046 value_loss=  26.883 entropy=-2.498 (この反復   2.5秒, 累計   8.9分)
  iter 220/2000: rollout平均ep報酬=  1350.9 (エピソード数  4) policy_loss=-0.0385 value_loss=   2.481 entropy=-2.576 (この反復   2.6秒, 累計   9.0分)
    → 決定的方策の評価: best_reward候補 = -96.8 (これまでのベスト = 1232.3)
  [checkpoint] これまでのベスト重みを ev3way_w1.npy/ev3way_w2.npy に中間保存しました
  iter 221/2000: rollout平均ep報酬=  1117.6 (エピソード数  4) policy_loss=+0.0569 value_loss=  20.882 entropy=-2.608 (この反復   2.4秒, 累計   9.0分)
  iter 222/2000: rollout平均ep報酬=   363.8 (エピソード数  8) policy_loss=-0.0591 value_loss=  98.792 entropy=-2.611 (この反復   2.4秒, 累計   9.0分)
  iter 223/2000: rollout平均ep報酬=  1340.1 (エピソード数  4) policy_loss=-0.0331 value_loss=  15.381 entropy=-2.608 (この反復   2.6秒, 累計   9.1分)
  iter 224/2000: rollout平均ep報酬=  1231.2 (エピソード数  4) policy_loss=+0.0082 value_loss=  14.367 entropy=-2.617 (この反復   2.3秒, 累計   9.1分)
  iter 225/2000: rollout平均ep報酬=   752.9 (エピソード数  4) policy_loss=-0.0393 value_loss=  57.912 entropy=-2.619 (この反復   2.4秒, 累計   9.2分)
    → 決定的方策の評価: best_reward候補 = -96.9 (これまでのベスト = 1232.3)
  iter 226/2000: rollout平均ep報酬=  1324.1 (エピソード数  4) policy_loss=+0.0148 value_loss=   2.999 entropy=-2.626 (この反復   2.6秒, 累計   9.2分)
  iter 227/2000: rollout平均ep報酬=   469.8 (エピソード数  7) policy_loss=-0.0532 value_loss=  42.402 entropy=-2.625 (この反復   2.6秒, 累計   9.2分)
  iter 228/2000: rollout平均ep報酬=   592.9 (エピソード数  6) policy_loss=-0.0727 value_loss=  74.220 entropy=-2.626 (この反復   2.4秒, 累計   9.3分)
  iter 229/2000: rollout平均ep報酬=   916.5 (エピソード数  4) policy_loss=-0.0642 value_loss=  38.465 entropy=-2.631 (この反復   2.4秒, 累計   9.3分)
  iter 230/2000: rollout平均ep報酬=   912.4 (エピソード数  4) policy_loss=-0.0063 value_loss=  43.073 entropy=-2.634 (この反復   2.4秒, 累計   9.4分)
    → 決定的方策の評価: best_reward候補 = -99.6 (これまでのベスト = 1232.3)
  [checkpoint] これまでのベスト重みを ev3way_w1.npy/ev3way_w2.npy に中間保存しました
  iter 231/2000: rollout平均ep報酬=  1011.4 (エピソード数  4) policy_loss=-0.0080 value_loss=   3.952 entropy=-2.638 (この反復   2.6秒, 累計   9.4分)
  iter 232/2000: rollout平均ep報酬=   918.3 (エピソード数  4) policy_loss=-0.0033 value_loss=  15.936 entropy=-2.642 (この反復   2.4秒, 累計   9.5分)
  iter 233/2000: rollout平均ep報酬=  1016.6 (エピソード数  4) policy_loss=-0.0265 value_loss=  15.589 entropy=-2.644 (この反復   2.6秒, 累計   9.5分)
  iter 234/2000: rollout平均ep報酬=   685.7 (エピソード数  6) policy_loss=+0.0697 value_loss=  45.214 entropy=-2.649 (この反復   2.4秒, 累計   9.5分)
  iter 235/2000: rollout平均ep報酬=   915.1 (エピソード数  4) policy_loss=-0.0011 value_loss=  33.254 entropy=-2.655 (この反復   2.4秒, 累計   9.6分)
    → 決定的方策の評価: best_reward候補 = -99.7 (これまでのベスト = 1232.3)
  iter 236/2000: rollout平均ep報酬=  1016.1 (エピソード数  4) policy_loss=+0.0522 value_loss=  24.003 entropy=-2.666 (この反復   2.5秒, 累計   9.6分)
  iter 237/2000: rollout平均ep報酬=  1404.2 (エピソード数  4) policy_loss=+0.0861 value_loss=  12.704 entropy=-2.666 (この反復   2.8秒, 累計   9.7分)
  iter 238/2000: rollout平均ep報酬=  1325.4 (エピソード数  4) policy_loss=+0.0434 value_loss=   1.781 entropy=-2.718 (この反復   2.7秒, 累計   9.7分)
  iter 239/2000: rollout平均ep報酬=   870.6 (エピソード数  4) policy_loss=+0.0063 value_loss=  53.028 entropy=-2.720 (この反復   2.8秒, 累計   9.8分)
  iter 240/2000: rollout平均ep報酬=  1288.9 (エピソード数  4) policy_loss=+0.0357 value_loss=   6.963 entropy=-2.744 (この反復   2.4秒, 累計   9.8分)
    → 決定的方策の評価: best_reward候補 = -103.2 (これまでのベスト = 1232.3)
  [checkpoint] これまでのベスト重みを ev3way_w1.npy/ev3way_w2.npy に中間保存しました
  iter 241/2000: rollout平均ep報酬=  1025.6 (エピソード数  4) policy_loss=-0.0225 value_loss=  20.304 entropy=-2.744 (この反復   3.0秒, 累計   9.8分)
  iter 242/2000: rollout平均ep報酬=  1400.4 (エピソード数  4) policy_loss=-0.0728 value_loss=   1.073 entropy=-2.768 (この反復   2.8秒, 累計   9.9分)
  iter 243/2000: rollout平均ep報酬=   942.1 (エピソード数  4) policy_loss=-0.0550 value_loss=  21.372 entropy=-2.771 (この反復   2.5秒, 累計   9.9分)
  iter 244/2000: rollout平均ep報酬=  1415.7 (エピソード数  4) policy_loss=+0.0083 value_loss=   1.275 entropy=-2.789 (この反復   2.9秒, 累計  10.0分)
  iter 245/2000: rollout平均ep報酬=  1080.3 (エピソード数  4) policy_loss=+0.0403 value_loss=  34.069 entropy=-2.792 (この反復   2.5秒, 累計  10.0分)
    → 決定的方策の評価: best_reward候補 = -95.4 (これまでのベスト = 1232.3)
  iter 246/2000: rollout平均ep報酬=   671.3 (エピソード数  5) policy_loss=-0.0311 value_loss=  27.365 entropy=-2.792 (この反復   2.7秒, 累計  10.1分)
  iter 247/2000: rollout平均ep報酬=  1064.7 (エピソード数  4) policy_loss=+0.0845 value_loss=  20.075 entropy=-2.788 (この反復   2.7秒, 累計  10.1分)
  iter 248/2000: rollout平均ep報酬=  1383.4 (エピソード数  4) policy_loss=-0.0302 value_loss=   1.167 entropy=-2.831 (この反復   2.4秒, 累計  10.2分)
  iter 249/2000: rollout平均ep報酬=   967.4 (エピソード数  4) policy_loss=+0.0384 value_loss=  96.496 entropy=-2.833 (この反復   2.8秒, 累計  10.2分)
  iter 250/2000: rollout平均ep報酬=   934.4 (エピソード数  4) policy_loss=-0.0930 value_loss=  22.476 entropy=-2.832 (この反復   2.7秒, 累計  10.3分)
    → 決定的方策の評価: best_reward候補 = 92.8 (これまでのベスト = 1232.3)
  [checkpoint] これまでのベスト重みを ev3way_w1.npy/ev3way_w2.npy に中間保存しました
  iter 251/2000: rollout平均ep報酬=  1316.8 (エピソード数  4) policy_loss=+0.0353 value_loss=   3.382 entropy=-2.845 (この反復   2.7秒, 累計  10.3分)
  iter 252/2000: rollout平均ep報酬=  1312.7 (エピソード数  4) policy_loss=-0.1051 value_loss=   4.878 entropy=-2.852 (この反復   2.5秒, 累計  10.4分)
  iter 253/2000: rollout平均ep報酬=   966.4 (エピソード数  4) policy_loss=-0.0358 value_loss=  28.886 entropy=-2.853 (この反復   2.8秒, 累計  10.4分)
  iter 254/2000: rollout平均ep報酬=  1032.5 (エピソード数  4) policy_loss=+0.0032 value_loss=   9.416 entropy=-2.857 (この反復   2.8秒, 累計  10.5分)
  iter 255/2000: rollout平均ep報酬=  1291.6 (エピソード数  4) policy_loss=+0.0453 value_loss=   6.817 entropy=-2.868 (この反復   2.6秒, 累計  10.5分)
    → 決定的方策の評価: best_reward候補 = 77.4 (これまでのベスト = 1232.3)
  iter 256/2000: rollout平均ep報酬=  1389.5 (エピソード数  4) policy_loss=-0.0966 value_loss=   0.717 entropy=-2.894 (この反復   2.8秒, 累計  10.6分)
  iter 257/2000: rollout平均ep報酬=  1351.1 (エピソード数  4) policy_loss=-0.0453 value_loss=   4.054 entropy=-2.921 (この反復   2.8秒, 累計  10.6分)
  iter 258/2000: rollout平均ep報酬=  1433.5 (エピソード数  4) policy_loss=-0.0072 value_loss=   1.011 entropy=-2.940 (この反復   3.0秒, 累計  10.7分)
  iter 259/2000: rollout平均ep報酬=  1346.8 (エピソード数  4) policy_loss=-0.0525 value_loss=   7.263 entropy=-2.944 (この反復   2.8秒, 累計  10.7分)
  iter 260/2000: rollout平均ep報酬=   859.2 (エピソード数  4) policy_loss=-0.0288 value_loss=  24.644 entropy=-2.945 (この反復   2.7秒, 累計  10.7分)
    → 決定的方策の評価: best_reward候補 = -120.7 (これまでのベスト = 1232.3)
  [checkpoint] これまでのベスト重みを ev3way_w1.npy/ev3way_w2.npy に中間保存しました
  iter 261/2000: rollout平均ep報酬=  1436.0 (エピソード数  4) policy_loss=-0.0005 value_loss=   0.155 entropy=-2.981 (この反復   3.1秒, 累計  10.8分)
  iter 262/2000: rollout平均ep報酬=   581.2 (エピソード数  6) policy_loss=-0.0188 value_loss=  33.414 entropy=-2.984 (この反復   2.5秒, 累計  10.9分)
  iter 263/2000: rollout平均ep報酬=  1047.4 (エピソード数  4) policy_loss=-0.0217 value_loss=   8.743 entropy=-2.984 (この反復   2.9秒, 累計  10.9分)
  iter 264/2000: rollout平均ep報酬=   611.1 (エピソード数  6) policy_loss=-0.0512 value_loss= 103.471 entropy=-2.983 (この反復   2.8秒, 累計  10.9分)
  iter 265/2000: rollout平均ep報酬=   950.0 (エピソード数  4) policy_loss=-0.0457 value_loss=  40.092 entropy=-2.982 (この反復   2.6秒, 累計  11.0分)
    → 決定的方策の評価: best_reward候補 = -101.9 (これまでのベスト = 1232.3)
  iter 266/2000: rollout平均ep報酬=  1410.4 (エピソード数  4) policy_loss=+0.0207 value_loss=  12.454 entropy=-2.986 (この反復   2.8秒, 累計  11.1分)
  iter 267/2000: rollout平均ep報酬=  1339.1 (エピソード数  4) policy_loss=-0.0590 value_loss=   4.164 entropy=-2.990 (この反復   2.5秒, 累計  11.1分)
  iter 268/2000: rollout平均ep報酬=  1043.6 (エピソード数  4) policy_loss=-0.0775 value_loss=  23.505 entropy=-2.991 (この反復   2.7秒, 累計  11.1分)
  iter 269/2000: rollout平均ep報酬=  1061.6 (エピソード数  4) policy_loss=-0.0107 value_loss=   9.123 entropy=-2.994 (この反復   2.9秒, 累計  11.2分)
  iter 270/2000: rollout平均ep報酬=  1218.4 (エピソード数  4) policy_loss=+0.0354 value_loss=  12.119 entropy=-2.995 (この反復   2.4秒, 累計  11.2分)
    → 決定的方策の評価: best_reward候補 = 437.5 (これまでのベスト = 1232.3)
  [checkpoint] これまでのベスト重みを ev3way_w1.npy/ev3way_w2.npy に中間保存しました
  iter 271/2000: rollout平均ep報酬=   630.9 (エピソード数  6) policy_loss=+0.0923 value_loss=  69.317 entropy=-2.995 (この反復   2.8秒, 累計  11.3分)
  iter 272/2000: rollout平均ep報酬=  1025.0 (エピソード数  4) policy_loss=-0.0771 value_loss=   7.806 entropy=-2.996 (この反復   2.9秒, 累計  11.4分)
  iter 273/2000: rollout平均ep報酬=  1064.0 (エピソード数  4) policy_loss=+0.0172 value_loss=  27.765 entropy=-2.997 (この反復   2.8秒, 累計  11.4分)
  iter 274/2000: rollout平均ep報酬=   929.3 (エピソード数  4) policy_loss=+0.0408 value_loss=  70.817 entropy=-2.996 (この反復   2.7秒, 累計  11.4分)
  iter 275/2000: rollout平均ep報酬=  1336.2 (エピソード数  4) policy_loss=+0.0908 value_loss=  20.335 entropy=-2.997 (この反復   2.7秒, 累計  11.5分)
    → 決定的方策の評価: best_reward候補 = 453.9 (これまでのベスト = 1232.3)
  iter 276/2000: rollout平均ep報酬=  1048.3 (エピソード数  4) policy_loss=-0.0149 value_loss=  11.819 entropy=-2.997 (この反復   2.6秒, 累計  11.6分)
  iter 277/2000: rollout平均ep報酬=   863.0 (エピソード数  5) policy_loss=+0.0702 value_loss=  45.956 entropy=-2.996 (この反復   2.9秒, 累計  11.6分)
  iter 278/2000: rollout平均ep報酬=  1316.5 (エピソード数  4) policy_loss=-0.0269 value_loss=  34.116 entropy=-2.998 (この反復   2.5秒, 累計  11.7分)
  iter 279/2000: rollout平均ep報酬=   730.1 (エピソード数  5) policy_loss=+0.0013 value_loss=  82.105 entropy=-2.998 (この反復   2.7秒, 累計  11.7分)
  iter 280/2000: rollout平均ep報酬=   817.7 (エピソード数  5) policy_loss=+0.0145 value_loss=  56.970 entropy=-2.998 (この反復   2.8秒, 累計  11.7分)
    → 決定的方策の評価: best_reward候補 = 372.6 (これまでのベスト = 1232.3)
  [checkpoint] これまでのベスト重みを ev3way_w1.npy/ev3way_w2.npy に中間保存しました
  iter 281/2000: rollout平均ep報酬=  1018.9 (エピソード数  4) policy_loss=-0.0372 value_loss=   7.065 entropy=-2.998 (この反復   3.0秒, 累計  11.8分)
  iter 282/2000: rollout平均ep報酬=  1442.9 (エピソード数  4) policy_loss=-0.0466 value_loss=   4.164 entropy=-2.998 (この反復   3.2秒, 累計  11.9分)
  iter 283/2000: rollout平均ep報酬=  1321.9 (エピソード数  4) policy_loss=+0.0891 value_loss=   8.403 entropy=-3.006 (この反復   2.5秒, 累計  11.9分)
  iter 284/2000: rollout平均ep報酬=  1028.3 (エピソード数  4) policy_loss=+0.0825 value_loss=  31.805 entropy=-3.006 (この反復   3.0秒, 累計  12.0分)
  iter 285/2000: rollout平均ep報酬=  1372.4 (エピソード数  4) policy_loss=-0.0169 value_loss=   1.189 entropy=-3.031 (この反復   3.0秒, 累計  12.0分)
    → 決定的方策の評価: best_reward候補 = 402.1 (これまでのベスト = 1232.3)
  iter 286/2000: rollout平均ep報酬=  1312.9 (エピソード数  4) policy_loss=+0.0311 value_loss=  27.737 entropy=-3.038 (この反復   2.9秒, 累計  12.1分)
  iter 287/2000: rollout平均ep報酬=  1457.5 (エピソード数  4) policy_loss=+0.0629 value_loss=   0.566 entropy=-3.068 (この反復   3.2秒, 累計  12.2分)
  iter 288/2000: rollout平均ep報酬=  1419.3 (エピソード数  4) policy_loss=+0.0520 value_loss=   0.410 entropy=-3.107 (この反復   3.0秒, 累計  12.2分)
  iter 289/2000: rollout平均ep報酬=  1303.5 (エピソード数  4) policy_loss=-0.0282 value_loss=   4.580 entropy=-3.106 (この反復   2.8秒, 累計  12.3分)
  iter 290/2000: rollout平均ep報酬=  1390.9 (エピソード数  4) policy_loss=-0.0093 value_loss=   1.834 entropy=-3.121 (この反復   2.9秒, 累計  12.3分)
    → 決定的方策の評価: best_reward候補 = 449.3 (これまでのベスト = 1232.3)
  [checkpoint] これまでのベスト重みを ev3way_w1.npy/ev3way_w2.npy に中間保存しました
  iter 291/2000: rollout平均ep報酬=  1223.2 (エピソード数  4) policy_loss=+0.0169 value_loss=   7.347 entropy=-3.125 (この反復   2.8秒, 累計  12.4分)
  iter 292/2000: rollout平均ep報酬=  1439.3 (エピソード数  4) policy_loss=+0.0705 value_loss=   1.004 entropy=-3.141 (この反復   2.8秒, 累計  12.4分)
  iter 293/2000: rollout平均ep報酬=  1320.1 (エピソード数  4) policy_loss=+0.0366 value_loss=   2.244 entropy=-3.156 (この反復   2.6秒, 累計  12.5分)
  iter 294/2000: rollout平均ep報酬=  1054.6 (エピソード数  4) policy_loss=-0.0335 value_loss=  24.669 entropy=-3.158 (この反復   2.7秒, 累計  12.5分)
  iter 295/2000: rollout平均ep報酬=  1143.2 (エピソード数  4) policy_loss=-0.0302 value_loss=  11.756 entropy=-3.156 (この反復   2.7秒, 累計  12.6分)
    → 決定的方策の評価: best_reward候補 = -12.1 (これまでのベスト = 1232.3)
  iter 296/2000: rollout平均ep報酬=  1389.8 (エピソード数  4) policy_loss=+0.0556 value_loss=   1.429 entropy=-3.159 (この反復   3.2秒, 累計  12.6分)
  iter 297/2000: rollout平均ep報酬=  1392.8 (エピソード数  4) policy_loss=+0.0447 value_loss=   2.712 entropy=-3.158 (この反復   2.8秒, 累計  12.7分)
  iter 298/2000: rollout平均ep報酬=  1033.2 (エピソード数  4) policy_loss=+0.0724 value_loss=  19.505 entropy=-3.155 (この反復   3.0秒, 累計  12.7分)
  iter 299/2000: rollout平均ep報酬=   943.7 (エピソード数  4) policy_loss=+0.0403 value_loss=  21.671 entropy=-3.152 (この反復   2.9秒, 累計  12.8分)
  iter 300/2000: rollout平均ep報酬=  1436.4 (エピソード数  4) policy_loss=+0.0866 value_loss=   0.225 entropy=-3.179 (この反復   3.1秒, 累計  12.8分)
    → 決定的方策の評価: best_reward候補 = 647.9 (これまでのベスト = 1232.3)
  [checkpoint] これまでのベスト重みを ev3way_w1.npy/ev3way_w2.npy に中間保存しました
  iter 301/2000: rollout平均ep報酬=  1360.9 (エピソード数  4) policy_loss=-0.0357 value_loss=   3.801 entropy=-3.177 (この反復   2.9秒, 累計  12.9分)
  iter 302/2000: rollout平均ep報酬=  1237.9 (エピソード数  4) policy_loss=-0.0106 value_loss=   4.189 entropy=-3.179 (この反復   2.6秒, 累計  13.0分)
  iter 303/2000: rollout平均ep報酬=  1371.8 (エピソード数  4) policy_loss=-0.0080 value_loss=   2.304 entropy=-3.195 (この反復   2.9秒, 累計  13.0分)
  iter 304/2000: rollout平均ep報酬=  1340.5 (エピソード数  4) policy_loss=+0.0108 value_loss=   5.693 entropy=-3.204 (この反復   2.9秒, 累計  13.1分)
  iter 305/2000: rollout平均ep報酬=  1441.7 (エピソード数  4) policy_loss=-0.0446 value_loss=   1.532 entropy=-3.244 (この反復   2.7秒, 累計  13.1分)
    → 決定的方策の評価: best_reward候補 = 374.6 (これまでのベスト = 1232.3)
  iter 306/2000: rollout平均ep報酬=  1279.0 (エピソード数  4) policy_loss=+0.0570 value_loss=   3.216 entropy=-3.239 (この反復   2.7秒, 累計  13.2分)
  iter 307/2000: rollout平均ep報酬=  1315.8 (エピソード数  4) policy_loss=-0.0039 value_loss=   5.681 entropy=-3.248 (この反復   2.8秒, 累計  13.2分)
  iter 308/2000: rollout平均ep報酬=  1388.7 (エピソード数  4) policy_loss=+0.0901 value_loss=   1.611 entropy=-3.256 (この反復   2.7秒, 累計  13.3分)
  iter 309/2000: rollout平均ep報酬=  1436.9 (エピソード数  4) policy_loss=+0.0625 value_loss=   0.491 entropy=-3.286 (この反復   3.1秒, 累計  13.3分)
  iter 310/2000: rollout平均ep報酬=  1388.0 (エピソード数  4) policy_loss=-0.0543 value_loss=   0.438 entropy=-3.313 (この反復   2.9秒, 累計  13.4分)
    → 決定的方策の評価: best_reward候補 = -110.1 (これまでのベスト = 1232.3)
  [checkpoint] これまでのベスト重みを ev3way_w1.npy/ev3way_w2.npy に中間保存しました
  iter 311/2000: rollout平均ep報酬=  1390.9 (エピソード数  4) policy_loss=+0.0963 value_loss=   0.622 entropy=-3.359 (この反復   2.9秒, 累計  13.4分)
  iter 312/2000: rollout平均ep報酬=  1393.4 (エピソード数  4) policy_loss=-0.1020 value_loss=   0.865 entropy=-3.370 (この反復   3.0秒, 累計  13.5分)
  iter 313/2000: rollout平均ep報酬=  1403.2 (エピソード数  4) policy_loss=-0.0630 value_loss=   0.518 entropy=-3.374 (この反復   3.3秒, 累計  13.5分)
  iter 314/2000: rollout平均ep報酬=  1003.6 (エピソード数  4) policy_loss=-0.0251 value_loss=  25.122 entropy=-3.372 (この反復   2.9秒, 累計  13.6分)
  iter 315/2000: rollout平均ep報酬=  1131.9 (エピソード数  4) policy_loss=+0.0035 value_loss=  19.893 entropy=-3.371 (この反復   2.9秒, 累計  13.6分)
    → 決定的方策の評価: best_reward候補 = 62.7 (これまでのベスト = 1232.3)
  iter 316/2000: rollout平均ep報酬=  1337.9 (エピソード数  4) policy_loss=+0.0329 value_loss=   5.300 entropy=-3.374 (この反復   3.0秒, 累計  13.7分)
  iter 317/2000: rollout平均ep報酬=  1295.1 (エピソード数  4) policy_loss=+0.0071 value_loss=   2.457 entropy=-3.377 (この反復   2.8秒, 累計  13.7分)
  iter 318/2000: rollout平均ep報酬=   988.0 (エピソード数  4) policy_loss=-0.0467 value_loss=   2.480 entropy=-3.377 (この反復   3.0秒, 累計  13.8分)
  iter 319/2000: rollout平均ep報酬=  1361.9 (エピソード数  4) policy_loss=-0.0276 value_loss=   3.133 entropy=-3.375 (この反復   2.9秒, 累計  13.8分)
  iter 320/2000: rollout平均ep報酬=  1378.1 (エピソード数  4) policy_loss=+0.0610 value_loss=   1.334 entropy=-3.368 (この反復   3.1秒, 累計  13.9分)
    → 決定的方策の評価: best_reward候補 = -76.3 (これまでのベスト = 1232.3)
  [checkpoint] これまでのベスト重みを ev3way_w1.npy/ev3way_w2.npy に中間保存しました
  iter 321/2000: rollout平均ep報酬=  1444.2 (エピソード数  4) policy_loss=+0.0258 value_loss=   0.196 entropy=-3.384 (この反復   2.9秒, 累計  14.0分)
  iter 322/2000: rollout平均ep報酬=  1391.2 (エピソード数  4) policy_loss=-0.0252 value_loss=   1.578 entropy=-3.393 (この反復   3.0秒, 累計  14.0分)
  iter 323/2000: rollout平均ep報酬=  1433.2 (エピソード数  4) policy_loss=-0.0567 value_loss=   0.691 entropy=-3.411 (この反復   3.2秒, 累計  14.1分)
  iter 324/2000: rollout平均ep報酬=  1404.4 (エピソード数  4) policy_loss=+0.0213 value_loss=   0.587 entropy=-3.401 (この反復   3.2秒, 累計  14.1分)
  iter 325/2000: rollout平均ep報酬=  1391.2 (エピソード数  4) policy_loss=+0.0390 value_loss=   0.977 entropy=-3.396 (この反復   3.0秒, 累計  14.2分)
    → 決定的方策の評価: best_reward候補 = 52.8 (これまでのベスト = 1232.3)
  iter 326/2000: rollout平均ep報酬=  1386.8 (エピソード数  4) policy_loss=-0.0735 value_loss=   0.959 entropy=-3.407 (この反復   3.0秒, 累計  14.2分)
  iter 327/2000: rollout平均ep報酬=  1375.2 (エピソード数  4) policy_loss=+0.0495 value_loss=   1.135 entropy=-3.407 (この反復   2.9秒, 累計  14.3分)
  iter 328/2000: rollout平均ep報酬=  1118.0 (エピソード数  4) policy_loss=-0.0501 value_loss=   3.667 entropy=-3.407 (この反復   3.1秒, 累計  14.3分)
  iter 329/2000: rollout平均ep報酬=   615.6 (エピソード数  7) policy_loss=+0.0117 value_loss=  16.121 entropy=-3.406 (この反復   2.9秒, 累計  14.4分)
  iter 330/2000: rollout平均ep報酬=  1404.1 (エピソード数  4) policy_loss=-0.0294 value_loss=   0.647 entropy=-3.405 (この反復   3.2秒, 累計  14.4分)
    → 決定的方策の評価: best_reward候補 = -73.4 (これまでのベスト = 1232.3)
  [checkpoint] これまでのベスト重みを ev3way_w1.npy/ev3way_w2.npy に中間保存しました
  iter 331/2000: rollout平均ep報酬=  1436.3 (エピソード数  4) policy_loss=+0.0599 value_loss=   3.229 entropy=-3.409 (この反復   3.1秒, 累計  14.5分)
  iter 332/2000: rollout平均ep報酬=  1089.0 (エピソード数  4) policy_loss=+0.0310 value_loss=   1.841 entropy=-3.414 (この反復   3.1秒, 累計  14.5分)
  iter 333/2000: rollout平均ep報酬=  1417.0 (エピソード数  4) policy_loss=+0.0629 value_loss=   1.241 entropy=-3.428 (この反復   3.0秒, 累計  14.6分)
  iter 334/2000: rollout平均ep報酬=  1096.9 (エピソード数  4) policy_loss=-0.0346 value_loss=   6.279 entropy=-3.427 (この反復   3.1秒, 累計  14.6分)
  iter 335/2000: rollout平均ep報酬=  1433.2 (エピソード数  4) policy_loss=-0.0187 value_loss=   0.383 entropy=-3.438 (この反復   3.2秒, 累計  14.7分)
    → 決定的方策の評価: best_reward候補 = -119.9 (これまでのベスト = 1232.3)
  iter 336/2000: rollout平均ep報酬=  1096.0 (エピソード数  4) policy_loss=-0.0120 value_loss=   3.924 entropy=-3.438 (この反復   3.1秒, 累計  14.8分)
  iter 337/2000: rollout平均ep報酬=  1418.5 (エピソード数  4) policy_loss=-0.0459 value_loss=   1.303 entropy=-3.451 (この反復   3.0秒, 累計  14.8分)
  iter 338/2000: rollout平均ep報酬=  1444.6 (エピソード数  4) policy_loss=+0.0139 value_loss=   1.026 entropy=-3.474 (この反復   3.1秒, 累計  14.9分)
  iter 339/2000: rollout平均ep報酬=  1443.8 (エピソード数  4) policy_loss=+0.0224 value_loss=   0.428 entropy=-3.485 (この反復   3.0秒, 累計  14.9分)
  iter 340/2000: rollout平均ep報酬=  1343.7 (エピソード数  4) policy_loss=+0.1032 value_loss=   2.868 entropy=-3.486 (この反復   3.0秒, 累計  15.0分)
    → 決定的方策の評価: best_reward候補 = -78.8 (これまでのベスト = 1232.3)
  [checkpoint] これまでのベスト重みを ev3way_w1.npy/ev3way_w2.npy に中間保存しました
  iter 341/2000: rollout平均ep報酬=  1071.3 (エピソード数  4) policy_loss=+0.0000 value_loss=   6.436 entropy=-3.485 (この反復   3.2秒, 累計  15.0分)
  iter 342/2000: rollout平均ep報酬=  1424.1 (エピソード数  4) policy_loss=+0.0151 value_loss=   0.891 entropy=-3.497 (この反復   3.0秒, 累計  15.1分)
  iter 343/2000: rollout平均ep報酬=  1193.1 (エピソード数  4) policy_loss=+0.0151 value_loss=  13.060 entropy=-3.499 (この反復   2.9秒, 累計  15.1分)
  iter 344/2000: rollout平均ep報酬=  1378.1 (エピソード数  4) policy_loss=+0.0269 value_loss=  13.576 entropy=-3.501 (この反復   3.0秒, 累計  15.2分)
  iter 345/2000: rollout平均ep報酬=  1244.7 (エピソード数  4) policy_loss=-0.1518 value_loss=   9.654 entropy=-3.505 (この反復   2.8秒, 累計  15.2分)
    → 決定的方策の評価: best_reward候補 = -51.0 (これまでのベスト = 1232.3)
  iter 346/2000: rollout平均ep報酬=  1378.2 (エピソード数  4) policy_loss=-0.0621 value_loss=   0.329 entropy=-3.507 (この反復   3.0秒, 累計  15.3分)
  iter 347/2000: rollout平均ep報酬=  1381.5 (エピソード数  4) policy_loss=+0.0666 value_loss=   1.810 entropy=-3.513 (この反復   3.1秒, 累計  15.3分)
  iter 348/2000: rollout平均ep報酬=  1423.6 (エピソード数  4) policy_loss=+0.0556 value_loss=   0.361 entropy=-3.523 (この反復   3.1秒, 累計  15.4分)
  iter 349/2000: rollout平均ep報酬=  1090.6 (エピソード数  4) policy_loss=+0.1078 value_loss=  26.471 entropy=-3.523 (この反復   3.2秒, 累計  15.4分)
  iter 350/2000: rollout平均ep報酬=  1445.3 (エピソード数  4) policy_loss=+0.0091 value_loss=   0.486 entropy=-3.541 (この反復   3.1秒, 累計  15.5分)
    → 決定的方策の評価: best_reward候補 = -22.8 (これまでのベスト = 1232.3)
  [checkpoint] これまでのベスト重みを ev3way_w1.npy/ev3way_w2.npy に中間保存しました
  iter 351/2000: rollout平均ep報酬=  1425.6 (エピソード数  4) policy_loss=-0.0653 value_loss=   0.903 entropy=-3.541 (この反復   3.0秒, 累計  15.6分)
  iter 352/2000: rollout平均ep報酬=  1380.2 (エピソード数  4) policy_loss=-0.0282 value_loss=   1.424 entropy=-3.548 (この反復   3.1秒, 累計  15.6分)
  iter 353/2000: rollout平均ep報酬=  1385.2 (エピソード数  4) policy_loss=-0.0324 value_loss=   0.999 entropy=-3.559 (この反復   3.0秒, 累計  15.7分)
  iter 354/2000: rollout平均ep報酬=  1393.4 (エピソード数  4) policy_loss=-0.0182 value_loss=   2.114 entropy=-3.555 (この反復   3.1秒, 累計  15.7分)
  iter 355/2000: rollout平均ep報酬=  1396.1 (エピソード数  4) policy_loss=+0.0468 value_loss=   1.706 entropy=-3.558 (この反復   3.0秒, 累計  15.8分)
    → 決定的方策の評価: best_reward候補 = -154.9 (これまでのベスト = 1232.3)
  iter 356/2000: rollout平均ep報酬=  1412.3 (エピソード数  4) policy_loss=-0.0849 value_loss=   0.881 entropy=-3.571 (この反復   3.1秒, 累計  15.8分)
  iter 357/2000: rollout平均ep報酬=  1043.1 (エピソード数  4) policy_loss=+0.0883 value_loss=   7.408 entropy=-3.573 (この反復   3.1秒, 累計  15.9分)
  iter 358/2000: rollout平均ep報酬=  1409.4 (エピソード数  4) policy_loss=-0.0157 value_loss=   0.691 entropy=-3.580 (この反復   2.9秒, 累計  15.9分)
  iter 359/2000: rollout平均ep報酬=  1420.6 (エピソード数  4) policy_loss=+0.0292 value_loss=   0.400 entropy=-3.604 (この反復   3.1秒, 累計  16.0分)
  iter 360/2000: rollout平均ep報酬=  1275.2 (エピソード数  4) policy_loss=+0.0048 value_loss=   3.178 entropy=-3.610 (この反復   3.0秒, 累計  16.0分)
    → 決定的方策の評価: best_reward候補 = -140.0 (これまでのベスト = 1232.3)
  [checkpoint] これまでのベスト重みを ev3way_w1.npy/ev3way_w2.npy に中間保存しました
  iter 361/2000: rollout平均ep報酬=   762.9 (エピソード数  4) policy_loss=-0.0559 value_loss=  27.516 entropy=-3.610 (この反復   3.0秒, 累計  16.1分)
  iter 362/2000: rollout平均ep報酬=  1424.7 (エピソード数  4) policy_loss=+0.0354 value_loss=   0.882 entropy=-3.610 (この反復   3.1秒, 累計  16.1分)
  iter 363/2000: rollout平均ep報酬=   776.6 (エピソード数  5) policy_loss=-0.0759 value_loss=  11.269 entropy=-3.612 (この反復   2.9秒, 累計  16.2分)
  iter 364/2000: rollout平均ep報酬=  1401.1 (エピソード数  4) policy_loss=-0.0684 value_loss=   0.414 entropy=-3.610 (この反復   3.0秒, 累計  16.2分)
  iter 365/2000: rollout平均ep報酬=  1029.6 (エピソード数  4) policy_loss=-0.0078 value_loss=  22.113 entropy=-3.610 (この反復   3.1秒, 累計  16.3分)
    → 決定的方策の評価: best_reward候補 = -62.0 (これまでのベスト = 1232.3)
  iter 366/2000: rollout平均ep報酬=  1435.3 (エピソード数  4) policy_loss=+0.0405 value_loss=   0.521 entropy=-3.612 (この反復   3.3秒, 累計  16.3分)
  iter 367/2000: rollout平均ep報酬=  1440.7 (エピソード数  4) policy_loss=+0.0552 value_loss=   0.785 entropy=-3.607 (この反復   3.1秒, 累計  16.4分)
  iter 368/2000: rollout平均ep報酬=   849.0 (エピソード数  4) policy_loss=+0.0499 value_loss=  91.424 entropy=-3.605 (この反復   2.7秒, 累計  16.4分)
  iter 369/2000: rollout平均ep報酬=  1362.7 (エピソード数  4) policy_loss=+0.0539 value_loss=   0.751 entropy=-3.616 (この反復   3.0秒, 累計  16.5分)
  iter 370/2000: rollout平均ep報酬=  1121.2 (エピソード数  4) policy_loss=+0.0309 value_loss=   5.423 entropy=-3.616 (この反復   3.1秒, 累計  16.5分)
    → 決定的方策の評価: best_reward候補 = -124.4 (これまでのベスト = 1232.3)
  [checkpoint] これまでのベスト重みを ev3way_w1.npy/ev3way_w2.npy に中間保存しました
  iter 371/2000: rollout平均ep報酬=   810.0 (エピソード数  5) policy_loss=-0.0530 value_loss=  19.787 entropy=-3.615 (この反復   3.1秒, 累計  16.6分)
  iter 372/2000: rollout平均ep報酬=  1406.4 (エピソード数  4) policy_loss=+0.0332 value_loss=   2.096 entropy=-3.619 (この反復   3.0秒, 累計  16.6分)
  iter 373/2000: rollout平均ep報酬=   989.6 (エピソード数  4) policy_loss=+0.0014 value_loss=  46.208 entropy=-3.620 (この反復   2.9秒, 累計  16.7分)
  iter 374/2000: rollout平均ep報酬=  1412.9 (エピソード数  4) policy_loss=-0.0262 value_loss=   0.998 entropy=-3.629 (この反復   3.2秒, 累計  16.7分)
  iter 375/2000: rollout平均ep報酬=  1393.7 (エピソード数  4) policy_loss=-0.0490 value_loss=   0.446 entropy=-3.647 (この反復   3.0秒, 累計  16.8分)
    → 決定的方策の評価: best_reward候補 = -188.2 (これまでのベスト = 1232.3)
  iter 376/2000: rollout平均ep報酬=  1001.5 (エピソード数  4) policy_loss=+0.0054 value_loss=   8.607 entropy=-3.648 (この反復   2.9秒, 累計  16.9分)
  iter 377/2000: rollout平均ep報酬=   624.6 (エピソード数  5) policy_loss=-0.0116 value_loss=  67.509 entropy=-3.647 (この反復   3.0秒, 累計  16.9分)
  iter 378/2000: rollout平均ep報酬=  1225.2 (エピソード数  4) policy_loss=-0.0504 value_loss=  14.684 entropy=-3.646 (この反復   2.9秒, 累計  17.0分)
  iter 379/2000: rollout平均ep報酬=   974.7 (エピソード数  4) policy_loss=+0.0949 value_loss=  29.755 entropy=-3.646 (この反復   2.7秒, 累計  17.0分)
  iter 380/2000: rollout平均ep報酬=  1422.9 (エピソード数  4) policy_loss=+0.0051 value_loss=   1.067 entropy=-3.647 (この反復   3.0秒, 累計  17.1分)
    → 決定的方策の評価: best_reward候補 = -165.4 (これまでのベスト = 1232.3)
  [checkpoint] これまでのベスト重みを ev3way_w1.npy/ev3way_w2.npy に中間保存しました
  iter 381/2000: rollout平均ep報酬=  1078.4 (エピソード数  4) policy_loss=-0.0626 value_loss=   5.338 entropy=-3.647 (この反復   3.1秒, 累計  17.1分)
  iter 382/2000: rollout平均ep報酬=   672.2 (エピソード数  5) policy_loss=-0.0653 value_loss=  64.751 entropy=-3.647 (この反復   2.7秒, 累計  17.2分)
  iter 383/2000: rollout平均ep報酬=  1397.9 (エピソード数  4) policy_loss=+0.0173 value_loss=   2.133 entropy=-3.648 (この反復   3.1秒, 累計  17.2分)
  iter 384/2000: rollout平均ep報酬=  1458.4 (エピソード数  4) policy_loss=+0.0345 value_loss=   0.598 entropy=-3.654 (この反復   3.1秒, 累計  17.3分)
  iter 385/2000: rollout平均ep報酬=  1339.4 (エピソード数  4) policy_loss=-0.0315 value_loss=   4.638 entropy=-3.658 (この反復   3.0秒, 累計  17.3分)
    → 決定的方策の評価: best_reward候補 = -314.6 (これまでのベスト = 1232.3)
  iter 386/2000: rollout平均ep報酬=  1010.1 (エピソード数  4) policy_loss=+0.0662 value_loss=  12.446 entropy=-3.658 (この反復   3.1秒, 累計  17.4分)
  iter 387/2000: rollout平均ep報酬=  1411.5 (エピソード数  4) policy_loss=-0.0704 value_loss=   0.891 entropy=-3.667 (この反復   3.1秒, 累計  17.4分)
  iter 388/2000: rollout平均ep報酬=  1437.7 (エピソード数  4) policy_loss=-0.0101 value_loss=   0.683 entropy=-3.681 (この反復   3.1秒, 累計  17.5分)
  iter 389/2000: rollout平均ep報酬=  1371.9 (エピソード数  4) policy_loss=-0.0095 value_loss=   0.905 entropy=-3.685 (この反復   3.2秒, 累計  17.5分)
  iter 390/2000: rollout平均ep報酬=   939.4 (エピソード数  4) policy_loss=+0.0757 value_loss=   9.123 entropy=-3.686 (この反復   2.9秒, 累計  17.6分)
    → 決定的方策の評価: best_reward候補 = -36.4 (これまでのベスト = 1232.3)
  [checkpoint] これまでのベスト重みを ev3way_w1.npy/ev3way_w2.npy に中間保存しました
  iter 391/2000: rollout平均ep報酬=  1411.1 (エピソード数  4) policy_loss=-0.0855 value_loss=   7.304 entropy=-3.679 (この反復   2.9秒, 累計  17.6分)
  iter 392/2000: rollout平均ep報酬=  1403.2 (エピソード数  4) policy_loss=-0.1033 value_loss=   0.989 entropy=-3.680 (この反復   3.2秒, 累計  17.7分)
  iter 393/2000: rollout平均ep報酬=   983.2 (エピソード数  4) policy_loss=-0.0966 value_loss=  61.261 entropy=-3.680 (この反復   2.8秒, 累計  17.7分)
  iter 394/2000: rollout平均ep報酬=  1402.2 (エピソード数  4) policy_loss=+0.0321 value_loss=   1.073 entropy=-3.678 (この反復   3.0秒, 累計  17.8分)
  iter 395/2000: rollout平均ep報酬=  1455.8 (エピソード数  4) policy_loss=-0.0646 value_loss=   0.502 entropy=-3.703 (この反復   3.2秒, 累計  17.8分)
    → 決定的方策の評価: best_reward候補 = 82.6 (これまでのベスト = 1232.3)
  iter 396/2000: rollout平均ep報酬=  1381.4 (エピソード数  4) policy_loss=-0.0108 value_loss=   1.975 entropy=-3.707 (この反復   3.0秒, 累計  17.9分)
  iter 397/2000: rollout平均ep報酬=  1462.6 (エピソード数  4) policy_loss=-0.0071 value_loss=   0.419 entropy=-3.728 (この反復   3.2秒, 累計  18.0分)
  iter 398/2000: rollout平均ep報酬=  1380.0 (エピソード数  4) policy_loss=+0.0501 value_loss=   1.061 entropy=-3.736 (この反復   3.1秒, 累計  18.0分)
  iter 399/2000: rollout平均ep報酬=  1037.8 (エピソード数  4) policy_loss=+0.0685 value_loss=  28.154 entropy=-3.737 (この反復   3.0秒, 累計  18.1分)
  iter 400/2000: rollout平均ep報酬=  1462.6 (エピソード数  4) policy_loss=+0.0310 value_loss=   0.102 entropy=-3.762 (この反復   3.3秒, 累計  18.1分)
    → 決定的方策の評価: best_reward候補 = -8.2 (これまでのベスト = 1232.3)
  [checkpoint] これまでのベスト重みを ev3way_w1.npy/ev3way_w2.npy に中間保存しました
  iter 401/2000: rollout平均ep報酬=  1079.4 (エピソード数  4) policy_loss=+0.0146 value_loss=  13.484 entropy=-3.764 (この反復   2.8秒, 累計  18.2分)
  iter 402/2000: rollout平均ep報酬=  1481.3 (エピソード数  4) policy_loss=+0.0235 value_loss=   0.026 entropy=-3.808 (この反復   3.2秒, 累計  18.2分)
  iter 403/2000: rollout平均ep報酬=  1468.7 (エピソード数  4) policy_loss=+0.0216 value_loss=   0.080 entropy=-3.817 (この反復   3.1秒, 累計  18.3分)
  iter 404/2000: rollout平均ep報酬=  1450.1 (エピソード数  4) policy_loss=-0.0285 value_loss=   0.144 entropy=-3.845 (この反復   3.3秒, 累計  18.3分)
  iter 405/2000: rollout平均ep報酬=  1457.1 (エピソード数  4) policy_loss=+0.0410 value_loss=   3.138 entropy=-3.854 (この反復   2.9秒, 累計  18.4分)
    → 決定的方策の評価: best_reward候補 = -47.5 (これまでのベスト = 1232.3)
  iter 406/2000: rollout平均ep報酬=  1466.3 (エピソード数  4) policy_loss=-0.0513 value_loss=   0.064 entropy=-3.878 (この反復   3.3秒, 累計  18.4分)
  iter 407/2000: rollout平均ep報酬=  1418.7 (エピソード数  4) policy_loss=-0.0027 value_loss=   0.591 entropy=-3.875 (この反復   3.2秒, 累計  18.5分)
  iter 408/2000: rollout平均ep報酬=  1295.3 (エピソード数  4) policy_loss=-0.0046 value_loss=   3.718 entropy=-3.873 (この反復   3.0秒, 累計  18.5分)
  iter 409/2000: rollout平均ep報酬=  1072.7 (エピソード数  4) policy_loss=+0.1034 value_loss=  16.103 entropy=-3.873 (この反復   2.7秒, 累計  18.6分)
  iter 410/2000: rollout平均ep報酬=  1354.9 (エピソード数  4) policy_loss=-0.0257 value_loss=   1.214 entropy=-3.874 (この反復   3.1秒, 累計  18.6分)
    → 決定的方策の評価: best_reward候補 = 51.0 (これまでのベスト = 1232.3)
  [checkpoint] これまでのベスト重みを ev3way_w1.npy/ev3way_w2.npy に中間保存しました
  iter 411/2000: rollout平均ep報酬=  1372.1 (エピソード数  4) policy_loss=+0.0403 value_loss=   1.133 entropy=-3.884 (この反復   3.0秒, 累計  18.7分)
  iter 412/2000: rollout平均ep報酬=  1471.9 (エピソード数  4) policy_loss=-0.0501 value_loss=   0.671 entropy=-3.888 (この反復   3.2秒, 累計  18.8分)
  iter 413/2000: rollout平均ep報酬=  1466.7 (エピソード数  4) policy_loss=+0.0356 value_loss=   0.077 entropy=-3.878 (この反復   3.2秒, 累計  18.8分)
  iter 414/2000: rollout平均ep報酬=  1248.1 (エピソード数  4) policy_loss=-0.0748 value_loss=   3.257 entropy=-3.881 (この反復   2.8秒, 累計  18.9分)
  iter 415/2000: rollout平均ep報酬=  1417.0 (エピソード数  4) policy_loss=-0.0243 value_loss=   0.518 entropy=-3.854 (この反復   3.2秒, 累計  18.9分)
    → 決定的方策の評価: best_reward候補 = -37.5 (これまでのベスト = 1232.3)
  iter 416/2000: rollout平均ep報酬=  1226.7 (エピソード数  4) policy_loss=-0.0418 value_loss=  12.464 entropy=-3.850 (この反復   3.1秒, 累計  19.0分)
  iter 417/2000: rollout平均ep報酬=  1083.8 (エピソード数  4) policy_loss=+0.0140 value_loss=  16.166 entropy=-3.848 (この反復   3.1秒, 累計  19.0分)
  iter 418/2000: rollout平均ep報酬=  1455.3 (エピソード数  4) policy_loss=+0.1233 value_loss=   0.676 entropy=-3.862 (この反復   3.2秒, 累計  19.1分)
  iter 419/2000: rollout平均ep報酬=  1439.2 (エピソード数  4) policy_loss=+0.0935 value_loss=   0.413 entropy=-3.881 (この反復   3.2秒, 累計  19.1分)
  iter 420/2000: rollout平均ep報酬=  1422.9 (エピソード数  4) policy_loss=-0.0449 value_loss=   0.580 entropy=-3.877 (この反復   3.2秒, 累計  19.2分)
    → 決定的方策の評価: best_reward候補 = 138.2 (これまでのベスト = 1232.3)
  [checkpoint] これまでのベスト重みを ev3way_w1.npy/ev3way_w2.npy に中間保存しました
  iter 421/2000: rollout平均ep報酬=  1446.7 (エピソード数  4) policy_loss=+0.0196 value_loss=   0.844 entropy=-3.885 (この反復   3.2秒, 累計  19.3分)
  iter 422/2000: rollout平均ep報酬=  1245.7 (エピソード数  4) policy_loss=+0.0421 value_loss=   5.746 entropy=-3.886 (この反復   3.1秒, 累計  19.3分)
  iter 423/2000: rollout平均ep報酬=  1462.1 (エピソード数  4) policy_loss=-0.0574 value_loss=   0.161 entropy=-3.887 (この反復   3.2秒, 累計  19.4分)
  iter 424/2000: rollout平均ep報酬=  1452.8 (エピソード数  4) policy_loss=+0.0474 value_loss=   0.106 entropy=-3.886 (この反復   3.2秒, 累計  19.4分)
  iter 425/2000: rollout平均ep報酬=  1444.4 (エピソード数  4) policy_loss=-0.0081 value_loss=   0.174 entropy=-3.915 (この反復   3.2秒, 累計  19.5分)
    → 決定的方策の評価: best_reward候補 = -24.9 (これまでのベスト = 1232.3)
  iter 426/2000: rollout平均ep報酬=  1482.9 (エピソード数  4) policy_loss=+0.0415 value_loss=   0.098 entropy=-3.938 (この反復   3.1秒, 累計  19.5分)
  iter 427/2000: rollout平均ep報酬=  1405.2 (エピソード数  4) policy_loss=+0.0344 value_loss=   2.046 entropy=-3.930 (この反復   2.9秒, 累計  19.6分)
  iter 428/2000: rollout平均ep報酬=   922.4 (エピソード数  5) policy_loss=-0.0498 value_loss=  20.216 entropy=-3.929 (この反復   3.0秒, 累計  19.6分)
  iter 429/2000: rollout平均ep報酬=  1400.5 (エピソード数  4) policy_loss=-0.0155 value_loss=   0.106 entropy=-3.940 (この反復   3.2秒, 累計  19.7分)
  iter 430/2000: rollout平均ep報酬=  1472.8 (エピソード数  4) policy_loss=-0.0363 value_loss=   0.066 entropy=-3.961 (この反復   3.1秒, 累計  19.7分)
    → 決定的方策の評価: best_reward候補 = -97.6 (これまでのベスト = 1232.3)
  [checkpoint] これまでのベスト重みを ev3way_w1.npy/ev3way_w2.npy に中間保存しました
  iter 431/2000: rollout平均ep報酬=  1474.7 (エピソード数  4) policy_loss=+0.0558 value_loss=   0.397 entropy=-3.980 (この反復   3.1秒, 累計  19.8分)
  iter 432/2000: rollout平均ep報酬=  1455.4 (エピソード数  4) policy_loss=+0.0204 value_loss=   0.193 entropy=-3.974 (この反復   3.0秒, 累計  19.8分)
  iter 433/2000: rollout平均ep報酬=  1475.6 (エピソード数  4) policy_loss=-0.0389 value_loss=   0.014 entropy=-3.998 (この反復   3.3秒, 累計  19.9分)
  iter 434/2000: rollout平均ep報酬=  1214.6 (エピソード数  4) policy_loss=+0.0134 value_loss=   9.677 entropy=-4.001 (この反復   2.7秒, 累計  19.9分)
  iter 435/2000: rollout平均ep報酬=  1317.5 (エピソード数  4) policy_loss=+0.0293 value_loss=   2.380 entropy=-3.999 (この反復   2.9秒, 累計  20.0分)
    → 決定的方策の評価: best_reward候補 = -3.2 (これまでのベスト = 1232.3)
  iter 436/2000: rollout平均ep報酬=  1251.9 (エピソード数  4) policy_loss=-0.0513 value_loss=   3.027 entropy=-3.997 (この反復   3.0秒, 累計  20.1分)
  iter 437/2000: rollout平均ep報酬=  1468.3 (エピソード数  4) policy_loss=-0.0848 value_loss=   0.083 entropy=-3.991 (この反復   3.2秒, 累計  20.1分)
  iter 438/2000: rollout平均ep報酬=  1479.2 (エピソード数  4) policy_loss=-0.0888 value_loss=   0.027 entropy=-4.000 (この反復   3.0秒, 累計  20.2分)
  iter 439/2000: rollout平均ep報酬=   953.3 (エピソード数  5) policy_loss=-0.0329 value_loss=  18.384 entropy=-4.001 (この反復   2.8秒, 累計  20.2分)
  iter 440/2000: rollout平均ep報酬=  1457.1 (エピソード数  4) policy_loss=-0.0894 value_loss=   0.388 entropy=-4.010 (この反復   3.0秒, 累計  20.3分)
    → 決定的方策の評価: best_reward候補 = -162.0 (これまでのベスト = 1232.3)
  [checkpoint] これまでのベスト重みを ev3way_w1.npy/ev3way_w2.npy に中間保存しました
  iter 441/2000: rollout平均ep報酬=  1362.2 (エピソード数  4) policy_loss=-0.0008 value_loss=   3.308 entropy=-4.016 (この反復   2.8秒, 累計  20.3分)
  iter 442/2000: rollout平均ep報酬=  1462.2 (エピソード数  4) policy_loss=-0.0698 value_loss=   0.044 entropy=-4.027 (この反復   3.3秒, 累計  20.4分)
  iter 443/2000: rollout平均ep報酬=   996.2 (エピソード数  4) policy_loss=-0.0487 value_loss=  10.898 entropy=-4.031 (この反復   2.8秒, 累計  20.4分)
  iter 444/2000: rollout平均ep報酬=  1458.9 (エピソード数  4) policy_loss=-0.0470 value_loss=   0.143 entropy=-4.037 (この反復   3.3秒, 累計  20.5分)
  iter 445/2000: rollout平均ep報酬=  1142.6 (エピソード数  4) policy_loss=-0.0504 value_loss=  61.536 entropy=-4.038 (この反復   3.0秒, 累計  20.5分)
    → 決定的方策の評価: best_reward候補 = -148.1 (これまでのベスト = 1232.3)
  iter 446/2000: rollout平均ep報酬=  1479.1 (エピソード数  4) policy_loss=+0.0378 value_loss=   0.554 entropy=-4.039 (この反復   3.0秒, 累計  20.6分)
  iter 447/2000: rollout平均ep報酬=  1465.5 (エピソード数  4) policy_loss=+0.0224 value_loss=   0.570 entropy=-4.043 (この反復   3.0秒, 累計  20.6分)
  iter 448/2000: rollout平均ep報酬=  1483.8 (エピソード数  4) policy_loss=+0.0149 value_loss=   0.066 entropy=-4.051 (この反復   3.2秒, 累計  20.7分)
  iter 449/2000: rollout平均ep報酬=  1437.9 (エピソード数  4) policy_loss=-0.0533 value_loss=   0.387 entropy=-4.039 (この反復   3.1秒, 累計  20.7分)
  iter 450/2000: rollout平均ep報酬=  1471.6 (エピソード数  4) policy_loss=+0.0106 value_loss=   0.255 entropy=-4.034 (この反復   3.2秒, 累計  20.8分)
    → 決定的方策の評価: best_reward候補 = -108.5 (これまでのベスト = 1232.3)
  [checkpoint] これまでのベスト重みを ev3way_w1.npy/ev3way_w2.npy に中間保存しました
  iter 451/2000: rollout平均ep報酬=  1438.8 (エピソード数  4) policy_loss=+0.0250 value_loss=   0.197 entropy=-4.025 (この反復   3.2秒, 累計  20.8分)
  iter 452/2000: rollout平均ep報酬=  1417.2 (エピソード数  4) policy_loss=-0.0811 value_loss=   0.155 entropy=-4.051 (この反復   3.2秒, 累計  20.9分)
  iter 453/2000: rollout平均ep報酬=  1442.5 (エピソード数  4) policy_loss=-0.0188 value_loss=   0.074 entropy=-4.067 (この反復   3.3秒, 累計  20.9分)
  iter 454/2000: rollout平均ep報酬=  1463.2 (エピソード数  4) policy_loss=-0.0275 value_loss=   0.036 entropy=-4.085 (この反復   3.2秒, 累計  21.0分)
  iter 455/2000: rollout平均ep報酬=  1462.9 (エピソード数  4) policy_loss=-0.0181 value_loss=   0.133 entropy=-4.120 (この反復   3.2秒, 累計  21.0分)
    → 決定的方策の評価: best_reward候補 = -104.8 (これまでのベスト = 1232.3)
  iter 456/2000: rollout平均ep報酬=  1447.1 (エピソード数  4) policy_loss=-0.0525 value_loss=   0.419 entropy=-4.120 (この反復   3.2秒, 累計  21.1分)
  iter 457/2000: rollout平均ep報酬=  1453.7 (エピソード数  4) policy_loss=-0.0060 value_loss=   0.058 entropy=-4.126 (この反復   3.1秒, 累計  21.2分)
  iter 458/2000: rollout平均ep報酬=  1446.9 (エピソード数  4) policy_loss=+0.0195 value_loss=   0.348 entropy=-4.133 (この反復   3.0秒, 累計  21.2分)
  iter 459/2000: rollout平均ep報酬=  1441.3 (エピソード数  4) policy_loss=-0.0088 value_loss=   0.474 entropy=-4.133 (この反復   3.1秒, 累計  21.3分)
  iter 460/2000: rollout平均ep報酬=  1429.6 (エピソード数  4) policy_loss=-0.0537 value_loss=   0.086 entropy=-4.145 (この反復   3.2秒, 累計  21.3分)
    → 決定的方策の評価: best_reward候補 = -103.3 (これまでのベスト = 1232.3)
  [checkpoint] これまでのベスト重みを ev3way_w1.npy/ev3way_w2.npy に中間保存しました
  iter 461/2000: rollout平均ep報酬=  1101.9 (エピソード数  4) policy_loss=+0.0336 value_loss=   2.818 entropy=-4.146 (この反復   3.2秒, 累計  21.4分)
  iter 462/2000: rollout平均ep報酬=  1483.1 (エピソード数  4) policy_loss=-0.0312 value_loss=   0.073 entropy=-4.161 (この反復   3.0秒, 累計  21.4分)
  iter 463/2000: rollout平均ep報酬=  1076.2 (エピソード数  4) policy_loss=+0.0141 value_loss=  22.458 entropy=-4.162 (この反復   3.0秒, 累計  21.5分)
  iter 464/2000: rollout平均ep報酬=  1406.6 (エピソード数  4) policy_loss=-0.0549 value_loss=   2.060 entropy=-4.161 (この反復   3.0秒, 累計  21.5分)
  iter 465/2000: rollout平均ep報酬=  1451.8 (エピソード数  4) policy_loss=-0.0243 value_loss=   0.270 entropy=-4.173 (この反復   3.2秒, 累計  21.6分)
    → 決定的方策の評価: best_reward候補 = -147.4 (これまでのベスト = 1232.3)
  iter 466/2000: rollout平均ep報酬=  1482.4 (エピソード数  4) policy_loss=-0.0063 value_loss=   0.082 entropy=-4.194 (この反復   3.1秒, 累計  21.6分)
  iter 467/2000: rollout平均ep報酬=  1424.3 (エピソード数  4) policy_loss=+0.0268 value_loss=   0.626 entropy=-4.192 (この反復   3.2秒, 累計  21.7分)
  iter 468/2000: rollout平均ep報酬=  1445.8 (エピソード数  4) policy_loss=-0.0684 value_loss=   0.122 entropy=-4.202 (この反復   3.2秒, 累計  21.7分)
  iter 469/2000: rollout平均ep報酬=  1473.0 (エピソード数  4) policy_loss=+0.0745 value_loss=   0.134 entropy=-4.204 (この反復   3.2秒, 累計  21.8分)
  iter 470/2000: rollout平均ep報酬=  1412.1 (エピソード数  4) policy_loss=+0.0320 value_loss=   0.615 entropy=-4.204 (この反復   3.2秒, 累計  21.8分)
    → 決定的方策の評価: best_reward候補 = -109.5 (これまでのベスト = 1232.3)
  [checkpoint] これまでのベスト重みを ev3way_w1.npy/ev3way_w2.npy に中間保存しました
  iter 471/2000: rollout平均ep報酬=  1419.0 (エピソード数  4) policy_loss=-0.0213 value_loss=   0.095 entropy=-4.199 (この反復   3.2秒, 累計  21.9分)
  iter 472/2000: rollout平均ep報酬=  1424.4 (エピソード数  4) policy_loss=-0.0224 value_loss=   0.214 entropy=-4.222 (この反復   3.0秒, 累計  21.9分)
  iter 473/2000: rollout平均ep報酬=  1439.5 (エピソード数  4) policy_loss=-0.0579 value_loss=   0.271 entropy=-4.214 (この反復   3.1秒, 累計  22.0分)
  iter 474/2000: rollout平均ep報酬=  1439.3 (エピソード数  4) policy_loss=+0.0194 value_loss=   0.224 entropy=-4.214 (この反復   3.3秒, 累計  22.0分)
  iter 475/2000: rollout平均ep報酬=  1416.4 (エピソード数  4) policy_loss=-0.0059 value_loss=   1.386 entropy=-4.216 (この反復   3.0秒, 累計  22.1分)
    → 決定的方策の評価: best_reward候補 = -104.6 (これまでのベスト = 1232.3)
  iter 476/2000: rollout平均ep報酬=  1478.8 (エピソード数  4) policy_loss=+0.0224 value_loss=   0.386 entropy=-4.220 (この反復   3.2秒, 累計  22.1分)
  iter 477/2000: rollout平均ep報酬=  1402.2 (エピソード数  4) policy_loss=+0.0495 value_loss=   0.979 entropy=-4.215 (この反復   3.2秒, 累計  22.2分)
  iter 478/2000: rollout平均ep報酬=  1463.3 (エピソード数  4) policy_loss=+0.0804 value_loss=   1.077 entropy=-4.218 (この反復   3.1秒, 累計  22.3分)
  iter 479/2000: rollout平均ep報酬=  1377.1 (エピソード数  4) policy_loss=-0.0224 value_loss=   2.694 entropy=-4.220 (この反復   3.0秒, 累計  22.3分)
  iter 480/2000: rollout平均ep報酬=  1281.7 (エピソード数  4) policy_loss=-0.0005 value_loss=   5.436 entropy=-4.214 (この反復   3.0秒, 累計  22.4分)
    → 決定的方策の評価: best_reward候補 = -102.5 (これまでのベスト = 1232.3)
  [checkpoint] これまでのベスト重みを ev3way_w1.npy/ev3way_w2.npy に中間保存しました
  iter 481/2000: rollout平均ep報酬=  1466.9 (エピソード数  4) policy_loss=+0.0337 value_loss=   0.523 entropy=-4.202 (この反復   2.9秒, 累計  22.4分)
  iter 482/2000: rollout平均ep報酬=  1449.6 (エピソード数  4) policy_loss=-0.0207 value_loss=   0.250 entropy=-4.194 (この反復   3.2秒, 累計  22.5分)
  iter 483/2000: rollout平均ep報酬=  1417.9 (エピソード数  4) policy_loss=-0.0049 value_loss=   0.193 entropy=-4.190 (この反復   3.1秒, 累計  22.5分)
  iter 484/2000: rollout平均ep報酬=  1434.4 (エピソード数  4) policy_loss=-0.0164 value_loss=   0.348 entropy=-4.181 (この反復   2.8秒, 累計  22.6分)
  iter 485/2000: rollout平均ep報酬=  1478.1 (エピソード数  4) policy_loss=-0.0094 value_loss=   0.049 entropy=-4.186 (この反復   3.0秒, 累計  22.6分)
    → 決定的方策の評価: best_reward候補 = -154.9 (これまでのベスト = 1232.3)
  iter 486/2000: rollout平均ep報酬=  1238.3 (エピソード数  4) policy_loss=-0.1039 value_loss=  12.429 entropy=-4.186 (この反復   2.7秒, 累計  22.7分)
  iter 487/2000: rollout平均ep報酬=  1440.3 (エピソード数  4) policy_loss=+0.0024 value_loss=   0.479 entropy=-4.204 (この反復   3.1秒, 累計  22.7分)
  iter 488/2000: rollout平均ep報酬=  1472.7 (エピソード数  4) policy_loss=+0.0033 value_loss=   0.217 entropy=-4.200 (この反復   2.9秒, 累計  22.8分)
  iter 489/2000: rollout平均ep報酬=  1465.1 (エピソード数  4) policy_loss=-0.0482 value_loss=   0.037 entropy=-4.206 (この反復   3.1秒, 累計  22.8分)
  iter 490/2000: rollout平均ep報酬=  1474.3 (エピソード数  4) policy_loss=-0.0146 value_loss=   0.223 entropy=-4.212 (この反復   3.2秒, 累計  22.9分)
    → 決定的方策の評価: best_reward候補 = -146.2 (これまでのベスト = 1232.3)
  [checkpoint] これまでのベスト重みを ev3way_w1.npy/ev3way_w2.npy に中間保存しました
  iter 491/2000: rollout平均ep報酬=  1474.5 (エピソード数  4) policy_loss=-0.0426 value_loss=   0.016 entropy=-4.229 (この反復   3.1秒, 累計  22.9分)
  iter 492/2000: rollout平均ep報酬=  1436.8 (エピソード数  4) policy_loss=-0.0605 value_loss=   0.255 entropy=-4.240 (この反復   3.2秒, 累計  23.0分)
  iter 493/2000: rollout平均ep報酬=  1485.9 (エピソード数  4) policy_loss=-0.0353 value_loss=   0.051 entropy=-4.286 (この反復   3.3秒, 累計  23.0分)
  iter 494/2000: rollout平均ep報酬=  1484.0 (エピソード数  4) policy_loss=+0.0595 value_loss=   0.161 entropy=-4.287 (この反復   3.3秒, 累計  23.1分)
  iter 495/2000: rollout平均ep報酬=  1416.0 (エピソード数  4) policy_loss=+0.0014 value_loss=   0.694 entropy=-4.277 (この反復   2.9秒, 累計  23.1分)
    → 決定的方策の評価: best_reward候補 = 121.4 (これまでのベスト = 1232.3)
  iter 496/2000: rollout平均ep報酬=  1471.1 (エピソード数  4) policy_loss=-0.0864 value_loss=   0.158 entropy=-4.280 (この反復   3.2秒, 累計  23.2分)
  iter 497/2000: rollout平均ep報酬=  1462.3 (エピソード数  4) policy_loss=-0.0529 value_loss=   0.217 entropy=-4.287 (この反復   3.0秒, 累計  23.2分)
  iter 498/2000: rollout平均ep報酬=  1418.4 (エピソード数  4) policy_loss=-0.0617 value_loss=   0.285 entropy=-4.288 (この反復   3.2秒, 累計  23.3分)
  iter 499/2000: rollout平均ep報酬=  1427.8 (エピソード数  4) policy_loss=-0.0316 value_loss=   0.155 entropy=-4.305 (この反復   3.2秒, 累計  23.4分)
  iter 500/2000: rollout平均ep報酬=  1484.9 (エピソード数  4) policy_loss=-0.0432 value_loss=   0.006 entropy=-4.319 (この反復   3.2秒, 累計  23.4分)
    → 決定的方策の評価: best_reward候補 = 10.6 (これまでのベスト = 1232.3)
  [checkpoint] これまでのベスト重みを ev3way_w1.npy/ev3way_w2.npy に中間保存しました
  iter 501/2000: rollout平均ep報酬=  1068.6 (エピソード数  4) policy_loss=-0.0287 value_loss=   7.490 entropy=-4.319 (この反復   2.7秒, 累計  23.5分)
  iter 502/2000: rollout平均ep報酬=  1484.1 (エピソード数  4) policy_loss=+0.0080 value_loss=   0.023 entropy=-4.339 (この反復   3.2秒, 累計  23.5分)
  iter 503/2000: rollout平均ep報酬=  1471.1 (エピソード数  4) policy_loss=-0.0065 value_loss=   0.140 entropy=-4.345 (この反復   2.9秒, 累計  23.6分)
  iter 504/2000: rollout平均ep報酬=  1478.2 (エピソード数  4) policy_loss=-0.0965 value_loss=   0.044 entropy=-4.351 (この反復   3.2秒, 累計  23.6分)
  iter 505/2000: rollout平均ep報酬=  1445.4 (エピソード数  4) policy_loss=-0.0356 value_loss=   0.072 entropy=-4.343 (この反復   3.3秒, 累計  23.7分)
    → 決定的方策の評価: best_reward候補 = -25.1 (これまでのベスト = 1232.3)
  iter 506/2000: rollout平均ep報酬=  1471.7 (エピソード数  4) policy_loss=-0.0373 value_loss=   0.083 entropy=-4.340 (この反復   3.3秒, 累計  23.7分)
  iter 507/2000: rollout平均ep報酬=  1472.4 (エピソード数  4) policy_loss=-0.0064 value_loss=   0.059 entropy=-4.351 (この反復   2.9秒, 累計  23.8分)
  iter 508/2000: rollout平均ep報酬=  1467.8 (エピソード数  4) policy_loss=-0.0107 value_loss=   0.362 entropy=-4.330 (この反復   3.0秒, 累計  23.8分)
  iter 509/2000: rollout平均ep報酬=  1467.9 (エピソード数  4) policy_loss=+0.0275 value_loss=   0.043 entropy=-4.325 (この反復   3.3秒, 累計  23.9分)
  iter 510/2000: rollout平均ep報酬=  1425.9 (エピソード数  4) policy_loss=+0.1066 value_loss=   0.557 entropy=-4.317 (この反復   3.0秒, 累計  23.9分)
    → 決定的方策の評価: best_reward候補 = -22.2 (これまでのベスト = 1232.3)
  [checkpoint] これまでのベスト重みを ev3way_w1.npy/ev3way_w2.npy に中間保存しました
  iter 511/2000: rollout平均ep報酬=  1430.1 (エピソード数  4) policy_loss=-0.0990 value_loss=   0.629 entropy=-4.300 (この反復   3.0秒, 累計  24.0分)
  iter 512/2000: rollout平均ep報酬=  1483.7 (エピソード数  4) policy_loss=-0.0857 value_loss=   0.124 entropy=-4.310 (この反復   2.9秒, 累計  24.0分)
  iter 513/2000: rollout平均ep報酬=  1315.9 (エピソード数  4) policy_loss=+0.0246 value_loss=   4.118 entropy=-4.309 (この反復   2.8秒, 累計  24.1分)
  iter 514/2000: rollout平均ep報酬=  1450.7 (エピソード数  4) policy_loss=-0.0182 value_loss=   0.726 entropy=-4.313 (この反復   3.0秒, 累計  24.1分)
  iter 515/2000: rollout平均ep報酬=  1462.1 (エピソード数  4) policy_loss=-0.0284 value_loss=   0.489 entropy=-4.301 (この反復   3.2秒, 累計  24.2分)
    → 決定的方策の評価: best_reward候補 = -179.8 (これまでのベスト = 1232.3)
  iter 516/2000: rollout平均ep報酬=  1473.5 (エピソード数  4) policy_loss=+0.0665 value_loss=   0.097 entropy=-4.309 (この反復   3.2秒, 累計  24.3分)
  iter 517/2000: rollout平均ep報酬=  1481.2 (エピソード数  4) policy_loss=-0.0164 value_loss=   0.034 entropy=-4.321 (この反復   3.3秒, 累計  24.3分)
  iter 518/2000: rollout平均ep報酬=  1439.5 (エピソード数  4) policy_loss=-0.0129 value_loss=   0.610 entropy=-4.329 (この反復   3.1秒, 累計  24.4分)
  iter 519/2000: rollout平均ep報酬=  1356.9 (エピソード数  4) policy_loss=-0.0504 value_loss=   2.686 entropy=-4.330 (この反復   2.7秒, 累計  24.4分)
  iter 520/2000: rollout平均ep報酬=  1462.3 (エピソード数  4) policy_loss=-0.1090 value_loss=   0.627 entropy=-4.319 (この反復   2.8秒, 累計  24.5分)
    → 決定的方策の評価: best_reward候補 = -26.8 (これまでのベスト = 1232.3)
  [checkpoint] これまでのベスト重みを ev3way_w1.npy/ev3way_w2.npy に中間保存しました
  iter 521/2000: rollout平均ep報酬=  1198.9 (エピソード数  4) policy_loss=+0.0130 value_loss=   7.984 entropy=-4.317 (この反復   2.9秒, 累計  24.5分)
  iter 522/2000: rollout平均ep報酬=  1457.8 (エピソード数  4) policy_loss=+0.0296 value_loss=   0.291 entropy=-4.320 (この反復   3.1秒, 累計  24.6分)
  iter 523/2000: rollout平均ep報酬=  1461.0 (エピソード数  4) policy_loss=+0.0387 value_loss=   0.349 entropy=-4.310 (この反復   2.9秒, 累計  24.6分)
  iter 524/2000: rollout平均ep報酬=  1456.6 (エピソード数  4) policy_loss=-0.0673 value_loss=   0.303 entropy=-4.313 (この反復   2.9秒, 累計  24.7分)
  iter 525/2000: rollout平均ep報酬=   988.7 (エピソード数  4) policy_loss=+0.0390 value_loss=  38.299 entropy=-4.311 (この反復   3.0秒, 累計  24.7分)
    → 決定的方策の評価: best_reward候補 = -24.3 (これまでのベスト = 1232.3)
  iter 526/2000: rollout平均ep報酬=  1443.8 (エピソード数  4) policy_loss=-0.1101 value_loss=   0.115 entropy=-4.310 (この反復   3.1秒, 累計  24.8分)
  iter 527/2000: rollout平均ep報酬=  1445.6 (エピソード数  4) policy_loss=-0.0148 value_loss=   0.298 entropy=-4.306 (この反復   3.2秒, 累計  24.8分)
  iter 528/2000: rollout平均ep報酬=  1446.8 (エピソード数  4) policy_loss=-0.0091 value_loss=   0.323 entropy=-4.335 (この反復   3.1秒, 累計  24.9分)
  iter 529/2000: rollout平均ep報酬=  1449.0 (エピソード数  4) policy_loss=+0.0624 value_loss=   0.244 entropy=-4.340 (この反復   3.3秒, 累計  24.9分)
  iter 530/2000: rollout平均ep報酬=  1408.3 (エピソード数  4) policy_loss=+0.0176 value_loss=   0.561 entropy=-4.350 (この反復   3.0秒, 累計  25.0分)
    → 決定的方策の評価: best_reward候補 = 94.1 (これまでのベスト = 1232.3)
  [checkpoint] これまでのベスト重みを ev3way_w1.npy/ev3way_w2.npy に中間保存しました
  iter 531/2000: rollout平均ep報酬=  1467.7 (エピソード数  4) policy_loss=-0.1013 value_loss=   0.509 entropy=-4.364 (この反復   3.1秒, 累計  25.1分)
  iter 532/2000: rollout平均ep報酬=  1420.4 (エピソード数  4) policy_loss=+0.0212 value_loss=   0.146 entropy=-4.369 (この反復   2.9秒, 累計  25.1分)
  iter 533/2000: rollout平均ep報酬=  1485.1 (エピソード数  4) policy_loss=+0.0392 value_loss=   0.068 entropy=-4.381 (この反復   3.1秒, 累計  25.2分)
  iter 534/2000: rollout平均ep報酬=  1397.4 (エピソード数  4) policy_loss=+0.0491 value_loss=   1.935 entropy=-4.374 (この反復   2.8秒, 累計  25.2分)
  iter 535/2000: rollout平均ep報酬=  1470.7 (エピソード数  4) policy_loss=+0.0226 value_loss=   0.338 entropy=-4.381 (この反復   3.2秒, 累計  25.3分)
    → 決定的方策の評価: best_reward候補 = 103.8 (これまでのベスト = 1232.3)
  iter 536/2000: rollout平均ep報酬=  1455.4 (エピソード数  4) policy_loss=+0.0270 value_loss=   0.834 entropy=-4.374 (この反復   2.9秒, 累計  25.3分)
  iter 537/2000: rollout平均ep報酬=  1454.0 (エピソード数  4) policy_loss=+0.0090 value_loss=   0.350 entropy=-4.344 (この反復   3.2秒, 累計  25.4分)
  iter 538/2000: rollout平均ep報酬=  1448.6 (エピソード数  4) policy_loss=-0.0144 value_loss=   0.136 entropy=-4.349 (この反復   2.7秒, 累計  25.4分)
  iter 539/2000: rollout平均ep報酬=  1443.0 (エピソード数  4) policy_loss=+0.1249 value_loss=   7.890 entropy=-4.349 (この反復   3.2秒, 累計  25.5分)
  iter 540/2000: rollout平均ep報酬=  1482.8 (エピソード数  4) policy_loss=+0.0077 value_loss=   0.130 entropy=-4.350 (この反復   3.1秒, 累計  25.5分)
    → 決定的方策の評価: best_reward候補 = 79.1 (これまでのベスト = 1232.3)
  [checkpoint] これまでのベスト重みを ev3way_w1.npy/ev3way_w2.npy に中間保存しました
  iter 541/2000: rollout平均ep報酬=  1473.2 (エピソード数  4) policy_loss=+0.0193 value_loss=   0.366 entropy=-4.342 (この反復   3.2秒, 累計  25.6分)
  iter 542/2000: rollout平均ep報酬=  1479.0 (エピソード数  4) policy_loss=-0.0067 value_loss=   0.081 entropy=-4.340 (この反復   2.9秒, 累計  25.7分)
  iter 543/2000: rollout平均ep報酬=  1466.8 (エピソード数  4) policy_loss=-0.0768 value_loss=   0.046 entropy=-4.340 (この反復   3.0秒, 累計  25.7分)
  iter 544/2000: rollout平均ep報酬=  1420.8 (エピソード数  4) policy_loss=+0.0076 value_loss=   2.905 entropy=-4.340 (この反復   3.1秒, 累計  25.8分)
  iter 545/2000: rollout平均ep報酬=  1462.1 (エピソード数  4) policy_loss=+0.0038 value_loss=   0.171 entropy=-4.350 (この反復   3.1秒, 累計  25.8分)
    → 決定的方策の評価: best_reward候補 = 46.0 (これまでのベスト = 1232.3)
