pybullet build time: Sep 19 2026 08:27:33
既存の重みを検出: ev3way_w1.npy (shape=(7, 16)), ev3way_w2.npy (shape=(16, 2))
✅ 既存の重みを引き継いで学習を再開します (sigma0=0.3)
popsize=200, generations(maxiter)=300, 1世代あたり6シード評価 (学習中は15秒/エピソードで評価)
ラン開始前のW1をバックアップ: checkpoints/ev3way_w1_before_gen300pop200_260922_190026.npy
ラン開始前のW2をバックアップ: checkpoints/ev3way_w2_before_gen300pop200_260922_190026.npy
  gen   1/300: best_reward =    25.6  (この世代  46.4秒, 累計   0.8分)
  gen   2/300: best_reward =   148.1  (この世代  50.7秒, 累計   1.6分)
  gen   3/300: best_reward =   148.1  (この世代  42.1秒, 累計   2.3分)
  gen   4/300: best_reward =   148.1  (この世代  38.5秒, 累計   3.0分)
  gen   5/300: best_reward =   148.1  (この世代  40.7秒, 累計   3.6分)
  [checkpoint] gen 5 時点のベスト重みを ev3way_w1.npy/ev3way_w2.npy に中間保存しました
  gen   6/300: best_reward =   148.1  (この世代  37.4秒, 累計   4.3分)
  gen   7/300: best_reward =   148.1  (この世代  36.1秒, 累計   4.9分)
  gen   8/300: best_reward =   187.9  (この世代  45.3秒, 累計   5.6分)
  gen   9/300: best_reward =   304.1  (この世代  47.8秒, 累計   6.4分)
  gen  10/300: best_reward =   304.1  (この世代  48.8秒, 累計   7.2分)
  [checkpoint] gen 10 時点のベスト重みを ev3way_w1.npy/ev3way_w2.npy に中間保存しました
  gen  11/300: best_reward =   304.1  (この世代  46.0秒, 累計   8.0分)
  gen  12/300: best_reward =   369.5  (この世代  51.0秒, 累計   8.8分)
  gen  13/300: best_reward =   369.5  (この世代  46.1秒, 累計   9.6分)
  gen  14/300: best_reward =   369.5  (この世代  49.4秒, 累計  10.4分)
  gen  15/300: best_reward =   400.4  (この世代  50.3秒, 累計  11.3分)
  [checkpoint] gen 15 時点のベスト重みを ev3way_w1.npy/ev3way_w2.npy に中間保存しました
  gen  16/300: best_reward =   400.4  (この世代  55.8秒, 累計  12.2分)
  gen  17/300: best_reward =   400.4  (この世代  55.5秒, 累計  13.1分)
  gen  18/300: best_reward =   400.4  (この世代  56.4秒, 累計  14.1分)
  gen  19/300: best_reward =   400.4  (この世代  48.6秒, 累計  14.9分)
  gen  20/300: best_reward =   400.4  (この世代  59.2秒, 累計  15.9分)
  [checkpoint] gen 20 時点のベスト重みを ev3way_w1.npy/ev3way_w2.npy に中間保存しました
  gen  21/300: best_reward =   400.4  (この世代  57.2秒, 累計  16.8分)
  gen  22/300: best_reward =   400.4  (この世代  69.2秒, 累計  18.0分)
  gen  23/300: best_reward =   400.4  (この世代  62.6秒, 累計  19.0分)
  gen  24/300: best_reward =   400.4  (この世代  70.9秒, 累計  20.2分)
  gen  25/300: best_reward =   699.5  (この世代  72.6秒, 累計  21.4分)
  [checkpoint] gen 25 時点のベスト重みを ev3way_w1.npy/ev3way_w2.npy に中間保存しました
  gen  26/300: best_reward =   699.5  (この世代  66.8秒, 累計  22.5分)
  gen  27/300: best_reward =   699.5  (この世代  60.8秒, 累計  23.5分)
  gen  28/300: best_reward =   699.5  (この世代  60.8秒, 累計  24.6分)
  gen  29/300: best_reward =   699.5  (この世代  67.9秒, 累計  25.7分)
  gen  30/300: best_reward =   699.5  (この世代  58.7秒, 累計  26.7分)
  [checkpoint] gen 30 時点のベスト重みを ev3way_w1.npy/ev3way_w2.npy に中間保存しました
  gen  31/300: best_reward =   699.5  (この世代  77.3秒, 累計  28.0分)
  gen  32/300: best_reward =   699.5  (この世代  78.1秒, 累計  29.3分)
  gen  33/300: best_reward =   699.5  (この世代  80.8秒, 累計  30.6分)
  gen  34/300: best_reward =   699.5  (この世代  71.2秒, 累計  31.8分)
  gen  35/300: best_reward =   699.5  (この世代  73.7秒, 累計  33.0分)
  [checkpoint] gen 35 時点のベスト重みを ev3way_w1.npy/ev3way_w2.npy に中間保存しました
  gen  36/300: best_reward =   699.5  (この世代  74.0秒, 累計  34.2分)
  gen  37/300: best_reward =   699.5  (この世代  78.7秒, 累計  35.6分)
  gen  38/300: best_reward =   699.5  (この世代  70.3秒, 累計  36.7分)
  gen  39/300: best_reward =   699.5  (この世代  89.0秒, 累計  38.2分)
  gen  40/300: best_reward =   699.5  (この世代  93.1秒, 累計  39.8分)
  [checkpoint] gen 40 時点のベスト重みを ev3way_w1.npy/ev3way_w2.npy に中間保存しました
  gen  41/300: best_reward =   699.5  (この世代  90.3秒, 累計  41.3分)
  gen  42/300: best_reward =   699.5  (この世代  88.9秒, 累計  42.8分)
  gen  43/300: best_reward =   699.5  (この世代  79.7秒, 累計  44.1分)
  gen  44/300: best_reward =   699.5  (この世代 101.0秒, 累計  45.8分)
  gen  45/300: best_reward =   699.5  (この世代 105.9秒, 累計  47.5分)
  [checkpoint] gen 45 時点のベスト重みを ev3way_w1.npy/ev3way_w2.npy に中間保存しました
  gen  46/300: best_reward =   699.5  (この世代 105.3秒, 累計  49.3分)
  gen  47/300: best_reward =   699.5  (この世代 105.0秒, 累計  51.0分)
  gen  48/300: best_reward =   699.5  (この世代 106.4秒, 累計  52.8分)
  gen  49/300: best_reward =   728.9  (この世代 112.4秒, 累計  54.7分)
  gen  50/300: best_reward =   728.9  (この世代 130.8秒, 累計  56.9分)
  [checkpoint] gen 50 時点のベスト重みを ev3way_w1.npy/ev3way_w2.npy に中間保存しました
  gen  51/300: best_reward =   728.9  (この世代 111.6秒, 累計  58.7分)
  gen  52/300: best_reward =   728.9  (この世代 113.8秒, 累計  60.6分)
  gen  53/300: best_reward =   728.9  (この世代 113.8秒, 累計  62.5分)
  gen  54/300: best_reward =   728.9  (この世代 115.8秒, 累計  64.4分)
  gen  55/300: best_reward =   728.9  (この世代 113.0秒, 累計  66.3分)
  [checkpoint] gen 55 時点のベスト重みを ev3way_w1.npy/ev3way_w2.npy に中間保存しました
  gen  56/300: best_reward =   728.9  (この世代 118.3秒, 累計  68.3分)
  gen  57/300: best_reward =   801.2  (この世代 130.2秒, 累計  70.5分)
  gen  58/300: best_reward =   801.2  (この世代 120.3秒, 累計  72.5分)
  gen  59/300: best_reward =   801.2  (この世代 125.2秒, 累計  74.6分)
  gen  60/300: best_reward =   801.2  (この世代 145.3秒, 累計  77.0分)
  [checkpoint] gen 60 時点のベスト重みを ev3way_w1.npy/ev3way_w2.npy に中間保存しました
  gen  61/300: best_reward =   822.5  (この世代 147.4秒, 累計  79.4分)
  gen  62/300: best_reward =   822.5  (この世代 157.2秒, 累計  82.1分)
  gen  63/300: best_reward =   822.5  (この世代 158.9秒, 累計  84.7分)
  gen  64/300: best_reward =   822.5  (この世代 162.8秒, 累計  87.4分)
  gen  65/300: best_reward =   822.5  (この世代 154.2秒, 累計  90.0分)
  [checkpoint] gen 65 時点のベスト重みを ev3way_w1.npy/ev3way_w2.npy に中間保存しました
  gen  66/300: best_reward =   822.5  (この世代 152.5秒, 累計  92.5分)
  gen  67/300: best_reward =   822.5  (この世代 163.8秒, 累計  95.3分)
  gen  68/300: best_reward =   822.5  (この世代 195.3秒, 累計  98.5分)
  gen  69/300: best_reward =   822.5  (この世代 170.8秒, 累計 101.4分)
  gen  70/300: best_reward =   822.5  (この世代 193.3秒, 累計 104.6分)
  [checkpoint] gen 70 時点のベスト重みを ev3way_w1.npy/ev3way_w2.npy に中間保存しました
  gen  71/300: best_reward =   822.5  (この世代 216.7秒, 累計 108.2分)
  gen  72/300: best_reward =   840.1  (この世代 219.8秒, 累計 111.9分)
  gen  73/300: best_reward =   852.8  (この世代 212.4秒, 累計 115.4分)
  gen  74/300: best_reward =   852.8  (この世代 240.4秒, 累計 119.4分)
  gen  75/300: best_reward =   859.8  (この世代 231.7秒, 累計 123.3分)
  [checkpoint] gen 75 時点のベスト重みを ev3way_w1.npy/ev3way_w2.npy に中間保存しました
  gen  76/300: best_reward =   859.8  (この世代 232.3秒, 累計 127.1分)
  gen  77/300: best_reward =   895.7  (この世代 238.8秒, 累計 131.1分)
  gen  78/300: best_reward =   895.7  (この世代 244.5秒, 累計 135.2分)
  gen  79/300: best_reward =   895.7  (この世代 233.0秒, 累計 139.1分)
  gen  80/300: best_reward =   895.7  (この世代 240.3秒, 累計 143.1分)
  [checkpoint] gen 80 時点のベスト重みを ev3way_w1.npy/ev3way_w2.npy に中間保存しました
  gen  81/300: best_reward =   921.6  (この世代 232.0秒, 累計 147.0分)
  gen  82/300: best_reward =   921.6  (この世代 240.3秒, 累計 151.0分)
  gen  83/300: best_reward =   921.6  (この世代 235.9秒, 累計 154.9分)
  gen  84/300: best_reward =   921.6  (この世代 238.1秒, 累計 158.9分)
  gen  85/300: best_reward =   921.6  (この世代 240.8秒, 累計 162.9分)
  [checkpoint] gen 85 時点のベスト重みを ev3way_w1.npy/ev3way_w2.npy に中間保存しました
  gen  86/300: best_reward =   921.6  (この世代 225.0秒, 累計 166.6分)
  gen  87/300: best_reward =   921.6  (この世代 238.2秒, 累計 170.6分)
  gen  88/300: best_reward =   921.6  (この世代 241.2秒, 累計 174.6分)
  gen  89/300: best_reward =   921.6  (この世代 240.0秒, 累計 178.6分)
  gen  90/300: best_reward =   921.6  (この世代 272.9秒, 累計 183.2分)
  [checkpoint] gen 90 時点のベスト重みを ev3way_w1.npy/ev3way_w2.npy に中間保存しました
  gen  91/300: best_reward =   921.6  (この世代 265.3秒, 累計 187.6分)
  gen  92/300: best_reward =   921.6  (この世代 241.1秒, 累計 191.6分)
  gen  93/300: best_reward =   921.6  (この世代 249.7秒, 累計 195.8分)
  gen  94/300: best_reward =   921.6  (この世代 265.2秒, 累計 200.2分)
  gen  95/300: best_reward =   921.6  (この世代 268.1秒, 累計 204.7分)
  [checkpoint] gen 95 時点のベスト重みを ev3way_w1.npy/ev3way_w2.npy に中間保存しました
  gen  96/300: best_reward =   921.6  (この世代 254.0秒, 累計 208.9分)
  gen  97/300: best_reward =   921.6  (この世代 273.5秒, 累計 213.4分)
  gen  98/300: best_reward =   921.6  (この世代 294.6秒, 累計 218.4分)
  gen  99/300: best_reward =   921.6  (この世代 274.8秒, 累計 222.9分)
  gen 100/300: best_reward =   921.6  (この世代 278.7秒, 累計 227.6分)
  [checkpoint] gen 100 時点のベスト重みを ev3way_w1.npy/ev3way_w2.npy に中間保存しました
  gen 101/300: best_reward =   921.6  (この世代 273.7秒, 累計 232.1分)
  gen 102/300: best_reward =   921.6  (この世代 265.9秒, 累計 236.6分)
  gen 103/300: best_reward =   921.6  (この世代 289.1秒, 累計 241.4分)
  gen 104/300: best_reward =   921.6  (この世代 269.0秒, 累計 245.9分)
  gen 105/300: best_reward =   921.6  (この世代 263.3秒, 累計 250.3分)
  [checkpoint] gen 105 時点のベスト重みを ev3way_w1.npy/ev3way_w2.npy に中間保存しました
  gen 106/300: best_reward =   921.6  (この世代 270.1秒, 累計 254.8分)
  gen 107/300: best_reward =   921.6  (この世代 290.6秒, 累計 259.6分)
  gen 108/300: best_reward =   921.6  (この世代 295.1秒, 累計 264.5分)
  gen 109/300: best_reward =   928.9  (この世代 280.1秒, 累計 269.2分)
  gen 110/300: best_reward =   928.9  (この世代 299.0秒, 累計 274.2分)
  [checkpoint] gen 110 時点のベスト重みを ev3way_w1.npy/ev3way_w2.npy に中間保存しました
  gen 111/300: best_reward =   928.9  (この世代 315.2秒, 累計 279.4分)
  gen 112/300: best_reward =   928.9  (この世代 296.2秒, 累計 284.4分)
  gen 113/300: best_reward =   928.9  (この世代 300.8秒, 累計 289.4分)
  gen 114/300: best_reward =   928.9  (この世代 313.7秒, 累計 294.6分)
  gen 115/300: best_reward =   928.9  (この世代 314.0秒, 累計 299.8分)
  [checkpoint] gen 115 時点のベスト重みを ev3way_w1.npy/ev3way_w2.npy に中間保存しました
  gen 116/300: best_reward =   928.9  (この世代 315.7秒, 累計 305.1分)
  gen 117/300: best_reward =   928.9  (この世代 304.9秒, 累計 310.2分)
  gen 118/300: best_reward =   928.9  (この世代 312.9秒, 累計 315.4分)
  gen 119/300: best_reward =   928.9  (この世代 319.6秒, 累計 320.7分)
  gen 120/300: best_reward =   928.9  (この世代 320.6秒, 累計 326.1分)
  [checkpoint] gen 120 時点のベスト重みを ev3way_w1.npy/ev3way_w2.npy に中間保存しました
  gen 121/300: best_reward =   928.9  (この世代 313.6秒, 累計 331.3分)
  gen 122/300: best_reward =   928.9  (この世代 314.4秒, 累計 336.5分)
  gen 123/300: best_reward =   928.9  (この世代 313.0秒, 累計 341.8分)
  gen 124/300: best_reward =   928.9  (この世代 310.1秒, 累計 346.9分)
  gen 125/300: best_reward =   965.0  (この世代 299.9秒, 累計 351.9分)
  [checkpoint] gen 125 時点のベスト重みを ev3way_w1.npy/ev3way_w2.npy に中間保存しました
  gen 126/300: best_reward =   965.0  (この世代 320.9秒, 累計 357.3分)
  gen 127/300: best_reward =   965.0  (この世代 316.0秒, 累計 362.5分)
  gen 128/300: best_reward =   965.0  (この世代 309.9秒, 累計 367.7分)
  gen 129/300: best_reward =   965.0  (この世代 317.9秒, 累計 373.0分)
  gen 130/300: best_reward =   965.0  (この世代 314.4秒, 累計 378.2分)
  [checkpoint] gen 130 時点のベスト重みを ev3way_w1.npy/ev3way_w2.npy に中間保存しました
  gen 131/300: best_reward =   965.0  (この世代 323.7秒, 累計 383.6分)
  gen 132/300: best_reward =   965.0  (この世代 328.5秒, 累計 389.1分)
  gen 133/300: best_reward =   965.0  (この世代 335.4秒, 累計 394.7分)
  gen 134/300: best_reward =   965.0  (この世代 316.3秒, 累計 400.0分)
  gen 135/300: best_reward =   965.0  (この世代 325.2秒, 累計 405.4分)
  [checkpoint] gen 135 時点のベスト重みを ev3way_w1.npy/ev3way_w2.npy に中間保存しました
  gen 136/300: best_reward =   965.0  (この世代 315.6秒, 累計 410.7分)
  gen 137/300: best_reward =   965.0  (この世代 320.9秒, 累計 416.0分)
  gen 138/300: best_reward =   965.0  (この世代 317.9秒, 累計 421.3分)
  gen 139/300: best_reward =   965.0  (この世代 316.3秒, 累計 426.6分)
  gen 140/300: best_reward =   965.0  (この世代 314.7秒, 累計 431.8分)
  [checkpoint] gen 140 時点のベスト重みを ev3way_w1.npy/ev3way_w2.npy に中間保存しました
  gen 141/300: best_reward =   965.0  (この世代 332.9秒, 累計 437.4分)
  gen 142/300: best_reward =   965.0  (この世代 317.3秒, 累計 442.7分)
  gen 143/300: best_reward =   965.0  (この世代 316.1秒, 累計 447.9分)
  gen 144/300: best_reward =   965.0  (この世代 343.4秒, 累計 453.6分)
  gen 145/300: best_reward =   965.0  (この世代 317.4秒, 累計 458.9分)
  [checkpoint] gen 145 時点のベスト重みを ev3way_w1.npy/ev3way_w2.npy に中間保存しました
  gen 146/300: best_reward =   965.0  (この世代 318.5秒, 累計 464.2分)
  gen 147/300: best_reward =   965.0  (この世代 331.6秒, 累計 469.8分)
  gen 148/300: best_reward =   965.0  (この世代 347.4秒, 累計 475.6分)
  gen 149/300: best_reward =   965.0  (この世代 327.4秒, 累計 481.0分)
  gen 150/300: best_reward =   965.0  (この世代 315.7秒, 累計 486.3分)
  [checkpoint] gen 150 時点のベスト重みを ev3way_w1.npy/ev3way_w2.npy に中間保存しました
  gen 151/300: best_reward =   965.0  (この世代 331.7秒, 累計 491.8分)
  gen 152/300: best_reward =   965.0  (この世代 321.0秒, 累計 497.2分)
  gen 153/300: best_reward =   965.0  (この世代 329.0秒, 累計 502.6分)
  gen 154/300: best_reward =   965.0  (この世代 327.0秒, 累計 508.1分)
  gen 155/300: best_reward =   965.0  (この世代 311.2秒, 累計 513.3分)
  [checkpoint] gen 155 時点のベスト重みを ev3way_w1.npy/ev3way_w2.npy に中間保存しました
  gen 156/300: best_reward =   965.0  (この世代 331.7秒, 累計 518.8分)
  gen 157/300: best_reward =   965.0  (この世代 340.0秒, 累計 524.5分)
  gen 158/300: best_reward =   965.0  (この世代 318.8秒, 累計 529.8分)
  gen 159/300: best_reward =   965.0  (この世代 318.8秒, 累計 535.1分)
  gen 160/300: best_reward =   965.0  (この世代 329.4秒, 累計 540.6分)
  [checkpoint] gen 160 時点のベスト重みを ev3way_w1.npy/ev3way_w2.npy に中間保存しました
  gen 161/300: best_reward =   965.0  (この世代 319.7秒, 累計 545.9分)
  gen 162/300: best_reward =   965.0  (この世代 336.8秒, 累計 551.5分)
  gen 163/300: best_reward =   965.0  (この世代 319.1秒, 累計 556.8分)
  gen 164/300: best_reward =   965.0  (この世代 327.5秒, 累計 562.3分)
  gen 165/300: best_reward =   965.0  (この世代 323.5秒, 累計 567.7分)
  [checkpoint] gen 165 時点のベスト重みを ev3way_w1.npy/ev3way_w2.npy に中間保存しました
  gen 166/300: best_reward =   965.0  (この世代 328.9秒, 累計 573.2分)
  gen 167/300: best_reward =   965.0  (この世代 337.9秒, 累計 578.8分)
  gen 168/300: best_reward =   965.0  (この世代 338.1秒, 累計 584.4分)
  gen 169/300: best_reward =   965.0  (この世代 326.7秒, 累計 589.9分)
  gen 170/300: best_reward =   965.0  (この世代 334.3秒, 累計 595.5分)
  [checkpoint] gen 170 時点のベスト重みを ev3way_w1.npy/ev3way_w2.npy に中間保存しました
  gen 171/300: best_reward =   965.0  (この世代 343.7秒, 累計 601.2分)
  gen 172/300: best_reward =   965.0  (この世代 349.8秒, 累計 607.0分)
  gen 173/300: best_reward =   965.0  (この世代 355.5秒, 累計 612.9分)
