pybullet build time: Sep 19 2026 08:27:33
既存の重みを検出: ev3way_w1.npy (shape=(7, 8)), ev3way_w2.npy (shape=(8, 2))
✅ 既存の重みを引き継いで学習を再開します (sigma0=0.15)
popsize=100, generations(maxiter)=200, 1世代あたり6シード評価 (学習中は5秒/エピソードで評価)
  gen   1/200: best_reward =    22.2  (この世代  26.0秒, 累計   0.4分)
  gen   2/200: best_reward =    24.2  (この世代  24.8秒, 累計   0.8分)
  gen   3/200: best_reward =    24.2  (この世代  23.6秒, 累計   1.2分)
  gen   4/200: best_reward =    24.2  (この世代  25.6秒, 累計   1.7分)
  gen   5/200: best_reward =    24.2  (この世代 326.3秒, 累計   7.1分)
  gen   6/200: best_reward =    24.8  (この世代  26.8秒, 累計   7.6分)
  gen   7/200: best_reward =    24.8  (この世代  30.8秒, 累計   8.1分)
  gen   8/200: best_reward =    24.8  (この世代  26.4秒, 累計   8.5分)
  gen   9/200: best_reward =    25.3  (この世代  27.0秒, 累計   9.0分)
  gen  10/200: best_reward =    25.3  (この世代  26.5秒, 累計   9.4分)
  gen  11/200: best_reward =    25.3  (この世代  27.5秒, 累計   9.9分)
  gen  12/200: best_reward =    28.0  (この世代  28.1秒, 累計  10.3分)
  gen  13/200: best_reward =    28.1  (この世代  28.2秒, 累計  10.8分)
  gen  14/200: best_reward =    28.1  (この世代  25.8秒, 累計  11.2分)
  gen  15/200: best_reward =    28.1  (この世代 327.6秒, 累計  16.7分)
  gen  16/200: best_reward =    28.1  (この世代  26.5秒, 累計  17.1分)
  gen  17/200: best_reward =    34.7  (この世代 448.5秒, 累計  24.6分)
  gen  18/200: best_reward =    34.7  (この世代  27.0秒, 累計  25.1分)
  gen  19/200: best_reward =    34.7  (この世代 933.7秒, 累計  40.6分)
  gen  20/200: best_reward =    34.7  (この世代 646.8秒, 累計  51.4分)
  gen  21/200: best_reward =    34.7  (この世代  27.0秒, 累計  51.8分)
  gen  22/200: best_reward =    34.7  (この世代  27.4秒, 累計  52.3分)
  gen  23/200: best_reward =    34.7  (この世代  29.4秒, 累計  52.8分)
  gen  24/200: best_reward =    34.7  (この世代  27.9秒, 累計  53.3分)
  gen  25/200: best_reward =    34.7  (この世代  27.5秒, 累計  53.7分)
  gen  26/200: best_reward =    34.7  (この世代  28.2秒, 累計  54.2分)
  gen  27/200: best_reward =    34.7  (この世代  26.9秒, 累計  54.6分)
  gen  28/200: best_reward =    34.7  (この世代 979.5秒, 累計  71.0分)
  gen  29/200: best_reward =    34.7  (この世代  26.2秒, 累計  71.4分)
  gen  30/200: best_reward =    34.7  (この世代 950.5秒, 累計  87.2分)
  gen  31/200: best_reward =    34.7  (この世代  27.6秒, 累計  87.7分)
  gen  32/200: best_reward =    34.7  (この世代  26.1秒, 累計  88.1分)
  gen  33/200: best_reward =    34.7  (この世代  25.9秒, 累計  88.6分)
  gen  34/200: best_reward =    34.7  (この世代  27.7秒, 累計  89.0分)
  gen  35/200: best_reward =    38.4  (この世代  27.2秒, 累計  89.5分)
  gen  36/200: best_reward =    38.4  (この世代  26.8秒, 累計  89.9分)
  gen  37/200: best_reward =    38.4  (この世代  27.3秒, 累計  90.4分)
  gen  38/200: best_reward =    38.4  (この世代 955.9秒, 累計 106.3分)
  gen  39/200: best_reward =    38.4  (この世代 943.8秒, 累計 122.0分)
  gen  40/200: best_reward =    38.4  (この世代  27.9秒, 累計 122.5分)
  gen  41/200: best_reward =    38.4  (この世代  27.2秒, 累計 123.0分)
  gen  42/200: best_reward =    38.4  (この世代  27.4秒, 累計 123.4分)
  gen  43/200: best_reward =    38.4  (この世代  28.2秒, 累計 123.9分)
  gen  44/200: best_reward =    38.4  (この世代  27.4秒, 累計 124.3分)
  gen  45/200: best_reward =    38.4  (この世代  27.9秒, 累計 124.8分)
  gen  46/200: best_reward =    38.4  (この世代  29.7秒, 累計 125.3分)
  gen  47/200: best_reward =    38.4  (この世代  29.9秒, 累計 125.8分)
  gen  48/200: best_reward =    38.4  (この世代  30.0秒, 累計 126.3分)
  gen  49/200: best_reward =    38.4  (この世代  29.7秒, 累計 126.8分)
  gen  50/200: best_reward =    39.7  (この世代  28.3秒, 累計 127.3分)
  gen  51/200: best_reward =    39.7  (この世代  30.5秒, 累計 127.8分)
  gen  52/200: best_reward =    39.7  (この世代  29.6秒, 累計 128.3分)
  gen  53/200: best_reward =    39.7  (この世代  27.9秒, 累計 128.7分)
  gen  54/200: best_reward =    39.7  (この世代  28.3秒, 累計 129.2分)
  gen  55/200: best_reward =    39.7  (この世代  28.0秒, 累計 129.7分)
  gen  56/200: best_reward =    39.7  (この世代  27.7秒, 累計 130.1分)
  gen  57/200: best_reward =    39.7  (この世代  28.7秒, 累計 130.6分)
  gen  58/200: best_reward =    39.7  (この世代  29.0秒, 累計 131.1分)
  gen  59/200: best_reward =    39.7  (この世代  27.8秒, 累計 131.6分)
  gen  60/200: best_reward =    39.7  (この世代  28.5秒, 累計 132.0分)
  gen  61/200: best_reward =    39.7  (この世代  28.0秒, 累計 132.5分)
  gen  62/200: best_reward =    39.7  (この世代  27.6秒, 累計 133.0分)
  gen  63/200: best_reward =    39.7  (この世代  27.6秒, 累計 133.4分)
