pybullet build time: Sep 19 2026 08:27:33
✅ 既存の重み(ev3way_sac_w1.npy, ev3way_sac_w2.npy)をActorのwarm startとして読み込みました
開始時点(warm start)の評価: best_reward = 1090.2
  step    5000/1000000: 直近ep平均報酬=  -242.6 alpha=0.372 評価候補=-150.0 (これまでのベスト=1090.2) (累計0.1分)
  step   10000/1000000: 直近ep平均報酬=  -151.6 alpha=0.198 評価候補=-121.0 (これまでのベスト=1090.2) (累計0.3分)
  step   15000/1000000: 直近ep平均報酬=  -209.0 alpha=0.213 評価候補=-106.5 (これまでのベスト=1090.2) (累計0.4分)
  step   20000/1000000: 直近ep平均報酬=  -114.7 alpha=0.214 評価候補=-104.2 (これまでのベスト=1090.2) (累計0.6分)
  step   25000/1000000: 直近ep平均報酬=  -119.3 alpha=0.227 評価候補=-105.5 (これまでのベスト=1090.2) (累計0.8分)
  step   30000/1000000: 直近ep平均報酬=  -103.8 alpha=0.234 評価候補=-97.6 (これまでのベスト=1090.2) (累計0.9分)
  step   35000/1000000: 直近ep平均報酬=  -110.9 alpha=0.253 評価候補=-100.8 (これまでのベスト=1090.2) (累計1.1分)
  step   40000/1000000: 直近ep平均報酬=  -112.9 alpha=0.261 評価候補=-91.0 (これまでのベスト=1090.2) (累計1.3分)
  step   45000/1000000: 直近ep平均報酬=  -108.8 alpha=0.273 評価候補=-93.7 (これまでのベスト=1090.2) (累計1.4分)
  step   50000/1000000: 直近ep平均報酬=  -109.3 alpha=0.266 評価候補=-90.6 (これまでのベスト=1090.2) (累計1.6分)
  step   55000/1000000: 直近ep平均報酬=  -108.6 alpha=0.273 評価候補=-89.6 (これまでのベスト=1090.2) (累計1.8分)
  step   60000/1000000: 直近ep平均報酬=  -111.1 alpha=0.263 評価候補=-93.4 (これまでのベスト=1090.2) (累計2.0分)
  step   65000/1000000: 直近ep平均報酬=  -117.5 alpha=0.258 評価候補=-95.4 (これまでのベスト=1090.2) (累計2.1分)
  step   70000/1000000: 直近ep平均報酬=  -115.3 alpha=0.263 評価候補=-90.0 (これまでのベスト=1090.2) (累計2.3分)
  step   75000/1000000: 直近ep平均報酬=  -132.8 alpha=0.256 評価候補=-93.6 (これまでのベスト=1090.2) (累計2.4分)
  step   80000/1000000: 直近ep平均報酬=  -121.9 alpha=0.257 評価候補=-87.2 (これまでのベスト=1090.2) (累計2.6分)
  step   85000/1000000: 直近ep平均報酬=  -113.7 alpha=0.262 評価候補=-93.7 (これまでのベスト=1090.2) (累計2.8分)
  step   90000/1000000: 直近ep平均報酬=  -132.8 alpha=0.270 評価候補=-92.4 (これまでのベスト=1090.2) (累計3.0分)
  step   95000/1000000: 直近ep平均報酬=  -105.0 alpha=0.267 評価候補=-90.3 (これまでのベスト=1090.2) (累計3.1分)
  step  100000/1000000: 直近ep平均報酬=  -145.0 alpha=0.259 評価候補=-95.0 (これまでのベスト=1090.2) (累計3.3分)
  step  105000/1000000: 直近ep平均報酬=  -115.6 alpha=0.263 評価候補=-92.0 (これまでのベスト=1090.2) (累計3.4分)
  step  110000/1000000: 直近ep平均報酬=  -117.1 alpha=0.270 評価候補=-89.8 (これまでのベスト=1090.2) (累計3.6分)
  step  115000/1000000: 直近ep平均報酬=  -121.5 alpha=0.285 評価候補=-88.9 (これまでのベスト=1090.2) (累計3.8分)
  step  120000/1000000: 直近ep平均報酬=  -145.0 alpha=0.285 評価候補=-92.4 (これまでのベスト=1090.2) (累計3.9分)
  step  125000/1000000: 直近ep平均報酬=  -134.5 alpha=0.298 評価候補=-88.3 (これまでのベスト=1090.2) (累計4.1分)
  step  130000/1000000: 直近ep平均報酬=  -109.7 alpha=0.307 評価候補=-89.7 (これまでのベスト=1090.2) (累計4.3分)
  step  135000/1000000: 直近ep平均報酬=  -106.0 alpha=0.314 評価候補=-92.6 (これまでのベスト=1090.2) (累計4.4分)
  step  140000/1000000: 直近ep平均報酬=  -129.4 alpha=0.318 評価候補=-92.7 (これまでのベスト=1090.2) (累計4.6分)
  step  145000/1000000: 直近ep平均報酬=  -127.3 alpha=0.314 評価候補=-91.4 (これまでのベスト=1090.2) (累計4.8分)
  step  150000/1000000: 直近ep平均報酬=  -125.7 alpha=0.310 評価候補=-88.7 (これまでのベスト=1090.2) (累計4.9分)
  step  155000/1000000: 直近ep平均報酬=  -125.8 alpha=0.310 評価候補=-95.7 (これまでのベスト=1090.2) (累計5.1分)
  step  160000/1000000: 直近ep平均報酬=  -150.2 alpha=0.309 評価候補=-91.5 (これまでのベスト=1090.2) (累計5.3分)
  step  165000/1000000: 直近ep平均報酬=  -108.4 alpha=0.320 評価候補=-93.7 (これまでのベスト=1090.2) (累計5.4分)
  step  170000/1000000: 直近ep平均報酬=  -115.5 alpha=0.307 評価候補=-93.7 (これまでのベスト=1090.2) (累計5.6分)
  step  175000/1000000: 直近ep平均報酬=  -136.2 alpha=0.311 評価候補=-94.1 (これまでのベスト=1090.2) (累計5.8分)
  step  180000/1000000: 直近ep平均報酬=  -122.8 alpha=0.306 評価候補=-94.7 (これまでのベスト=1090.2) (累計5.9分)
  step  185000/1000000: 直近ep平均報酬=  -111.0 alpha=0.317 評価候補=-91.7 (これまでのベスト=1090.2) (累計6.1分)
  step  190000/1000000: 直近ep平均報酬=  -151.3 alpha=0.317 評価候補=-90.1 (これまでのベスト=1090.2) (累計6.3分)
  step  195000/1000000: 直近ep平均報酬=  -117.0 alpha=0.326 評価候補=-91.7 (これまでのベスト=1090.2) (累計6.4分)
  step  200000/1000000: 直近ep平均報酬=  -163.7 alpha=0.335 評価候補=-94.0 (これまでのベスト=1090.2) (累計6.6分)
  step  205000/1000000: 直近ep平均報酬=  -132.9 alpha=0.319 評価候補=-89.2 (これまでのベスト=1090.2) (累計6.8分)
  step  210000/1000000: 直近ep平均報酬=  -116.1 alpha=0.307 評価候補=-90.0 (これまでのベスト=1090.2) (累計6.9分)
  step  215000/1000000: 直近ep平均報酬=  -112.1 alpha=0.294 評価候補=-88.1 (これまでのベスト=1090.2) (累計7.1分)
  step  220000/1000000: 直近ep平均報酬=  -135.8 alpha=0.284 評価候補=-94.9 (これまでのベスト=1090.2) (累計7.3分)
  step  225000/1000000: 直近ep平均報酬=  -109.6 alpha=0.274 評価候補=-91.3 (これまでのベスト=1090.2) (累計7.5分)
  step  230000/1000000: 直近ep平均報酬=  -105.1 alpha=0.268 評価候補=-92.5 (これまでのベスト=1090.2) (累計7.6分)
  step  235000/1000000: 直近ep平均報酬=  -116.9 alpha=0.266 評価候補=-94.0 (これまでのベスト=1090.2) (累計7.8分)
  step  240000/1000000: 直近ep平均報酬=  -121.9 alpha=0.256 評価候補=-96.7 (これまでのベスト=1090.2) (累計8.0分)
  step  245000/1000000: 直近ep平均報酬=  -106.2 alpha=0.242 評価候補=-94.9 (これまでのベスト=1090.2) (累計8.2分)
  step  250000/1000000: 直近ep平均報酬=  -111.9 alpha=0.239 評価候補=-98.3 (これまでのベスト=1090.2) (累計8.3分)
  step  255000/1000000: 直近ep平均報酬=  -117.1 alpha=0.242 評価候補=-95.7 (これまでのベスト=1090.2) (累計8.5分)
  step  260000/1000000: 直近ep平均報酬=  -117.5 alpha=0.244 評価候補=-97.8 (これまでのベスト=1090.2) (累計8.7分)
  step  265000/1000000: 直近ep平均報酬=  -126.2 alpha=0.245 評価候補=-97.1 (これまでのベスト=1090.2) (累計8.8分)
  step  270000/1000000: 直近ep平均報酬=  -132.6 alpha=0.243 評価候補=-96.9 (これまでのベスト=1090.2) (累計9.0分)
  step  275000/1000000: 直近ep平均報酬=  -112.8 alpha=0.241 評価候補=-96.1 (これまでのベスト=1090.2) (累計9.2分)
  step  280000/1000000: 直近ep平均報酬=  -118.6 alpha=0.233 評価候補=-96.5 (これまでのベスト=1090.2) (累計9.4分)
  step  285000/1000000: 直近ep平均報酬=  -113.6 alpha=0.226 評価候補=-99.8 (これまでのベスト=1090.2) (累計9.5分)
  step  290000/1000000: 直近ep平均報酬=  -118.5 alpha=0.225 評価候補=-98.7 (これまでのベスト=1090.2) (累計9.7分)
  step  295000/1000000: 直近ep平均報酬=  -132.4 alpha=0.217 評価候補=-105.5 (これまでのベスト=1090.2) (累計9.9分)
  step  300000/1000000: 直近ep平均報酬=  -105.8 alpha=0.212 評価候補=-98.9 (これまでのベスト=1090.2) (累計10.1分)
  step  305000/1000000: 直近ep平均報酬=  -104.1 alpha=0.198 評価候補=-97.5 (これまでのベスト=1090.2) (累計10.2分)
  step  310000/1000000: 直近ep平均報酬=  -113.1 alpha=0.198 評価候補=-103.8 (これまでのベスト=1090.2) (累計10.4分)
  step  315000/1000000: 直近ep平均報酬=  -150.2 alpha=0.191 評価候補=-98.9 (これまでのベスト=1090.2) (累計10.6分)
  step  320000/1000000: 直近ep平均報酬=  -119.1 alpha=0.182 評価候補=-100.1 (これまでのベスト=1090.2) (累計10.7分)
  step  325000/1000000: 直近ep平均報酬=  -109.0 alpha=0.179 評価候補=-105.9 (これまでのベスト=1090.2) (累計10.9分)
  step  330000/1000000: 直近ep平均報酬=  -121.7 alpha=0.176 評価候補=-99.1 (これまでのベスト=1090.2) (累計11.0分)
  step  335000/1000000: 直近ep平均報酬=  -111.3 alpha=0.166 評価候補=-100.8 (これまでのベスト=1090.2) (累計11.2分)
  step  340000/1000000: 直近ep平均報酬=  -116.1 alpha=0.172 評価候補=-113.2 (これまでのベスト=1090.2) (累計11.4分)
  step  345000/1000000: 直近ep平均報酬=  -114.7 alpha=0.170 評価候補=-110.7 (これまでのベスト=1090.2) (累計11.6分)
  step  350000/1000000: 直近ep平均報酬=  -143.8 alpha=0.177 評価候補=-100.6 (これまでのベスト=1090.2) (累計11.7分)
  step  355000/1000000: 直近ep平均報酬=  -129.8 alpha=0.183 評価候補=-107.7 (これまでのベスト=1090.2) (累計11.9分)
  step  360000/1000000: 直近ep平均報酬=  -111.5 alpha=0.193 評価候補=-113.0 (これまでのベスト=1090.2) (累計12.1分)
  step  365000/1000000: 直近ep平均報酬=  -127.9 alpha=0.187 評価候補=-100.7 (これまでのベスト=1090.2) (累計12.2分)
  step  370000/1000000: 直近ep平均報酬=  -150.3 alpha=0.189 評価候補=-98.6 (これまでのベスト=1090.2) (累計12.4分)
  step  375000/1000000: 直近ep平均報酬=  -126.0 alpha=0.189 評価候補=-98.3 (これまでのベスト=1090.2) (累計12.6分)
  step  380000/1000000: 直近ep平均報酬=  -119.6 alpha=0.187 評価候補=-113.0 (これまでのベスト=1090.2) (累計12.7分)
  step  385000/1000000: 直近ep平均報酬=  -116.8 alpha=0.183 評価候補=-94.5 (これまでのベスト=1090.2) (累計12.9分)
  step  390000/1000000: 直近ep平均報酬=  -129.6 alpha=0.177 評価候補=-89.0 (これまでのベスト=1090.2) (累計13.1分)
  step  395000/1000000: 直近ep平均報酬=  -133.6 alpha=0.178 評価候補=-91.8 (これまでのベスト=1090.2) (累計13.3分)
  step  400000/1000000: 直近ep平均報酬=  -122.0 alpha=0.189 評価候補=-91.6 (これまでのベスト=1090.2) (累計13.4分)
  step  405000/1000000: 直近ep平均報酬=  -114.5 alpha=0.184 評価候補=-99.3 (これまでのベスト=1090.2) (累計13.6分)
  step  410000/1000000: 直近ep平均報酬=  -111.7 alpha=0.198 評価候補=-90.0 (これまでのベスト=1090.2) (累計13.8分)
  step  415000/1000000: 直近ep平均報酬=  -152.4 alpha=0.189 評価候補=-90.3 (これまでのベスト=1090.2) (累計13.9分)
  step  420000/1000000: 直近ep平均報酬=  -110.8 alpha=0.190 評価候補=-87.5 (これまでのベスト=1090.2) (累計14.1分)
  step  425000/1000000: 直近ep平均報酬=  -139.9 alpha=0.186 評価候補=-89.6 (これまでのベスト=1090.2) (累計14.3分)
  step  430000/1000000: 直近ep平均報酬=  -124.1 alpha=0.192 評価候補=-90.7 (これまでのベスト=1090.2) (累計14.5分)
  step  435000/1000000: 直近ep平均報酬=  -129.3 alpha=0.189 評価候補=-93.0 (これまでのベスト=1090.2) (累計14.6分)
  step  440000/1000000: 直近ep平均報酬=  -138.4 alpha=0.191 評価候補=-94.1 (これまでのベスト=1090.2) (累計14.8分)
  step  445000/1000000: 直近ep平均報酬=  -129.5 alpha=0.190 評価候補=-94.6 (これまでのベスト=1090.2) (累計14.9分)
  step  450000/1000000: 直近ep平均報酬=  -126.5 alpha=0.190 評価候補=-98.2 (これまでのベスト=1090.2) (累計15.1分)
  step  455000/1000000: 直近ep平均報酬=  -130.5 alpha=0.193 評価候補=-93.7 (これまでのベスト=1090.2) (累計15.3分)
  step  460000/1000000: 直近ep平均報酬=  -121.5 alpha=0.199 評価候補=-96.1 (これまでのベスト=1090.2) (累計15.5分)
  step  465000/1000000: 直近ep平均報酬=  -119.9 alpha=0.190 評価候補=-92.4 (これまでのベスト=1090.2) (累計15.6分)
  step  470000/1000000: 直近ep平均報酬=  -129.6 alpha=0.189 評価候補=-89.7 (これまでのベスト=1090.2) (累計15.8分)
  step  475000/1000000: 直近ep平均報酬=  -146.1 alpha=0.189 評価候補=-93.7 (これまでのベスト=1090.2) (累計16.0分)
  step  480000/1000000: 直近ep平均報酬=  -125.8 alpha=0.201 評価候補=-93.0 (これまでのベスト=1090.2) (累計16.1分)
  step  485000/1000000: 直近ep平均報酬=  -166.7 alpha=0.190 評価候補=-92.7 (これまでのベスト=1090.2) (累計16.3分)
  step  490000/1000000: 直近ep平均報酬=  -146.5 alpha=0.199 評価候補=-93.3 (これまでのベスト=1090.2) (累計16.5分)
  step  495000/1000000: 直近ep平均報酬=  -136.4 alpha=0.206 評価候補=-93.0 (これまでのベスト=1090.2) (累計16.6分)
  step  500000/1000000: 直近ep平均報酬=  -190.3 alpha=0.217 評価候補=-124.1 (これまでのベスト=1090.2) (累計16.8分)
  step  505000/1000000: 直近ep平均報酬=  -176.8 alpha=0.203 評価候補=-99.4 (これまでのベスト=1090.2) (累計17.0分)
  step  510000/1000000: 直近ep平均報酬=  -147.1 alpha=0.229 評価候補=-88.9 (これまでのベスト=1090.2) (累計17.2分)
  step  515000/1000000: 直近ep平均報酬=  -131.1 alpha=0.215 評価候補=-91.4 (これまでのベスト=1090.2) (累計17.3分)
  step  520000/1000000: 直近ep平均報酬=  -131.6 alpha=0.206 評価候補=-91.4 (これまでのベスト=1090.2) (累計17.5分)
  step  525000/1000000: 直近ep平均報酬=  -138.5 alpha=0.206 評価候補=-93.9 (これまでのベスト=1090.2) (累計17.7分)
  step  530000/1000000: 直近ep平均報酬=  -121.5 alpha=0.210 評価候補=-95.1 (これまでのベスト=1090.2) (累計17.8分)
  step  535000/1000000: 直近ep平均報酬=  -134.8 alpha=0.209 評価候補=-88.0 (これまでのベスト=1090.2) (累計18.0分)
  step  540000/1000000: 直近ep平均報酬=  -147.4 alpha=0.208 評価候補=-94.9 (これまでのベスト=1090.2) (累計18.2分)
  step  545000/1000000: 直近ep平均報酬=  -131.1 alpha=0.220 評価候補=-89.9 (これまでのベスト=1090.2) (累計18.4分)
  step  550000/1000000: 直近ep平均報酬=  -143.1 alpha=0.217 評価候補=-90.8 (これまでのベスト=1090.2) (累計18.5分)
  step  555000/1000000: 直近ep平均報酬=  -134.7 alpha=0.216 評価候補=-92.2 (これまでのベスト=1090.2) (累計18.7分)
  step  560000/1000000: 直近ep平均報酬=  -144.1 alpha=0.211 評価候補=-84.2 (これまでのベスト=1090.2) (累計18.9分)
  step  565000/1000000: 直近ep平均報酬=  -123.7 alpha=0.216 評価候補=-90.0 (これまでのベスト=1090.2) (累計19.1分)
  step  570000/1000000: 直近ep平均報酬=  -120.7 alpha=0.216 評価候補=-96.9 (これまでのベスト=1090.2) (累計19.2分)
  step  575000/1000000: 直近ep平均報酬=  -160.1 alpha=0.217 評価候補=-96.6 (これまでのベスト=1090.2) (累計19.4分)
  step  580000/1000000: 直近ep平均報酬=  -123.7 alpha=0.231 評価候補=-92.5 (これまでのベスト=1090.2) (累計19.6分)
  step  585000/1000000: 直近ep平均報酬=  -123.3 alpha=0.236 評価候補=-90.2 (これまでのベスト=1090.2) (累計19.7分)
  step  590000/1000000: 直近ep平均報酬=  -243.6 alpha=0.245 評価候補=-89.4 (これまでのベスト=1090.2) (累計19.9分)
  step  595000/1000000: 直近ep平均報酬=  -147.6 alpha=0.260 評価候補=-96.4 (これまでのベスト=1090.2) (累計20.1分)
  step  600000/1000000: 直近ep平均報酬=  -118.9 alpha=0.280 評価候補=-93.5 (これまでのベスト=1090.2) (累計20.3分)
  step  605000/1000000: 直近ep平均報酬=  -123.1 alpha=0.303 評価候補=-95.6 (これまでのベスト=1090.2) (累計20.4分)
  step  610000/1000000: 直近ep平均報酬=  -167.2 alpha=0.320 評価候補=-94.1 (これまでのベスト=1090.2) (累計20.6分)
  step  615000/1000000: 直近ep平均報酬=  -111.7 alpha=0.337 評価候補=-93.5 (これまでのベスト=1090.2) (累計20.8分)
  step  620000/1000000: 直近ep平均報酬=  -119.7 alpha=0.323 評価候補=-93.1 (これまでのベスト=1090.2) (累計20.9分)
  step  625000/1000000: 直近ep平均報酬=  -118.3 alpha=0.327 評価候補=-93.6 (これまでのベスト=1090.2) (累計21.1分)
  step  630000/1000000: 直近ep平均報酬=  -112.0 alpha=0.343 評価候補=-94.9 (これまでのベスト=1090.2) (累計21.3分)
  step  635000/1000000: 直近ep平均報酬=  -116.6 alpha=0.330 評価候補=-93.8 (これまでのベスト=1090.2) (累計21.5分)
  step  640000/1000000: 直近ep平均報酬=  -131.3 alpha=0.332 評価候補=-91.9 (これまでのベスト=1090.2) (累計21.6分)
  step  645000/1000000: 直近ep平均報酬=  -112.7 alpha=0.347 評価候補=-95.8 (これまでのベスト=1090.2) (累計21.8分)
  step  650000/1000000: 直近ep平均報酬=  -141.0 alpha=0.330 評価候補=-94.6 (これまでのベスト=1090.2) (累計22.0分)
  step  655000/1000000: 直近ep平均報酬=  -143.9 alpha=0.343 評価候補=-94.4 (これまでのベスト=1090.2) (累計22.1分)
  step  660000/1000000: 直近ep平均報酬=  -117.4 alpha=0.342 評価候補=-89.8 (これまでのベスト=1090.2) (累計22.3分)
  step  665000/1000000: 直近ep平均報酬=  -122.3 alpha=0.350 評価候補=-91.3 (これまでのベスト=1090.2) (累計22.5分)
  step  670000/1000000: 直近ep平均報酬=  -139.2 alpha=0.336 評価候補=-88.6 (これまでのベスト=1090.2) (累計22.6分)
  step  675000/1000000: 直近ep平均報酬=  -109.7 alpha=0.335 評価候補=-91.8 (これまでのベスト=1090.2) (累計22.8分)
  step  680000/1000000: 直近ep平均報酬=  -157.8 alpha=0.340 評価候補=-93.6 (これまでのベスト=1090.2) (累計23.0分)
  step  685000/1000000: 直近ep平均報酬=  -121.5 alpha=0.330 評価候補=-95.6 (これまでのベスト=1090.2) (累計23.1分)
  step  690000/1000000: 直近ep平均報酬=  -155.4 alpha=0.336 評価候補=-94.0 (これまでのベスト=1090.2) (累計23.3分)
  step  695000/1000000: 直近ep平均報酬=  -112.2 alpha=0.324 評価候補=-92.4 (これまでのベスト=1090.2) (累計23.5分)
  step  700000/1000000: 直近ep平均報酬=  -110.7 alpha=0.319 評価候補=-89.5 (これまでのベスト=1090.2) (累計23.6分)
  step  705000/1000000: 直近ep平均報酬=  -117.9 alpha=0.299 評価候補=-98.0 (これまでのベスト=1090.2) (累計23.8分)
  step  710000/1000000: 直近ep平均報酬=  -124.4 alpha=0.297 評価候補=-97.4 (これまでのベスト=1090.2) (累計24.0分)
  step  715000/1000000: 直近ep平均報酬=  -117.6 alpha=0.286 評価候補=-100.5 (これまでのベスト=1090.2) (累計24.2分)
  step  720000/1000000: 直近ep平均報酬=  -117.8 alpha=0.292 評価候補=-95.4 (これまでのベスト=1090.2) (累計24.4分)
  step  725000/1000000: 直近ep平均報酬=  -111.1 alpha=0.280 評価候補=-99.1 (これまでのベスト=1090.2) (累計24.5分)
  step  730000/1000000: 直近ep平均報酬=  -115.3 alpha=0.294 評価候補=-93.2 (これまでのベスト=1090.2) (累計24.7分)
  step  735000/1000000: 直近ep平均報酬=  -108.8 alpha=0.294 評価候補=-98.9 (これまでのベスト=1090.2) (累計24.9分)
  step  740000/1000000: 直近ep平均報酬=  -114.8 alpha=0.293 評価候補=-92.4 (これまでのベスト=1090.2) (累計25.0分)
  step  745000/1000000: 直近ep平均報酬=  -112.7 alpha=0.284 評価候補=-95.8 (これまでのベスト=1090.2) (累計25.2分)
  step  750000/1000000: 直近ep平均報酬=  -112.3 alpha=0.281 評価候補=-97.1 (これまでのベスト=1090.2) (累計25.4分)
  step  755000/1000000: 直近ep平均報酬=  -122.1 alpha=0.272 評価候補=-99.1 (これまでのベスト=1090.2) (累計25.5分)
  step  760000/1000000: 直近ep平均報酬=  -119.7 alpha=0.268 評価候補=-95.4 (これまでのベスト=1090.2) (累計25.7分)
  step  765000/1000000: 直近ep平均報酬=  -110.1 alpha=0.293 評価候補=-97.6 (これまでのベスト=1090.2) (累計25.9分)
  step  770000/1000000: 直近ep平均報酬=  -111.5 alpha=0.278 評価候補=-98.4 (これまでのベスト=1090.2) (累計26.1分)
  step  775000/1000000: 直近ep平均報酬=  -112.4 alpha=0.267 評価候補=-92.2 (これまでのベスト=1090.2) (累計26.2分)
  step  780000/1000000: 直近ep平均報酬=  -113.9 alpha=0.260 評価候補=-99.4 (これまでのベスト=1090.2) (累計26.4分)
  step  785000/1000000: 直近ep平均報酬=  -112.0 alpha=0.252 評価候補=-98.3 (これまでのベスト=1090.2) (累計26.6分)
  step  790000/1000000: 直近ep平均報酬=  -122.5 alpha=0.241 評価候補=-98.2 (これまでのベスト=1090.2) (累計26.7分)
  step  795000/1000000: 直近ep平均報酬=  -114.6 alpha=0.233 評価候補=-98.2 (これまでのベスト=1090.2) (累計26.9分)
  step  800000/1000000: 直近ep平均報酬=  -119.6 alpha=0.217 評価候補=-97.1 (これまでのベスト=1090.2) (累計27.1分)
  step  805000/1000000: 直近ep平均報酬=  -117.7 alpha=0.228 評価候補=-100.2 (これまでのベスト=1090.2) (累計27.2分)
  step  810000/1000000: 直近ep平均報酬=  -114.3 alpha=0.220 評価候補=-94.8 (これまでのベスト=1090.2) (累計27.4分)
  step  815000/1000000: 直近ep平均報酬=  -104.8 alpha=0.217 評価候補=-96.6 (これまでのベスト=1090.2) (累計27.6分)
  step  820000/1000000: 直近ep平均報酬=  -113.6 alpha=0.215 評価候補=-96.0 (これまでのベスト=1090.2) (累計27.8分)
  step  825000/1000000: 直近ep平均報酬=  -114.8 alpha=0.201 評価候補=-95.5 (これまでのベスト=1090.2) (累計27.9分)
  step  830000/1000000: 直近ep平均報酬=  -119.8 alpha=0.194 評価候補=-87.6 (これまでのベスト=1090.2) (累計28.1分)
  step  835000/1000000: 直近ep平均報酬=  -117.5 alpha=0.188 評価候補=-93.3 (これまでのベスト=1090.2) (累計28.3分)
  step  840000/1000000: 直近ep平均報酬=  -155.5 alpha=0.177 評価候補=-100.7 (これまでのベスト=1090.2) (累計28.4分)
  step  845000/1000000: 直近ep平均報酬=  -126.8 alpha=0.175 評価候補=-99.5 (これまでのベスト=1090.2) (累計28.6分)
  step  850000/1000000: 直近ep平均報酬=  -140.1 alpha=0.169 評価候補=-93.5 (これまでのベスト=1090.2) (累計28.8分)
  step  855000/1000000: 直近ep平均報酬=  -132.5 alpha=0.176 評価候補=-95.7 (これまでのベスト=1090.2) (累計29.0分)
  step  860000/1000000: 直近ep平均報酬=  -121.5 alpha=0.174 評価候補=-105.1 (これまでのベスト=1090.2) (累計29.1分)
  step  865000/1000000: 直近ep平均報酬=  -135.9 alpha=0.187 評価候補=-89.3 (これまでのベスト=1090.2) (累計29.3分)
  step  870000/1000000: 直近ep平均報酬=  -124.4 alpha=0.188 評価候補=-95.7 (これまでのベスト=1090.2) (累計29.5分)
  step  875000/1000000: 直近ep平均報酬=  -138.3 alpha=0.172 評価候補=-107.9 (これまでのベスト=1090.2) (累計29.6分)
  step  880000/1000000: 直近ep平均報酬=  -121.4 alpha=0.179 評価候補=-95.7 (これまでのベスト=1090.2) (累計29.8分)
  step  885000/1000000: 直近ep平均報酬=  -135.2 alpha=0.182 評価候補=-98.9 (これまでのベスト=1090.2) (累計30.0分)
  step  890000/1000000: 直近ep平均報酬=  -160.2 alpha=0.164 評価候補=-94.2 (これまでのベスト=1090.2) (累計30.2分)
  step  895000/1000000: 直近ep平均報酬=  -131.4 alpha=0.181 評価候補=-99.9 (これまでのベスト=1090.2) (累計30.4分)
  step  900000/1000000: 直近ep平均報酬=  -119.4 alpha=0.176 評価候補=-95.1 (これまでのベスト=1090.2) (累計30.5分)
  step  905000/1000000: 直近ep平均報酬=  -180.1 alpha=0.174 評価候補=-100.2 (これまでのベスト=1090.2) (累計30.7分)
  step  910000/1000000: 直近ep平均報酬=  -130.1 alpha=0.189 評価候補=-98.0 (これまでのベスト=1090.2) (累計30.9分)
  step  915000/1000000: 直近ep平均報酬=  -116.5 alpha=0.199 評価候補=-97.6 (これまでのベスト=1090.2) (累計31.1分)
  step  920000/1000000: 直近ep平均報酬=  -139.7 alpha=0.196 評価候補=-102.6 (これまでのベスト=1090.2) (累計31.2分)
  step  925000/1000000: 直近ep平均報酬=  -123.2 alpha=0.205 評価候補=-99.3 (これまでのベスト=1090.2) (累計31.4分)
  step  930000/1000000: 直近ep平均報酬=  -135.2 alpha=0.198 評価候補=-96.2 (これまでのベスト=1090.2) (累計31.6分)
  step  935000/1000000: 直近ep平均報酬=  -121.0 alpha=0.199 評価候補=-93.9 (これまでのベスト=1090.2) (累計31.8分)
  step  940000/1000000: 直近ep平均報酬=  -114.7 alpha=0.211 評価候補=-96.6 (これまでのベスト=1090.2) (累計31.9分)
  step  945000/1000000: 直近ep平均報酬=  -151.6 alpha=0.203 評価候補=-96.8 (これまでのベスト=1090.2) (累計32.1分)
  step  950000/1000000: 直近ep平均報酬=  -111.6 alpha=0.208 評価候補=-95.0 (これまでのベスト=1090.2) (累計32.3分)
  step  955000/1000000: 直近ep平均報酬=  -120.3 alpha=0.214 評価候補=-96.9 (これまでのベスト=1090.2) (累計32.5分)
  step  960000/1000000: 直近ep平均報酬=  -137.1 alpha=0.213 評価候補=-98.4 (これまでのベスト=1090.2) (累計32.7分)
  step  965000/1000000: 直近ep平均報酬=  -125.4 alpha=0.228 評価候補=-99.1 (これまでのベスト=1090.2) (累計32.8分)
  step  970000/1000000: 直近ep平均報酬=  -114.9 alpha=0.234 評価候補=-101.1 (これまでのベスト=1090.2) (累計33.0分)
  step  975000/1000000: 直近ep平均報酬=  -113.7 alpha=0.245 評価候補=-96.4 (これまでのベスト=1090.2) (累計33.2分)
  step  980000/1000000: 直近ep平均報酬=  -114.7 alpha=0.253 評価候補=-102.8 (これまでのベスト=1090.2) (累計33.4分)
  step  985000/1000000: 直近ep平均報酬=  -115.3 alpha=0.248 評価候補=-96.2 (これまでのベスト=1090.2) (累計33.6分)
  step  990000/1000000: 直近ep平均報酬=  -114.4 alpha=0.252 評価候補=-99.3 (これまでのベスト=1090.2) (累計33.7分)
  step  995000/1000000: 直近ep平均報酬=  -116.6 alpha=0.249 評価候補=-99.6 (これまでのベスト=1090.2) (累計33.9分)
  step 1000000/1000000: 直近ep平均報酬=  -113.3 alpha=0.247 評価候補=-97.9 (これまでのベスト=1090.2) (累計34.1分)

SAC学習完了(total_steps=1000000)! 最良報酬 = 1090.2 (所要時間 34.1分)

=== 通常条件でのテスト ===
  test 0: 0.6秒 生存 (最終傾き -30.9°)
  test 1: 30.0秒 生存 (最終傾き -2.9°)
  test 2: 0.8秒 生存 (最終傾き -32.1°)

=== ★最悪条件でのテスト ===
  最悪条件: 0.4秒 生存 (最終傾き -31.9°, 最大傾き 31.9°)
録画完了: training_result_sac.mp4 (20.0秒間)

ev3way_sac_w1.npy, ev3way_sac_w2.npy を保存(上書き・最終版)しました

============================================================
static const float W1[7][24] = {
    { +8.15597630f, -0.35187903f, +0.19921309f, -0.53777248f, +0.23017849f, +0.21501057f, +0.49256575f, +0.87410516f, -0.34575829f, -0.27878520f, -0.93729502f, -0.69970936f, -0.44738856f, -1.09287500f, -0.38545814f, -0.10920008f, +0.05941400f, +0.03154868f, -0.13053221f, +0.03486823f, -0.06062185f, -0.17045644f, -0.15463139f, -0.07261261f },
    { +2.02546668f, -0.02393677f, +0.09568608f, +0.69866258f, +0.26748577f, +0.21941681f, -0.30812192f, +0.41432294f, -0.22947493f, -0.09012468f, -0.54930049f, +0.36884928f, -0.12180680f, -0.01238390f, -0.16532677f, -0.26682031f, +0.06901876f, +0.18435310f, -0.02940566f, +0.08590993f, -0.18760596f, +0.02972747f, -0.03390838f, -0.00189713f },
    { +1.25204563f, +0.50870395f, +0.29493600f, -0.52841508f, -0.49422053f, -0.73885453f, +0.30287832f, +0.67088157f, -1.65284610f, +0.80094010f, +0.89084512f, -0.50156987f, +0.21250179f, +0.04994976f, +0.07293151f, +0.89497989f, +0.05931731f, +0.02724468f, +0.17938964f, -0.00596297f, +0.18716171f, -0.06143839f, +0.01572312f, -0.01479740f },
    { +0.62951523f, -1.05295181f, +0.73027420f, -0.36519989f, -0.52027732f, +0.06754829f, -0.18398903f, -0.55249178f, +0.45271677f, +0.41426426f, -0.47447959f, +0.24707375f, +0.70609182f, -1.12632692f, +0.21812758f, -0.07138730f, +0.00004276f, +0.04799566f, -0.05500213f, +0.16331364f, -0.02251568f, -0.01444360f, +0.08379186f, +0.14595410f },
    { -0.00476608f, +0.33590487f, +0.19285665f, +0.31236440f, -0.00425561f, -0.12922145f, +0.00513307f, +0.08503117f, +0.58943224f, -0.17858461f, -0.02898601f, +0.28003225f, +0.54876071f, +0.06987596f, -0.22464707f, +0.37563902f, +0.05140005f, +0.13567390f, +0.02884058f, +0.03126606f, +0.03308439f, +0.07820177f, -0.13876101f, +0.08390450f },
    { +0.37961182f, +0.47627664f, +0.47113881f, +0.68041396f, -0.42344221f, +0.64492536f, +0.54653454f, +0.27461347f, -0.25514439f, -0.27141497f, +0.31566843f, -0.46711990f, +0.17115559f, -0.21716484f, -0.45237631f, -0.25405535f, +0.12159444f, -0.07681144f, +0.06636093f, -0.26735848f, -0.06965109f, -0.06853737f, +0.03911186f, +0.09190115f },
    { -0.70859581f, -0.51083702f, -0.53702021f, -0.20941958f, +0.17327407f, +0.10777958f, +0.17869180f, -0.95855379f, +0.53721911f, -0.65666080f, +0.11125567f, +0.77018195f, -0.32763129f, -0.17597385f, -0.05640550f, +0.00313369f, -0.17342034f, -0.13362014f, +0.05180418f, -0.06277131f, +0.06739765f, -0.11795768f, -0.16672096f, -0.10960575f },
};

static const float W2[24][2] = {
    { +0.55732363f, +0.50101435f },
    { -0.21460959f, +0.31760719f },
    { +0.10641304f, -0.27603236f },
    { -0.28866667f, +0.11879181f },
    { -0.20166098f, +0.03601131f },
    { +0.46714923f, -0.36722645f },
    { -0.29821846f, +0.45608184f },
    { -0.09968156f, +0.02662736f },
    { +0.17237812f, -0.26431480f },
    { +0.09506810f, -0.09294256f },
    { +0.24084230f, +0.15671204f },
    { -0.12577450f, +0.24121641f },
    { +0.31031144f, +0.20831662f },
    { -0.27665064f, -0.14743839f },
    { +0.12630087f, +0.29269883f },
    { -0.21622692f, +0.41647866f },
    { +0.00000000f, +0.00000000f },
    { +0.00000000f, +0.00000000f },
    { +0.00000000f, +0.00000000f },
    { +0.00000000f, +0.00000000f },
    { +0.00000000f, +0.00000000f },
    { +0.00000000f, +0.00000000f },
    { +0.00000000f, +0.00000000f },
    { +0.00000000f, +0.00000000f },
};
