pybullet build time: Sep 19 2026 08:27:33
既存の重みを検出: ev3way_w1.npy (shape=(7, 16)), ev3way_w2.npy (shape=(16, 2))
✅ 既存の重みを引き継いで学習を再開します (sigma0=0.2)
popsize=200, generations(maxiter)=200, 1世代あたり6シード評価 (学習中は15秒/エピソードで評価)
ラン開始前のW1をバックアップ: checkpoints/ev3way_w1_before_gen200pop200_260923_193840.npy
ラン開始前のW2をバックアップ: checkpoints/ev3way_w2_before_gen200pop200_260923_193840.npy
  gen   1/200: best_reward =   730.6  (この世代 108.8秒, 累計   1.8分)
  gen   2/200: best_reward =   764.9  (この世代 109.3秒, 累計   3.6分)
  gen   3/200: best_reward =   938.1  (この世代 119.2秒, 累計   5.6分)
  gen   4/200: best_reward =   938.1  (この世代 119.5秒, 累計   7.6分)
  gen   5/200: best_reward =  1027.8  (この世代 121.3秒, 累計   9.6分)
  [checkpoint] gen 5 時点のベスト重みを ev3way_w1.npy/ev3way_w2.npy に中間保存しました
  gen   6/200: best_reward =  1027.8  (この世代 119.8秒, 累計  11.6分)
  gen   7/200: best_reward =  1027.8  (この世代 103.6秒, 累計  13.4分)
  gen   8/200: best_reward =  1027.8  (この世代 100.4秒, 累計  15.0分)
  gen   9/200: best_reward =  1027.8  (この世代  92.3秒, 累計  16.6分)
  gen  10/200: best_reward =  1027.8  (この世代 113.7秒, 累計  18.5分)
  [checkpoint] gen 10 時点のベスト重みを ev3way_w1.npy/ev3way_w2.npy に中間保存しました
  gen  11/200: best_reward =  1073.1  (この世代 101.9秒, 累計  20.2分)
  gen  12/200: best_reward =  1073.1  (この世代 127.9秒, 累計  22.3分)
  gen  13/200: best_reward =  1073.1  (この世代 120.6秒, 累計  24.3分)
  gen  14/200: best_reward =  1073.1  (この世代 135.5秒, 累計  26.6分)
  gen  15/200: best_reward =  1073.1  (この世代 123.9秒, 累計  28.6分)
  [checkpoint] gen 15 時点のベスト重みを ev3way_w1.npy/ev3way_w2.npy に中間保存しました
  gen  16/200: best_reward =  1073.1  (この世代  98.3秒, 累計  30.3分)
  gen  17/200: best_reward =  1082.7  (この世代 126.4秒, 累計  32.4分)
  gen  18/200: best_reward =  1082.7  (この世代 115.1秒, 累計  34.3分)
  gen  19/200: best_reward =  1169.8  (この世代 110.4秒, 累計  36.1分)
  gen  20/200: best_reward =  1169.8  (この世代 114.1秒, 累計  38.0分)
  [checkpoint] gen 20 時点のベスト重みを ev3way_w1.npy/ev3way_w2.npy に中間保存しました
  gen  21/200: best_reward =  1169.8  (この世代 124.8秒, 累計  40.1分)
  gen  22/200: best_reward =  1169.8  (この世代 108.8秒, 累計  41.9分)
  gen  23/200: best_reward =  1169.8  (この世代 120.5秒, 累計  43.9分)
  gen  24/200: best_reward =  1169.8  (この世代 108.9秒, 累計  45.8分)
  gen  25/200: best_reward =  1169.8  (この世代 144.7秒, 累計  48.2分)
  [checkpoint] gen 25 時点のベスト重みを ev3way_w1.npy/ev3way_w2.npy に中間保存しました
  gen  26/200: best_reward =  1169.8  (この世代 118.0秒, 累計  50.1分)
  gen  27/200: best_reward =  1170.0  (この世代 138.6秒, 累計  52.4分)
  gen  28/200: best_reward =  1170.0  (この世代 132.8秒, 累計  54.7分)
  gen  29/200: best_reward =  1170.0  (この世代 133.3秒, 累計  56.9分)
  gen  30/200: best_reward =  1170.0  (この世代 137.1秒, 累計  59.2分)
  [checkpoint] gen 30 時点のベスト重みを ev3way_w1.npy/ev3way_w2.npy に中間保存しました
  gen  31/200: best_reward =  1170.0  (この世代 155.1秒, 累計  61.7分)
  gen  32/200: best_reward =  1170.0  (この世代 129.7秒, 累計  63.9分)
  gen  33/200: best_reward =  1170.0  (この世代 141.1秒, 累計  66.3分)
  gen  34/200: best_reward =  1170.0  (この世代 138.3秒, 累計  68.6分)
  gen  35/200: best_reward =  1170.0  (この世代 166.1秒, 累計  71.3分)
  [checkpoint] gen 35 時点のベスト重みを ev3way_w1.npy/ev3way_w2.npy に中間保存しました
  gen  36/200: best_reward =  1170.0  (この世代 205.2秒, 累計  74.8分)
  gen  37/200: best_reward =  1170.0  (この世代 171.9秒, 累計  77.6分)
  gen  38/200: best_reward =  1170.0  (この世代 195.1秒, 累計  80.9分)
  gen  39/200: best_reward =  1170.0  (この世代 182.0秒, 累計  83.9分)
  gen  40/200: best_reward =  1170.0  (この世代 184.3秒, 累計  87.0分)
  [checkpoint] gen 40 時点のベスト重みを ev3way_w1.npy/ev3way_w2.npy に中間保存しました
  gen  41/200: best_reward =  1170.0  (この世代 207.4秒, 累計  90.4分)
  gen  42/200: best_reward =  1170.0  (この世代 171.8秒, 累計  93.3分)
  gen  43/200: best_reward =  1170.0  (この世代 187.8秒, 累計  96.4分)
  gen  44/200: best_reward =  1170.0  (この世代 181.8秒, 累計  99.5分)
  gen  45/200: best_reward =  1170.0  (この世代 166.5秒, 累計 102.2分)
  [checkpoint] gen 45 時点のベスト重みを ev3way_w1.npy/ev3way_w2.npy に中間保存しました
  gen  46/200: best_reward =  1170.0  (この世代 180.1秒, 累計 105.2分)
  gen  47/200: best_reward =  1170.0  (この世代 171.1秒, 累計 108.1分)
  gen  48/200: best_reward =  1170.0  (この世代 167.1秒, 累計 110.9分)
  gen  49/200: best_reward =  1170.0  (この世代 158.8秒, 累計 113.5分)
  gen  50/200: best_reward =  1170.0  (この世代 153.7秒, 累計 116.1分)
  [checkpoint] gen 50 時点のベスト重みを ev3way_w1.npy/ev3way_w2.npy に中間保存しました
  gen  51/200: best_reward =  1170.0  (この世代 176.7秒, 累計 119.0分)
  gen  52/200: best_reward =  1170.0  (この世代 179.3秒, 累計 122.0分)
  gen  53/200: best_reward =  1170.0  (この世代 200.7秒, 累計 125.4分)
  gen  54/200: best_reward =  1170.0  (この世代 192.0秒, 累計 128.6分)
  gen  55/200: best_reward =  1170.0  (この世代 217.7秒, 累計 132.2分)
  [checkpoint] gen 55 時点のベスト重みを ev3way_w1.npy/ev3way_w2.npy に中間保存しました
  gen  56/200: best_reward =  1170.0  (この世代 222.7秒, 累計 135.9分)
  gen  57/200: best_reward =  1170.0  (この世代 214.9秒, 累計 139.5分)
  gen  58/200: best_reward =  1170.0  (この世代 218.4秒, 累計 143.1分)
  gen  59/200: best_reward =  1170.0  (この世代 202.7秒, 累計 146.5分)
  gen  60/200: best_reward =  1170.0  (この世代 212.1秒, 累計 150.0分)
  [checkpoint] gen 60 時点のベスト重みを ev3way_w1.npy/ev3way_w2.npy に中間保存しました
  gen  61/200: best_reward =  1170.0  (この世代 152.9秒, 累計 152.6分)
  gen  62/200: best_reward =  1170.0  (この世代 202.0秒, 累計 155.9分)
  gen  63/200: best_reward =  1170.0  (この世代 212.0秒, 累計 159.5分)
  gen  64/200: best_reward =  1170.0  (この世代 179.9秒, 累計 162.5分)
  gen  65/200: best_reward =  1170.0  (この世代 190.2秒, 累計 165.7分)
  [checkpoint] gen 65 時点のベスト重みを ev3way_w1.npy/ev3way_w2.npy に中間保存しました
  gen  66/200: best_reward =  1170.0  (この世代 212.2秒, 累計 169.2分)
  gen  67/200: best_reward =  1170.0  (この世代 234.7秒, 累計 173.1分)
  gen  68/200: best_reward =  1170.0  (この世代 206.2秒, 累計 176.5分)
  gen  69/200: best_reward =  1170.0  (この世代 194.7秒, 累計 179.8分)
  gen  70/200: best_reward =  1170.0  (この世代 191.3秒, 累計 183.0分)
  [checkpoint] gen 70 時点のベスト重みを ev3way_w1.npy/ev3way_w2.npy に中間保存しました
  gen  71/200: best_reward =  1170.0  (この世代 205.9秒, 累計 186.4分)
  gen  72/200: best_reward =  1170.0  (この世代 202.3秒, 累計 189.8分)
  gen  73/200: best_reward =  1170.0  (この世代 208.4秒, 累計 193.2分)
  gen  74/200: best_reward =  1170.0  (この世代 221.4秒, 累計 196.9分)
  gen  75/200: best_reward =  1170.0  (この世代 221.0秒, 累計 200.6分)
  [checkpoint] gen 75 時点のベスト重みを ev3way_w1.npy/ev3way_w2.npy に中間保存しました
  gen  76/200: best_reward =  1170.0  (この世代 240.1秒, 累計 204.6分)
  gen  77/200: best_reward =  1170.0  (この世代 236.5秒, 累計 208.6分)
  gen  78/200: best_reward =  1170.0  (この世代 243.3秒, 累計 212.6分)
  gen  79/200: best_reward =  1170.0  (この世代 221.7秒, 累計 216.3分)
  gen  80/200: best_reward =  1170.0  (この世代 248.0秒, 累計 220.4分)
  [checkpoint] gen 80 時点のベスト重みを ev3way_w1.npy/ev3way_w2.npy に中間保存しました
  gen  81/200: best_reward =  1170.0  (この世代 208.8秒, 累計 223.9分)
  gen  82/200: best_reward =  1170.0  (この世代 226.6秒, 累計 227.7分)
  gen  83/200: best_reward =  1170.0  (この世代 233.1秒, 累計 231.6分)
  gen  84/200: best_reward =  1170.0  (この世代 255.2秒, 累計 235.8分)
  gen  85/200: best_reward =  1170.0  (この世代 241.7秒, 累計 239.9分)
  [checkpoint] gen 85 時点のベスト重みを ev3way_w1.npy/ev3way_w2.npy に中間保存しました
  gen  86/200: best_reward =  1170.0  (この世代 235.7秒, 累計 243.8分)
  gen  87/200: best_reward =  1170.0  (この世代 246.5秒, 累計 247.9分)
  gen  88/200: best_reward =  1170.0  (この世代 235.9秒, 累計 251.8分)
  gen  89/200: best_reward =  1170.0  (この世代 227.9秒, 累計 255.6分)
  gen  90/200: best_reward =  1170.0  (この世代 227.2秒, 累計 259.4分)
  [checkpoint] gen 90 時点のベスト重みを ev3way_w1.npy/ev3way_w2.npy に中間保存しました
  gen  91/200: best_reward =  1170.0  (この世代 239.7秒, 累計 263.4分)
  gen  92/200: best_reward =  1170.0  (この世代 237.0秒, 累計 267.4分)
  gen  93/200: best_reward =  1170.0  (この世代 251.5秒, 累計 271.6分)
  gen  94/200: best_reward =  1170.0  (この世代 220.7秒, 累計 275.2分)
  gen  95/200: best_reward =  1170.0  (この世代 275.9秒, 累計 279.8分)
  [checkpoint] gen 95 時点のベスト重みを ev3way_w1.npy/ev3way_w2.npy に中間保存しました
  gen  96/200: best_reward =  1170.0  (この世代 281.5秒, 累計 284.5分)
  gen  97/200: best_reward =  1170.0  (この世代 281.5秒, 累計 289.2分)
  gen  98/200: best_reward =  1170.0  (この世代 272.2秒, 累計 293.8分)
  gen  99/200: best_reward =  1170.0  (この世代 294.4秒, 累計 298.7分)
  gen 100/200: best_reward =  1170.0  (この世代 253.1秒, 累計 302.9分)
  [checkpoint] gen 100 時点のベスト重みを ev3way_w1.npy/ev3way_w2.npy に中間保存しました
  gen 101/200: best_reward =  1170.0  (この世代 281.7秒, 累計 307.6分)
  gen 102/200: best_reward =  1170.0  (この世代 271.4秒, 累計 312.1分)
  gen 103/200: best_reward =  1170.0  (この世代 310.1秒, 累計 317.3分)
  gen 104/200: best_reward =  1170.0  (この世代 233.5秒, 累計 321.2分)
  gen 105/200: best_reward =  1170.0  (この世代 244.9秒, 累計 325.2分)
  [checkpoint] gen 105 時点のベスト重みを ev3way_w1.npy/ev3way_w2.npy に中間保存しました
  gen 106/200: best_reward =  1170.0  (この世代 269.0秒, 累計 329.7分)
  gen 107/200: best_reward =  1170.0  (この世代 273.5秒, 累計 334.3分)
  gen 108/200: best_reward =  1170.0  (この世代 296.8秒, 累計 339.2分)
  gen 109/200: best_reward =  1170.0  (この世代 271.1秒, 累計 343.7分)
  gen 110/200: best_reward =  1170.0  (この世代 304.0秒, 累計 348.8分)
  [checkpoint] gen 110 時点のベスト重みを ev3way_w1.npy/ev3way_w2.npy に中間保存しました
  gen 111/200: best_reward =  1170.0  (この世代 301.1秒, 累計 353.8分)
  gen 112/200: best_reward =  1170.0  (この世代 298.4秒, 累計 358.8分)
  gen 113/200: best_reward =  1170.0  (この世代 287.6秒, 累計 363.6分)
  gen 114/200: best_reward =  1170.0  (この世代 298.7秒, 累計 368.6分)
  gen 115/200: best_reward =  1170.0  (この世代 337.2秒, 累計 374.2分)
  [checkpoint] gen 115 時点のベスト重みを ev3way_w1.npy/ev3way_w2.npy に中間保存しました
  gen 116/200: best_reward =  1170.0  (この世代 337.0秒, 累計 379.8分)
  gen 117/200: best_reward =  1170.0  (この世代 361.5秒, 累計 385.8分)
  gen 118/200: best_reward =  1170.0  (この世代 346.1秒, 累計 391.6分)
  gen 119/200: best_reward =  1170.0  (この世代 345.0秒, 累計 397.4分)
  gen 120/200: best_reward =  1170.0  (この世代 385.0秒, 累計 403.8分)
  [checkpoint] gen 120 時点のベスト重みを ev3way_w1.npy/ev3way_w2.npy に中間保存しました
  gen 121/200: best_reward =  1170.0  (この世代 375.5秒, 累計 410.0分)
  gen 122/200: best_reward =  1170.0  (この世代 382.2秒, 累計 416.4分)
  gen 123/200: best_reward =  1170.0  (この世代 336.4秒, 累計 422.0分)
  gen 124/200: best_reward =  1170.0  (この世代 340.4秒, 累計 427.7分)
  gen 125/200: best_reward =  1170.0  (この世代 389.8秒, 累計 434.2分)
  [checkpoint] gen 125 時点のベスト重みを ev3way_w1.npy/ev3way_w2.npy に中間保存しました
  gen 126/200: best_reward =  1170.0  (この世代 388.8秒, 累計 440.7分)
  gen 127/200: best_reward =  1170.0  (この世代 354.9秒, 累計 446.6分)
  gen 128/200: best_reward =  1170.0  (この世代 364.4秒, 累計 452.7分)
  gen 129/200: best_reward =  1170.0  (この世代 355.4秒, 累計 458.6分)
  gen 130/200: best_reward =  1170.0  (この世代 336.1秒, 累計 464.2分)
  [checkpoint] gen 130 時点のベスト重みを ev3way_w1.npy/ev3way_w2.npy に中間保存しました
  gen 131/200: best_reward =  1170.0  (この世代 391.6秒, 累計 470.7分)
  gen 132/200: best_reward =  1170.0  (この世代 374.6秒, 累計 477.0分)
  gen 133/200: best_reward =  1170.0  (この世代 368.2秒, 累計 483.1分)
  gen 134/200: best_reward =  1170.0  (この世代 398.1秒, 累計 489.7分)
  gen 135/200: best_reward =  1170.0  (この世代 370.7秒, 累計 495.9分)
  [checkpoint] gen 135 時点のベスト重みを ev3way_w1.npy/ev3way_w2.npy に中間保存しました
